02-28 23:06:00.529  9457  9887 I BLASTBufferQueue: [VRI[MainActivity]@f4bb401#6](f:0,a:0,s:0) onFrameAvailable the first frame is available
02-28 23:06:00.529  9457  9887 I SurfaceComposerClient: apply transaction with the first frame. layerId: 180906, bufferData(ID: 40617505718533, frameNumber: 1)
02-28 23:06:00.529  9457  9887 I VRI[MainActivity]@f4bb401: Received frameCommittedCallback lastAttemptedDrawFrameNum=1 didProduceBuffer=true
02-28 23:06:00.530  1866  4366 I SurfaceFlinger: [com.jjundev.oneclickeng/com.jjundev.oneclickeng.activity.MainActivity$_9457#180906] setTransactionState with the first frame. bufferData(ID: 40617505718533, frameNumber: 1)
02-28 23:06:00.530  9457  9887 D HWUI    : CFMS:: SetUp Pid : 9457    Tid : 9887
02-28 23:06:00.530  9457  9457 D VRI[MainActivity]@f4bb401: reportDrawFinished seqId=0
02-28 23:06:00.530  2826  4671 D WindowManager: finishDrawingWindow: Window{3d04a63 u0 com.jjundev.oneclickeng/com.jjundev.oneclickeng.activity.MainActivity} mDrawState=DRAW_PENDING seqId=0
02-28 23:06:00.530  2826  2881 D SurfaceComposerClient: setCornerRadius ## 3d04a63 com.jjundev.oneclickeng/com.jjundev.oneclickeng.activity.MainActivity#180905 cornerRadius=0.000000
02-28 23:06:00.531  9457  9887 D HWUI    : HWUI - treat SMPTE_170M as sRGB
02-28 23:06:00.531  2826  2881 D SurfaceComposerClient: setCornerRadius ## 3d04a63 com.jjundev.oneclickeng/com.jjundev.oneclickeng.activity.MainActivity#180905 cornerRadius=0.000000
02-28 23:06:00.531  2826  2881 V WindowManager: SyncGroup 12569: Finished!
02-28 23:06:00.531  9457  9457 I InsetsSourceConsumer: applyRequestedVisibilityToControl: visible=true, type=statusBars, host=com.jjundev.oneclickeng/com.jjundev.oneclickeng.activity.MainActivity
02-28 23:06:00.531  2826  2881 I SemDvfsHyPerManager: acquire hyper - AMS_RESUME_TAIL/2826@16, type = -999
02-28 23:06:00.531  2826  2881 I SemDvfsHyPerManager: acquire hyper - AMS_ACT_LAZY/2826@17, type = -999
02-28 23:06:00.531  9457  9457 I InsetsSourceConsumer: applyRequestedVisibilityToControl: visible=true, type=navigationBars, host=com.jjundev.oneclickeng/com.jjundev.oneclickeng.activity.MainActivity
02-28 23:06:00.531  2826  2881 D ActivityManagerPerformance: AMP_acquire() TAIL
02-28 23:06:00.531  2826  2881 D ActivityManagerPerformance: AMP_release() ACT_START
02-28 23:06:00.532  2826  2881 V WindowManager: performShowLocked: mDrawState=HAS_DRAWN in Window{3d04a63 u0 com.jjundev.oneclickeng/com.jjundev.oneclickeng.activity.MainActivity}
02-28 23:06:00.532  2826  2881 D ChangeTransitionController: onTransactionReady: TransitionRecord{c2910da id=12569 type=OPEN flags=0x0 c=[
02-28 23:06:00.532  2826  2881 D ChangeTransitionController:    ChangeInfo{59760a6 container=Display{#0 state=ON size=1080x2340 ROTATION_0} flags=0x0}
02-28 23:06:00.532  2826  2881 D ChangeTransitionController:    ChangeInfo{74aeae7 container=ActivityRecord{54184203 u0 com.jjundev.oneclickeng/.activity.LoginActivity t8086 f}} flags=0x0}
02-28 23:06:00.532  2826  2881 D ChangeTransitionController:    ChangeInfo{4229694 container=Task{544d096 #8086 type=standard A=10547:com.jjundev.oneclickeng} flags=0x0}
02-28 23:06:00.532  2826  2881 D ChangeTransitionController:    ChangeInfo{713653d container=DefaultTaskDisplayArea_d0@91769952 flags=0x0}
02-28 23:06:00.532  2826  2881 D ChangeTransitionController:    ChangeInfo{3aa2db container=ActivityRecord{167450425 u0 com.jjundev.oneclickeng/.activity.MainActivity t8086} flags=0x0}
02-28 23:06:00.532  2826  2881 D ChangeTransitionController:    ChangeInfo{6f84178 container=ActivityRecord{218961837 u0 com.jjundev.oneclickeng/.activity.MainActivity t8086} flags=0x0}
02-28 23:06:00.532  2826  2881 D ChangeTransitionController: ]
02-28 23:06:00.532  2826  2881 D ChangeTransitionController: }
02-28 23:06:00.532  1866  1980 I SurfaceFlinger: id=180899 Removed Surface(name=98c5f7c StatusBar)/@0x1dd4b36 - animation-leash of insets_animation#180899 (218)
02-28 23:06:00.532  1762  1809 I HYPER-HAL: [RequestManager.cpp]acquire(): Acquired ID : 4039919  [2826 / 16]    HINT : AMS_RESUME_TAIL    list : 
02-28 23:06:00.532  2826  2881 V WindowManager: Start calculating TransitionInfo based on participants: {ActivityRecord{54184203 u0 com.jjundev.oneclickeng/.activity.LoginActivity t8086 f}}, ActivityRecord{167450425 u0 com.jjundev.oneclickeng/.activity.MainActivity t8086}, ActivityRecord{218961837 u0 com.jjundev.oneclickeng/.activity.MainActivity t8086}}
02-28 23:06:00.532  1866  1980 I SurfaceFlinger: id=180900 Removed Surface(name=6077073 NavigationBar0)/@0x5aae4c2 - animation-leash of insets_animation#180900 (218)
02-28 23:06:00.532  2826  2881 V WindowManager:   Final targets: [ChangeInfo{6f84178 container=ActivityRecord{218961837 u0 com.jjundev.oneclickeng/.activity.MainActivity t8086} flags=0x0}, ChangeInfo{3aa2db container=ActivityRecord{167450425 u0 com.jjundev.oneclickeng/.activity.MainActivity t8086} flags=0x0}]
02-28 23:06:00.532  1866  1980 I SurfaceFlinger: id=180909 createSurf, flag=84004, Transition Root: ActivityRecord{218961837 u0 com.jjundev.oneclickeng/.activity.MainActivity t8086}#180909
02-28 23:06:00.533  1807  1807 E ANDR-PERF-MPCTL: ANDR-PERF-MPCTL: internal_perf_lock_acq_verification() 385: Perflock Submit request limit reached.
02-28 23:06:00.533  1807  1807 E ANDR-PERF-MPCTL: ANDR-PERF-MPCTL: internal_perf_lock_acq_verification() 385: Perflock Submit request limit reached.
02-28 23:06:00.533  1807  1807 E ANDR-PERF-MPCTL: ANDR-PERF-MPCTL: internal_perf_lock_acq_verification() 385: Perflock Submit request limit reached.
02-28 23:06:00.534  2826  2881 I SurfaceControlRegistry: show, t=StartTransaction_SyncId<12569> sc=ActivityRecord{218961837 u0 com.jjundev.oneclickeng/.activity.MainActivity t8086}, caller=android.view.SurfaceControl$Transaction.show:3557 com.android.server.wm.Transition.onTransactionReady:2048 com.android.server.wm.BLASTSyncEngine$SyncGroup.finishNow:240 com.android.server.wm.BLASTSyncEngine.onSurfacePlacement:263 com.android.server.wm.RootWindowContainer.performSurfacePlacementNoTrace:1083 com.android.server.wm.WindowSurfacePlacer.performSurfacePlacement:166 
02-28 23:06:00.534  2826  2881 D SurfaceComposerClient: setCornerRadius ## ActivityRecord{167450425 u0 com.jjundev.oneclickeng/.activity.MainActivity t8086}#180871 cornerRadius=0.000000
02-28 23:06:00.534  2826  2881 D SurfaceComposerClient: setCornerRadius ## ActivityRecord{218961837 u0 com.jjundev.oneclickeng/.activity.MainActivity t8086}#180904 cornerRadius=0.000000
02-28 23:06:00.534  1762  1809 I HYPER-HAL: [RequestManager.cpp]acquire(): Acquired ID : 4042763  [2826 / 17]    HINT : AMS_ACT_LAZY    list : 
02-28 23:06:00.534  2826  2881 V WindowManager: Calling onTransitionReady: {id=12569 t=OPEN f=0x0 trk=0 r=[0@Point(0, 0)] c=[
02-28 23:06:00.534  2826  2881 V WindowManager:         {m=OPEN f=FILLS_TASK|IS_ACTIVITY leash=Surface(name=ActivityRecord{218961837 u0 com.jjundev.oneclickeng/.activity.MainActivity t8086})/@0x676a051 sb=Rect(0, 0 - 0, 0) eb=Rect(0, 0 - 1080, 2340) epz=Point(1080, 2340) d=-1->0 r=-1->0:-1 bc=ff121212 component=com.jjundev.oneclickeng/.activity.MainActivity opt={t=FROM_STYLE mUserId=0} inset=Rect(0, 0 - 0, 0) dim=true taskIdForActivity=8086},
02-28 23:06:00.534  2826  2881 V WindowManager:         {m=TO_BACK f=FILLS_TASK|IS_ACTIVITY leash=Surface(name=ActivityRecord{167450425 u0 com.jjundev.oneclickeng/.activity.MainActivity t8086})/@0x6315be1 sb=Rect(0, 0 - 1080, 2340) eb=Rect(0, 0 - 1080, 2340) epz=Point(1080, 2340) d=0 bc=ff121212 component=com.jjundev.oneclickeng/.activity.MainActivity opt={t=FROM_STYLE mUserId=0} inset=Rect(0, 0 - 0, 0) taskIdForActivity=8086}
02-28 23:06:00.534  2826  2881 V WindowManager:     ]}
02-28 23:06:00.534  1866  1866 I SurfaceFlinger: destroyed Surface(name=98c5f7c StatusBar)/@0x1dd4b36 - animation-leash of insets_animation#180899 form LifecycleManager
02-28 23:06:00.534  1866  1866 I SurfaceFlinger: destroyed Surface(name=6077073 NavigationBar0)/@0x5aae4c2 - animation-leash of insets_animation#180900 form LifecycleManager
02-28 23:06:00.534  2826  2881 D PowerManagerService: [api] setPowerBoost(L) boost:0, durationMs:0, caller (uid: 1000 pid: 2826) <- m() in com.android.server.display.DisplayManagerService$BinderService$$ExternalSyntheticOutline0:1
02-28 23:06:00.534  1866  1866 I SurfaceFlinger: [Transition Root: ActivityRecord{218961837 u0 com.jjundev.oneclickeng/.activity.MainActivity t8086}#180909] attach to parent LayerHierarchy{RequestedLayerState{Task=8086#180806 parentId=10 z=16} 5 children}
02-28 23:06:00.534  1866  1866 I SurfaceFlinger: id=180899 onLayerDestroyed from LayerHierarchyBuilder(RequestedLayerState{Surface(name=98c5f7c StatusBar)/@0x1dd4b36 - animation-leash of insets_animation#180899 !handle})
02-28 23:06:00.535  1866  1866 I SurfaceFlinger: id=180900 onLayerDestroyed from LayerHierarchyBuilder(RequestedLayerState{Surface(name=6077073 NavigationBar0)/@0x5aae4c2 - animation-leash of insets_animation#180900 !handle})
02-28 23:06:00.535  2826  2881 I ActivityTaskManager: done cause=notifyTransitionStarting drawn timestamp=474833543354333 info=TransitionInfo{c3691b7 a=ActivityRecord{218961837 u0 com.jjundev.oneclickeng/.activity.MainActivity t8086} d=true}
02-28 23:06:00.535  2826  2881 D RestrictionPolicy: isScreenCaptureEnabled : ret=true userId=0
02-28 23:06:00.535  1807  1807 E ANDR-PERF-MPCTL: ANDR-PERF-MPCTL: internal_perf_lock_acq_verification() 385: Perflock Submit request limit reached.
02-28 23:06:00.535  2826  2881 D ScreenCapture: [Capture_TEST] : setIsScreenShotBySystem false
02-28 23:06:00.535  2826  2877 I ActivityTaskManager: Displayed com.jjundev.oneclickeng/.activity.MainActivity for user 0: +178ms
02-28 23:06:00.535  2826  2877 I Pageboost: Launch time gathered : pid 9457 com.jjundev.oneclickeng 178
02-28 23:06:00.535  2826  2881 I SurfaceComposerClient: captureLayers:childrenOnly:1, sync:1
02-28 23:06:00.535  4902  4902 E pageboostd: Received HALT command code 2
02-28 23:06:00.535  3759  4659 V WindowManagerShell: onTransitionReady(transaction=12137578667963)
02-28 23:06:00.535  3759  3805 V WindowManagerShell: onTransitionReady (#12569) android.os.BinderProxy@1b2f239: {id=12569 t=OPEN f=0x0 trk=0 r=[0@Point(0, 0)] c=[
02-28 23:06:00.535  3759  3805 V WindowManagerShell:         {m=OPEN f=FILLS_TASK|IS_ACTIVITY leash=Surface(name=ActivityRecord{218961837 u0 com.jjundev.oneclickeng/.activity.MainActivity t8086})/@0xa40462c sb=Rect(0, 0 - 0, 0) eb=Rect(0, 0 - 1080, 2340) epz=Point(1080, 2340) d=-1->0 r=-1->0:-1 bc=ff121212 component=com.jjundev.oneclickeng/.activity.MainActivity opt={t=FROM_STYLE mUserId=0} inset=Rect(0, 0 - 0, 0) dim=true taskIdForActivity=8086},
02-28 23:06:00.535  3759  3805 V WindowManagerShell:         {m=TO_BACK f=FILLS_TASK|IS_ACTIVITY leash=Surface(name=ActivityRecord{167450425 u0 com.jjundev.oneclickeng/.activity.MainActivity t8086})/@0x4c778f5 sb=Rect(0, 0 - 1080, 2340) eb=Rect(0, 0 - 1080, 2340) epz=Point(1080, 2340) d=0 bc=ff121212 component=com.jjundev.oneclickeng/.activity.MainActivity opt={t=FROM_STYLE mUserId=0} inset=Rect(0, 0 - 0, 0) taskIdForActivity=8086}
02-28 23:06:00.535  3759  3805 V WindowManagerShell:     ]}
02-28 23:06:00.536  1807  1807 E ANDR-PERF-MPCTL: ANDR-PERF-MPCTL: internal_perf_lock_acq_verification() 385: Perflock Submit request limit reached.
02-28 23:06:00.536  1807  1807 E ANDR-PERF-MPCTL: ANDR-PERF-MPCTL: internal_perf_lock_acq_verification() 385: Perflock Submit request limit reached.
02-28 23:06:00.536  1807  1807 E ANDR-PERF-MPCTL: ANDR-PERF-MPCTL: internal_perf_lock_acq_verification() 385: Perflock Submit request limit reached.
02-28 23:06:00.536  3759  3805 V ShellDesktopMode: DesktopModeLogger: taskInfo map after processing changes 0
02-28 23:06:00.537  1866  1866 I Layer   : id=180899 Destroyed Surface(name=98c5f7c StatusBar)/@0x1dd4b36 - animation-leash of insets_animation#180899
02-28 23:06:00.537  1866  1866 I Layer   : id=180900 Destroyed Surface(name=6077073 NavigationBar0)/@0x5aae4c2 - animation-leash of insets_animation#180900
02-28 23:06:00.537  3759  3805 I SurfaceControlRegistry: hide, t=FinishTransaction_SyncId<12569> sc=ActivityRecord{167450425 u0 com.jjundev.oneclickeng/.activity.MainActivity t8086}, caller=android.view.SurfaceControl$Transaction.hide:3583 com.android.wm.shell.transition.Transitions.dispatchReady:1263 com.android.wm.shell.transition.Transitions.onTransitionReady:251 com.android.wm.shell.transition.Transitions$TransitionPlayerImpl$$ExternalSyntheticLambda0.run:13 android.os.Handler.handleCallback:995 android.os.Handler.dispatchMessage:103 
02-28 23:06:00.537  3759  3805 I SurfaceControlRegistry: show, t=StartTransaction_SyncId<12569> sc=ActivityRecord{218961837 u0 com.jjundev.oneclickeng/.activity.MainActivity t8086}, caller=android.view.SurfaceControl$Transaction.show:3557 com.android.wm.shell.transition.Transitions.dispatchReady:1279 com.android.wm.shell.transition.Transitions.onTransitionReady:251 com.android.wm.shell.transition.Transitions$TransitionPlayerImpl$$ExternalSyntheticLambda0.run:13 android.os.Handler.handleCallback:995 android.os.Handler.dispatchMessage:103 
02-28 23:06:00.537  3759  3805 I SurfaceControlRegistry: show, t=FinishTransaction_SyncId<12569> sc=ActivityRecord{218961837 u0 com.jjundev.oneclickeng/.activity.MainActivity t8086}, caller=android.view.SurfaceControl$Transaction.show:3557 com.android.wm.shell.transition.Transitions.dispatchReady:1330 com.android.wm.shell.transition.Transitions.onTransitionReady:251 com.android.wm.shell.transition.Transitions$TransitionPlayerImpl$$ExternalSyntheticLambda0.run:13 android.os.Handler.handleCallback:995 android.os.Handler.dispatchMessage:103 
02-28 23:06:00.537  3759  3805 V WindowManagerShell: Playing animation for (#12569) android.os.BinderProxy@1b2f239@0
02-28 23:06:00.537  1807  1807 E ANDR-PERF-MPCTL: ANDR-PERF-MPCTL: internal_perf_lock_acq_verification() 385: Perflock Submit request limit reached.
02-28 23:06:00.537  3759  3805 I SurfaceControlRegistry: show, t=StartTransaction_SyncId<12569> sc=Transition Root: ActivityRecord{218961837 u0 com.jjundev.oneclickeng/.activity.MainActivity t8086}, caller=android.view.SurfaceControl$Transaction.show:3557 com.android.wm.shell.transition.Transitions.playTransition:79 com.android.wm.shell.transition.Transitions.processReadyQueue:239 com.android.wm.shell.transition.Transitions.dispatchReady:1352 com.android.wm.shell.transition.Transitions.onTransitionReady:251 com.android.wm.shell.transition.Transitions$TransitionPlayerImpl$$ExternalSyntheticLambda0.run:13 
02-28 23:06:00.538 15969 13732 D AdvertisingIdClient: AdvertisingIdClient already created.
02-28 23:06:00.538 15969 13732 D AdvertisingIdClient: AdvertisingIdClient is not bounded. Starting to bind it...
02-28 23:06:00.538  3759  3805 V ShellRecents: RecentsTransitionHandler.startAnimation: no controller found
02-28 23:06:00.538  1762  1809 I HYPER-HAL: [RequestManager.cpp]releaseLocked(): Released ID : 4059848
02-28 23:06:00.538  3759  3805 V ShellDesktopMode: DesktopMixedTransitionHandler: No pending desktop transition
02-28 23:06:00.538  3759  3805 V WindowManagerShell: Transition doesn't have explicit remote, search filters for match for {id=12569 t=OPEN f=0x0 trk=0 r=[0@Point(0, 0)] c=[{m=OPEN f=FILLS_TASK|IS_ACTIVITY leash=Surface(name=ActivityRecord{218961837 u0 com.jjundev.oneclickeng/.activity.MainActivity t8086})/@0xa40462c sb=Rect(0, 0 - 0, 0) eb=Rect(0, 0 - 1080, 2340) epz=Point(1080, 2340) d=-1->0 r=-1->0:-1 bc=ff121212 component=com.jjundev.oneclickeng/.activity.MainActivity opt={t=FROM_STYLE mUserId=0} inset=Rect(0, 0 - 0, 0) dim=true taskIdForActivity=8086},{m=TO_BACK f=FILLS_TASK|IS_ACTIVITY leash=Surface(name=ActivityRecord{167450425 u0 com.jjundev.oneclickeng/.activity.MainActivity t8086})/@0x4c778f5 sb=Rect(0, 0 - 1080, 2340) eb=Rect(0, 0 - 1080, 2340) epz=Point(1080, 2340) d=0 bc=ff121212 component=com.jjundev.oneclickeng/.activity.MainActivity opt={t=FROM_STYLE mUserId=0} inset=Rect(0, 0 - 0, 0) taskIdForActivity=8086}]}
02-28 23:06:00.538  3759  3805 V WindowManagerShell:  Checking filter Pair{{types=[] flags=0x0] notFlags=0x100 checks=[{atype=home independent=true modes=[OPEN,TO_FRONT] flags=NONE mustBeTask=false order=TOP topActivity=ComponentInfo{com.sec.android.app.launcher/com.sec.android.app.launcher.Launcher} launchCookie=null windowingMode=undefined},{atype=recents independent=true modes=[CLOSE,TO_BACK] flags=NONE mustBeTask=false order=ANY topActivity=null launchCookie=null windowingMode=undefined}]} RemoteTransition { remoteTransition = android.window.IRemoteTransition$Stub$Proxy@a6219c2, appThread = android.app.IApplicationThread$Stub$Proxy@daa43d3, debugName = QuickstepLaunchHomeFromRecentsflags =NONE }}
02-28 23:06:00.538  3759  3805 V WindowManagerShell:  Checking filter Pair{{types=[] flags=0x0] notFlags=0x100 checks=[{atype=home independent=true modes=[OPEN,TO_FRONT] flags=NONE mustBeTask=false order=TOP topActivity=ComponentInfo{com.sec.android.app.launcher/com.sec.android.app.launcher.Launcher} launchCookie=null windowingMode=undefined},{atype=standard independent=true modes=[CLOSE,TO_BACK] flags=NONE mustBeTask=false order=ANY topActivity=null launchCookie=null windowingMode=undefined}]} RemoteTransition { remoteTransition = android.window.IRemoteTransition$Stub$Proxy@a5b5b10, appThread = android.app.IApplicationThread$Stub$Proxy@d04d609, debugName = QuickstepLaunchHomeflags =NONE }}
02-28 23:06:00.538  3759  3805 V WindowManagerShell:  Delegate animation for (#12569) to null
02-28 23:06:00.538  3759  3805 V WindowManagerShell: start default transition animation, info = {id=12569 t=OPEN f=0x0 trk=0 r=[0@Point(0, 0)] c=[{m=OPEN f=FILLS_TASK|IS_ACTIVITY leash=Surface(name=ActivityRecord{218961837 u0 com.jjundev.oneclickeng/.activity.MainActivity t8086})/@0xa40462c sb=Rect(0, 0 - 0, 0) eb=Rect(0, 0 - 1080, 2340) epz=Point(1080, 2340) d=-1->0 r=-1->0:-1 bc=ff121212 component=com.jjundev.oneclickeng/.activity.MainActivity opt={t=FROM_STYLE mUserId=0} inset=Rect(0, 0 - 0, 0) dim=true taskIdForActivity=8086},{m=TO_BACK f=FILLS_TASK|IS_ACTIVITY leash=Surface(name=ActivityRecord{167450425 u0 com.jjundev.oneclickeng/.activity.MainActivity t8086})/@0x4c778f5 sb=Rect(0, 0 - 1080, 2340) eb=Rect(0, 0 - 1080, 2340) epz=Point(1080, 2340) d=0 bc=ff121212 component=com.jjundev.oneclickeng/.activity.MainActivity opt={t=FROM_STYLE mUserId=0} inset=Rect(0, 0 - 0, 0) taskIdForActivity=8086}]}
02-28 23:06:00.539  3759  3805 V WindowManagerShell: loadAnimation: anim=android.view.animation.AnimationSet@863af71 animAttr=0x5 type=OPEN isEntrance=false
02-28 23:06:00.539  3759  3805 V WindowManagerShell:    wallpaperTransit=WALLPAPER_NONE translucent=false
02-28 23:06:00.539  3759  3805 V WindowManagerShell:    change={m=TO_BACK f=FILLS_TASK|IS_ACTIVITY leash=Surface(name=ActivityRecord{167450425 u0 com.jjundev.oneclickeng/.activity.MainActivity t8086})/@0x4c778f5 sb=Rect(0, 0 - 1080, 2340) eb=Rect(0, 0 - 1080, 2340) epz=Point(1080, 2340) d=0 bc=ff121212 component=com.jjundev.oneclickeng/.activity.MainActivity opt={t=FROM_STYLE mUserId=0} inset=Rect(0, 0 - 0, 0) taskIdForActivity=8086}
02-28 23:06:00.539  3759  3805 D SurfaceComposerClient: [ActivityRecord{167450425 u0 com.jjundev.oneclickeng/.activity.MainActivity t8086}#180871] setEdgeExtension Right
02-28 23:06:00.540  3759  3805 V WindowManagerShell: loadAnimation: anim=android.view.animation.AnimationSet@3cb05d7 animAttr=0x4 type=OPEN isEntrance=true
02-28 23:06:00.540  3759  3805 V WindowManagerShell:    wallpaperTransit=WALLPAPER_NONE translucent=false
02-28 23:06:00.540  3759  3805 V WindowManagerShell:    change={m=OPEN f=FILLS_TASK|IS_ACTIVITY leash=Surface(name=ActivityRecord{218961837 u0 com.jjundev.oneclickeng/.activity.MainActivity t8086})/@0xa40462c sb=Rect(0, 0 - 0, 0) eb=Rect(0, 0 - 1080, 2340) epz=Point(1080, 2340) d=-1->0 r=-1->0:-1 bc=ff121212 component=com.jjundev.oneclickeng/.activity.MainActivity opt={t=FROM_STYLE mUserId=0} inset=Rect(0, 0 - 0, 0) dim=true taskIdForActivity=8086}
02-28 23:06:00.540  1866  1980 I SurfaceFlinger: id=180910 createSurf, flag=20004, DimTransitionLayer for Surface(name=ActivityRecord{218961837 u0 com.jjundev.oneclickeng/.activity.MainActivity t8086})/@0xa40462c#180910
02-28 23:06:00.541  3759  3805 I SurfaceControlRegistry: show, t=StartTransaction_SyncId<12569> sc=DimTransitionLayer for Surface(name=ActivityRecord{218961837 u0 com.jjundev.oneclickeng/.activity.MainActivity t8086})/@0xa40462c, caller=android.view.SurfaceControl$Transaction.show:3557 com.android.wm.shell.transition.DefaultTransitionHandler.startAnimation:2931 com.android.wm.shell.transition.Transitions.dispatchTransition:90 com.android.wm.shell.transition.Transitions.playTransition:774 com.android.wm.shell.transition.Transitions.processReadyQueue:239 com.android.wm.shell.transition.Transitions.dispatchReady:1352 
02-28 23:06:00.541  3759  3805 V WindowManagerShell: attach dim transition, change={m=OPEN f=FILLS_TASK|IS_ACTIVITY leash=Surface(name=ActivityRecord{218961837 u0 com.jjundev.oneclickeng/.activity.MainActivity t8086})/@0xa40462c sb=Rect(0, 0 - 0, 0) eb=Rect(0, 0 - 1080, 2340) epz=Point(1080, 2340) d=-1->0 r=-1->0:-1 bc=ff121212 component=com.jjundev.oneclickeng/.activity.MainActivity opt={t=FROM_STYLE mUserId=0} inset=Rect(0, 0 - 0, 0) dim=true taskIdForActivity=8086}
02-28 23:06:00.541  3759  3805 I SurfaceControlRegistry: apply, t=StartTransaction_SyncId<12569>, caller=android.view.SurfaceControl$Transaction.apply:3459 android.view.SurfaceControl$Transaction.apply:3447 android.view.SurfaceControl$Transaction.apply:3397 com.android.wm.shell.transition.DefaultTransitionHandler.startAnimation:3387 com.android.wm.shell.transition.Transitions.dispatchTransition:90 com.android.wm.shell.transition.Transitions.playTransition:774 
02-28 23:06:00.542  3759  3805 V WindowManagerShell:  animated by com.android.wm.shell.transition.DefaultTransitionHandler@55db302
02-28 23:06:00.543  1866  1866 I SurfaceFlinger: RequestedLayer [ActivityRecord{218961837 u0 com.jjun[...].activity.MainActivity t8086}#180904] hidden!! flag  from(1) --> to(0)
02-28 23:06:00.543  1866  1866 E SurfaceFlinger: alpha changed 1.000 -> 0.000 - ActivityRecord{218961837 u0 com.jjundev.oneclickeng/.activity.MainActivity t8086}#180904
02-28 23:06:00.543  1866  1866 I SurfaceFlinger: RequestedLayer [3d04a63 com.jjundev.oneclickeng/com.[...]lickeng.activity.MainActivity#180905] hidden!! flag  from(1) --> to(0)
02-28 23:06:00.543  1866  1866 I SurfaceFlinger: RequestedLayer [com.jjundev.oneclickeng/com.jjundev.[...]g.activity.MainActivity$_9457#180906] hidden!! flag  from(1) --> to(0)
02-28 23:06:00.543  1866  1866 I SurfaceFlinger: RequestedLayer [Transition Root: ActivityRecord{2189[...].activity.MainActivity t8086}#180909] hidden!! flag  from(1) --> to(0)
02-28 23:06:00.543  1866  1866 I SurfaceFlinger: RequestedLayer [DimTransitionLayer for Surface(name=[...]inActivity t8086})/@0xa40462c#180910] hidden!! flag  from(1) --> to(0)
02-28 23:06:00.543  1866  1866 E SurfaceFlinger: alpha changed 1.000 -> 0.000 - DimTransitionLayer for Surface(name=ActivityRecord{218961837 u0 com.jjundev.oneclickeng/.activity.MainActivity t8086})/@0xa40462c#180910
02-28 23:06:00.543  1866  1866 I SurfaceFlinger: [LayerHierarchy{RequestedLayerState{ActivityRecord{167450425 u0 com.jjundev.oneclickeng/.activity.MainActivity t8086}#180871 parentId=180909 z=2} 3 children}] reparent to LayerHierarchy{RequestedLayerState{Transition Root: ActivityRecord{218961837 u0 com.jjundev.oneclickeng/.activity.MainActivity t8086}#180909 parentId=180806 z=3} 1 children}
02-28 23:06:00.543  1866  1866 I SurfaceFlinger: [LayerHierarchy{RequestedLayerState{ActivityRecord{218961837 u0 com.jjundev.oneclickeng/.activity.MainActivity t8086}#180904 parentId=180909 z=5} 1 children}] reparent to LayerHierarchy{RequestedLayerState{Transition Root: ActivityRecord{218961837 u0 com.jjundev.oneclickeng/.activity.MainActivity t8086}#180909 parentId=180806 z=3} 2 children}
02-28 23:06:00.543  1866  1866 I SurfaceFlinger: [DimTransitionLayer for Surface(name=ActivityRecord{218961837 u0 com.jjundev.oneclickeng/.activity.MainActivity t8086})/@0xa40462c#180910] attach to parent LayerHierarchy{RequestedLayerState{Transition Root: ActivityRecord{218961837 u0 com.jjundev.oneclickeng/.activity.MainActivity t8086}#180909 parentId=180806 z=3} 3 children}
02-28 23:06:00.543 15969 13732 D AdvertisingIdClient: AdvertisingIdClient is bounded
02-28 23:06:00.544  1866  4366 I SurfaceFlinger: Capture layer list: 	 com.jjundev.oneclickeng/com.jjundev.oneclickeng.activity.MainActivity$_9457#180873(seamlessTransition:0)
02-28 23:06:00.544 15969 13732 I AdvertisingIdClient: shouldSendLog 812200418
02-28 23:06:00.544 15969 13732 I AdvertisingIdClient: GetInfoInternal elapse 6ms
02-28 23:06:00.544  1866  1993 D RenderEngine: [SEC_SF_EFFECTS] drawLayersInternal,1483, Rendering layer ScreenCaptureFillLayer at index 0
02-28 23:06:00.544  1866  1993 D RenderEngine: [SEC_SF_EFFECTS] drawLayersInternal,1483, Rendering layer com.jjundev.oneclickeng/com.jjundev.oneclickeng.activity.MainActivity$_9457#180873 at index 1
02-28 23:06:00.547  2826  2881 D SurfaceComposerClient: setCornerRadius ## 3d04a63 com.jjundev.oneclickeng/com.jjundev.oneclickeng.activity.MainActivity#180905 cornerRadius=0.000000
02-28 23:06:00.548  2826  2877 V WindowManager: Sent Transition (#12569) createdAt=02-28 23:06:00.356 via request=TransitionRequestInfo { type = OPEN, triggerTask = TaskInfo{userId=0 taskId=8086 effectiveUid=10547 displayId=0 isRunning=true baseIntent=Intent { act=android.intent.action.MAIN cat=[android.intent.category.LAUNCHER] flg=0x10000000 cmp=com.jjundev.oneclickeng/.activity.LoginActivity } baseActivity=ComponentInfo{com.jjundev.oneclickeng/com.jjundev.oneclickeng.activity.MainActivity} topActivity=ComponentInfo{com.jjundev.oneclickeng/com.jjundev.oneclickeng.activity.LoginActivity} origActivity=null realActivity=ComponentInfo{com.jjundev.oneclickeng/com.jjundev.oneclickeng.activity.LoginActivity} numActivities=3 lastActiveTime=812653789 supportsMultiWindow=true resizeMode=1 isResizeable=true minWidth=-1 minHeight=-1 maxWidth=-1 maxHeight=-1 defaultMinSize=220 desktopDefaultMinSize=304 token=WCT{RemoteToken{d276981 Task{544d096 #8086 type=standard A=10547:com.jjundev.oneclickeng}}} topActivityType=1 pictureInPictureParams=null shouldDockBigOverlays=false launchIntoPipHostTaskId=-1 lastParentTaskIdBeforePip=-1 displayCutoutSafeInsets=Rect(0, 0 - 0, 0) topActivityInfo=ActivityInfo{65fccbc com.jjundev.oneclickeng.activity.LoginActivity} launchCookies=[] positionInParent=Point(0, 0) parentTaskId=-1 isFocused=true isVisible=true isVisibleRequested=true isTopActivityNoDisplay=false isSleeping=false locusId=null displayAreaFeatureId=1 isTopActivityTransparent=false isActivityStackTransparent=false lastNonFullscreenBounds=Rect(81, 625 - 999, 1795) capturedLink=null capturedLinkTimestamp=0 requestedVisibleTypes=-9 topActivityRequestOpenInBrowserEducationTimestamp=0 appCompatTaskInfo=AppCompatTaskInfo { topActivityInSizeCompat=false eligibleForLetterboxEducation= false isLetterboxEducationEnabled= false isLetterboxDoubleTapEnabled= false eligibleForUserAspectRatioButton= false topActivityBoundsLetterboxed= false isFromLetterboxDoubleTap= false topActivityLetterboxVerticalPosition= -1 topActivityLetterboxHorizontalPosition= -1 topActivityLetterboxWidth=-1 topActivityLetterboxHeight=-1 topActivityAppBounds=Rect(0, 0 - 1080, 2340) isUserFullscreenOverrideEnabled=false isSystemFullscreenOverrideEnabled=false hasMinAspectRatioOverride=false topActivityLetterboxBounds=null cameraCompatTaskInfo=CameraCompatTaskInfo { freeformCameraCompatMode=inactive} topActivityBounds=null topActivityInDisplayCompat=false singleTapFromLetterbox=false} topActivityMainWindowFrame=null originallySupportedMultiWindow=true hasWallpaper=false rootAffinity=10547:com.jjundev.oneclickeng isTopTaskInStage=false CoverLauncherWidgetTask=false LaunchedFromAppsCoverLauncherTask=false LaunchedFromMultistarCoverLauncherTask=false isAllowedSeamlessRotation=false isTopTransparentActivity=false isAliasManaged=false hasConfigChanged=false snappingGuideBounds=null isAiKeyRemoveAppTask=false lastDesktopWindowingBounds=null lastExternalDesktopWindowingBounds=null safeCutoutInsets=null}, pipChange = null, remoteTransition = null, displayChange = null, flags = 0, debugId = 12569 }
02-28 23:06:00.548  2826  2881 D SurfaceComposerClient: setCornerRadius ## 3d04a63 com.jjundev.oneclickeng/com.jjundev.oneclickeng.activity.MainActivity#180905 cornerRadius=0.000000
02-28 23:06:00.548  2826  2877 V WindowManager:     startWCT=WindowContainerTransaction { changes= {} hops= [] errorCallbackToken=null taskFragmentOrganizer=null }
02-28 23:06:00.548  2826  2877 V WindowManager:     info={id=12569 t=OPEN f=0x0 trk=0 r=[0@Point(0, 0)] c=[
02-28 23:06:00.548  2826  2877 V WindowManager:         {m=OPEN f=FILLS_TASK|IS_ACTIVITY leash=Surface(name=ActivityRecord{218961837 u0 com.jjundev.oneclickeng/.activity.MainActivity t8086})/@0x676a051 sb=Rect(0, 0 - 0, 0) eb=Rect(0, 0 - 1080, 2340) epz=Point(1080, 2340) d=-1->0 r=-1->0:-1 bc=ff121212 component=com.jjundev.oneclickeng/.activity.MainActivity opt={t=FROM_STYLE mUserId=0} inset=Rect(0, 0 - 0, 0) dim=true taskIdForActivity=8086},
02-28 23:06:00.548  2826  2877 V WindowManager:         {m=TO_BACK f=FILLS_TASK|IS_ACTIVITY leash=Surface(name=ActivityRecord{167450425 u0 com.jjundev.oneclickeng/.activity.MainActivity t8086})/@0x6315be1 sb=Rect(0, 0 - 1080, 2340) eb=Rect(0, 0 - 1080, 2340) epz=Point(1080, 2340) d=0 bc=ff121212 component=com.jjundev.oneclickeng/.activity.MainActivity opt={t=FROM_STYLE mUserId=0} inset=Rect(0, 0 - 0, 0) taskIdForActivity=8086}
02-28 23:06:00.548  2826  2877 V WindowManager:     ]}
02-28 23:06:00.549 25943 25943 D BoundBrokerSvc: onRebind: Intent { act=com.google.android.gms.presencemanager.service.START dat=chimera-action:/... xflg=0x4 cmp=com.google.android.gms/.chimera.PersistentApiService }
02-28 23:06:00.550  1866  4705 D NativeSemDvfsManager: acquire:: timeout = 2000 mIsAcquired = 1  mTagName : SurfaceFlinger 
02-28 23:06:00.550  1866  4705 E NativeCustomFrequencyManager: [NativeCFMS] BpCustomFrequencyManager::acquire()
02-28 23:06:00.551  1866  1866 E SurfaceFlinger: alpha changed 0.000 -> 1.000 - ActivityRecord{218961837 u0 com.jjundev.oneclickeng/.activity.MainActivity t8086}#180904
02-28 23:06:00.551  1762  1809 I HYPER-HAL: [RequestManager.cpp]acquire(): Acquired ID : 4109411  [1866 / 1000]    HINT : SF_GPU_MINLOCK    list : [TIMEOUT / 2000] 
02-28 23:06:00.551  1866  4366 I SurfaceFlinger: id=180911 createSurf, flag=84000, 962ccc4 ActivityRecordInputSink com.jjundev.oneclickeng/.activity.MainActivity#180911
02-28 23:06:00.551  1866  1866 D SurfaceFlinger: GPIS:: requestGPISForClientComposition
02-28 23:06:00.554  7123 22904 I SDHMS:k : onTaskStackChanged
02-28 23:06:00.555  2826  6472 D InputDispatcher: Focus entered window (0): 3d04a63 com.jjundev.oneclickeng/com.jjundev.oneclickeng.activity.MainActivity
02-28 23:06:00.555  9457  9457 D VRI[MainActivity]@f4bb401: mThreadedRenderer.initializeIfNeeded()#2 mSurface={isValid=true 0xb400007920a30f00}
02-28 23:06:00.555  4232 11077 I HoneySpace.RecentTasks: onRecentTasksChanged
02-28 23:06:00.556  9457  9457 D InputMethodManagerUtils: startInputInner - Id : 0
02-28 23:06:00.556  9457  9457 I InputMethodManager: startInputInner - IInputMethodManagerGlobalInvoker.startInputOrWindowGainedFocus
02-28 23:06:00.556  2826  3471 V InputMethodManagerService: startInputOrWindowGainedFocusInternalLocked: reason=WINDOW_FOCUS_GAIN client=android.os.BinderProxy@cbe743f inputContext=null editorInfo=android.view.inputmethod.EditorInfo@c93a445 startInputFlags=VIEW_HAS_FOCUS|INITIAL_CONNECTION softInputMode=STATE_UNSPECIFIED|ADJUST_PAN|IS_FORWARD_NAVIGATION windowFlags=#81810100 unverifiedTargetSdkVersion=36 bindingController=com.android.server.inputmethod.InputMethodBindingController@8283f8b imeDispatcher=android.window.ImeOnBackInvokedDispatcher@948279a cs=ClientState{38967f9 mUid=10547 mPid=9457 mSelfReportedDisplayId=0} imeRequestedVisible=false
02-28 23:06:00.557  2826  3471 V InputMethodManagerService: setWindowStateInner, windowToken=android.os.BinderProxy@d78e092, state=ImeTargetWindowState{ imeToken null imeFocusChanged true hasEditorFocused false requestedImeVisible false imeDisplayId 0 softInputModeState STATE_UNSPECIFIED|ADJUST_PAN|IS_FORWARD_NAVIGATION isStartInputByGainFocus true}
02-28 23:06:00.557  2826  3471 V InputMethodManagerService: Unspecified window will hide input
02-28 23:06:00.557  2826  3471 I ImeTracker: com.jjundev.oneclickeng:75c02985: onRequestHide at ORIGIN_SERVER reason HIDE_UNSPECIFIED_WINDOW fromUser false
02-28 23:06:00.557  2826  3471 V InputMethodManagerService: applyImeVisibility state=6
02-28 23:06:00.557  2826  3471 D SemInputMethodManagerServiceUtil: restorePreviousUsedInputMethod : failed to return the previous ime becuase the stored info is null or do not need restore
02-28 23:06:00.557  2826  3471 V InputMethodManagerService: semComputeImeDisplayIdForTarget: displayToShowIme=0
02-28 23:06:00.557  2826  3471 V InputMethodManagerService: Creating new accessibility sessions for client ClientState{38967f9 mUid=10547 mPid=9457 mSelfReportedDisplayId=0}
02-28 23:06:00.557  2826  3471 D InputMethodManagerService: isImeSwitcherDisabledPackage : false
02-28 23:06:00.557  2826  3471 D InputMethodManagerService: shouldShowImeSwitcherLocked : checking vis : 3
02-28 23:06:00.557  2826  3471 D InputMethodManagerService: checkDisplayOfStartInputAndUpdateKeyboard: displayId=0, mFocusedDisplayId=0
02-28 23:06:00.557  9457  9457 I InputMethodManager: handleMessage: setImeVisibility visible=false
02-28 23:06:00.557  9457  9457 D InsetsController: hide(ime(), fromIme=false)
02-28 23:06:00.557  2826  3471 D InputTransport: Input channel constructed: 'ClientS', fd=1738
02-28 23:06:00.557  9457  9457 I ImeTracker: com.jjundev.oneclickeng:75c02985: onCancelled at PHASE_CLIENT_ALREADY_HIDDEN
02-28 23:06:00.557  9457 10377 D InputTransport: Input channel constructed: 'ClientS', fd=1225
02-28 23:06:00.557  2826  3471 D InputTransport: Input channel destroyed: 'ClientS', fd=1738
02-28 23:06:00.558  7306  7306 I HBD     : HoneyBoardService onFinishInput 
02-28 23:06:00.558  2826  3968 D RestrictionPolicy: isScreenCaptureEnabled : ret=true userId=0
02-28 23:06:00.558  2826  3968 I WindowManager: Cancelling animation restarting=true, leash=Surface(name=Surface(name=281b919 InputMethod)/@0xa4686bc - animation-leash of insets_animation)/@0xe60087e
02-28 23:06:00.558  2826  3968 I WindowManager: Reparenting to original parent: Surface(name=WindowToken{37cca22 type=2011 android.os.Binder@8d29bed})/@0xe7cd645, destroy=false, surface=Surface(name=281b919 InputMethod)/@0xa4686bc
02-28 23:06:00.558  7306  7306 I HBD     : a IC have been unbinding,  RemoteInputConnection{idHash=#5532eae}
02-28 23:06:00.558  2826  3968 I WindowManager: Reparenting to leash, surface=Surface(name=281b919 InputMethod)/@0xa4686bc, leashParent=Surface(name=WindowToken{37cca22 type=2011 android.os.Binder@8d29bed})/@0xe7cd645
02-28 23:06:00.558  7306  7306 I HBD     : HoneyBoardService [PF_CL][onFinishInput]  0 ms 
02-28 23:06:00.558  7306  7306 I HBD     : HoneyBoardService [IMI] onStartInput - caller pid : 9457 , caller uid : 10547 
02-28 23:06:00.558  1866  4366 I SurfaceFlinger: id=180912 createSurf, flag=24004, Surface(name=281b919 InputMethod)/@0xa4686bc - animation-leash of insets_animation#180912
02-28 23:06:00.558  7306  7306 I HBD     : r updateConfigs 
02-28 23:06:00.558  7306  7306 I HBD     : r isEnabledNightMode : true 
02-28 23:06:00.558  7306  7306 I HBD     : a IC have been binding, RemoteInputConnection{idHash=#5532eae} 
02-28 23:06:00.558  7306  7306 I HBD     : h [EditorInputType]setPrivateImeOptionsToTable privateImeOptions ( null )
02-28 23:06:00.558  7306  7306 I HBD     : b incognitoMode : false 
02-28 23:06:00.558  7306  7306 I HBD     : f needOff = true , isForceOff = false, isNullInputClass : true 
02-28 23:06:00.559  7306  7306 I HBD     : h getDefaultInputRange : UNKNOWN 
02-28 23:06:00.559  7306  7306 I HBD     : h getDefaultInputRange : UNKNOWN 
02-28 23:06:00.559  7306  7306 I HBD     : h getDefaultInputRange : UNKNOWN 
02-28 23:06:00.559  7306  7306 I HBD     : i [AiWriter] isChildBlockCase:
02-28 23:06:00.559 25943 25943 D BoundBrokerSvc: onRebind: Intent { act=com.google.android.gms.presencemanager.service.INTERNAL_IDENTITY dat=chimera-action:/... xflg=0x4 cmp=com.google.android.gms/.chimera.PersistentApiService }
02-28 23:06:00.559  1866  1866 I SurfaceFlinger: [962ccc4 ActivityRecordInputSink com.jjundev.oneclickeng/.activity.MainActivity#180911] attach to parent LayerHierarchy{RequestedLayerState{ActivityRecord{218961837 u0 com.jjundev.oneclickeng/.activity.MainActivity t8086}#180904 parentId=180909 z=5} 3 children}
02-28 23:06:00.559  1866  1866 I SurfaceFlinger: [Surface(name=281b919 InputMethod)/@0xa4686bc - animation-leash of insets_animation#180912] attach to parent LayerHierarchy{RequestedLayerState{WindowToken{37cca22 type=2011 android.os.Binder@8d29bed}#152 parentId=15} 2 children}
02-28 23:06:00.560  2826  3968 D WindowManager: makeSurface duration=1 leash=Surface(name=Surface(name=281b919 InputMethod)/@0xa4686bc - animation-leash of insets_animation)/@0x51af754
02-28 23:06:00.560  2826  3968 D InsetsSourceProvider: updateControlForTarget: control=InsetsSourceControl: {3 mType=ime mSurfacePosition=Point(0, 81) mInsetsHint=Insets{left=0, top=0, right=0, bottom=1026}}, target=Window{3d04a63 u0 com.jjundev.oneclickeng/com.jjundev.oneclickeng.activity.MainActivity}, from=com.android.server.wm.ImeInsetsSourceProvider.updateControlForTarget:17 com.android.server.wm.InsetsStateController.onControlTargetChanged:83 com.android.server.wm.DisplayContent.updateImeControlTarget:21 com.android.server.wm.DisplayContent.updateImeInputAndControlTarget:156 com.android.server.wm.WindowManagerService$LocalService.updateInputMethodTargetWindow:64 
02-28 23:06:00.560  2826  3968 I ImeTracker: system_server:28234183: onRequestHide at ORIGIN_SERVER reason IME_REQUESTED_CHANGED_LISTENER fromUser false
02-28 23:06:00.560  2826  2881 D SurfaceComposerClient: setCornerRadius ## 3d04a63 com.jjundev.oneclickeng/com.jjundev.oneclickeng.activity.MainActivity#180905 cornerRadius=0.000000
02-28 23:06:00.560  2826  2880 V InputMethodManagerService: Client requesting input be hidden
02-28 23:06:00.560  2826  2880 V InputMethodManagerService: setWindowStateInner, windowToken=android.os.BinderProxy@d78e092, state=ImeTargetWindowState{ imeToken android.os.Binder@fdc0ff2 imeFocusChanged true hasEditorFocused false requestedImeVisible false imeDisplayId 0 softInputModeState STATE_UNSPECIFIED|ADJUST_PAN|IS_FORWARD_NAVIGATION isStartInputByGainFocus true}
02-28 23:06:00.560  2826  2880 I ImeTracker: system_server:28234183: onCancelled at PHASE_SERVER_SHOULD_HIDE
02-28 23:06:00.560  2826  2880 V InputMethodManagerService: hideCurrentInputLocked : canceled, shouldHideSoftInput=false, mInputShown=false, mImeWindowVis=0
02-28 23:06:00.563  3759  3759 D SystemUIService: SYSUI_RAM_OPTIMIZATION onTrimMemory=20
02-28 23:06:00.563  2826  3968 I ActivityManager: Changes in 10108 19 to 7, 0 to 128
02-28 23:06:00.563  3759  3759 D CentralSurfaces: SYSUI_RAM_OPTIMIZATION onTrimMemory=20
02-28 23:06:00.564  3759  3917 D HWUI    : CacheManager::trimMemory(20)
02-28 23:06:00.564 10033 10044 I SamsungAccount: [AccountManagerProvider] isChildAccount
02-28 23:06:00.564 10033 10044 I SamsungAccount: [AccountManagerProvider] Calling package : android.honeyboard.
02-28 23:06:00.566 10033 10044 I SamsungAccount: [SignatureInfoDbHelper] searchOnUser(fromDb) - [10/lfgff][android.honeyboard.][64/3291d] => matched
02-28 23:06:00.566 10033 10044 I SamsungAccount: [AccountManagerProvider] This is the access of the allowed application
02-28 23:06:00.566 10033 10044 I SamsungAccount: [AccountManagerUtil] isSamsungAccountSignedIn : true
02-28 23:06:00.567  1866  1866 E SurfaceFlinger: alpha changed 0.000 -> 0.010 - DimTransitionLayer for Surface(name=ActivityRecord{218961837 u0 com.jjundev.oneclickeng/.activity.MainActivity t8086})/@0xa40462c#180910
02-28 23:06:00.567  1866  1866 I SurfaceFlinger: RequestedLayer [Surface(name=281b919 InputMethod)/@0[...]ion-leash of insets_animation#180912] hidden!! flag  from(1) --> to(0)
02-28 23:06:00.567  1866  1866 E SurfaceFlinger: alpha changed 1.000 -> 0.000 - Surface(name=281b919 InputMethod)/@0xa4686bc - animation-leash of insets_animation#180912
02-28 23:06:00.567  1866  1866 I SurfaceFlinger: [LayerHierarchy{RequestedLayerState{ImeContainer#15 parentId=180904 relativeParentId=180905 z=1} 1 children}] reparent to LayerHierarchy{RequestedLayerState{ActivityRecord{218961837 u0 com.jjundev.oneclickeng/.activity.MainActivity t8086}#180904 parentId=180909 z=5} 4 children}
02-28 23:06:00.567  1866  1866 I SurfaceFlinger: [LayerHierarchy{RequestedLayerState{ImeContainer#15 parentId=180904 relativeParentId=180905 z=1} 1 children}] RelativeParent to LayerHierarchy{RequestedLayerState{3d04a63 com.jjundev.oneclickeng/com.jjundev.oneclickeng.activity.MainActivity#180905 parentId=180904} 2 children}
02-28 23:06:00.567  1866  1866 I SurfaceFlinger: [LayerHierarchy{RequestedLayerState{281b919 InputMethod#183 parentId=180912} no children}] reparent to LayerHierarchy{RequestedLayerState{Surface(name=281b919 InputMethod)/@0xa4686bc - animation-leash of insets_animation#180912 parentId=152} 1 children}
02-28 23:06:00.567  1866  1866 I SurfaceFlinger: [LayerHierarchy{RequestedLayerState{Surface(name=281b919 InputMethod)/@0xa4686bc - animation-leash of insets_animation#180901} no children}] reparent to OffscreenRoot
02-28 23:06:00.567  1866  1866 I SurfaceFlinger: [LayerHierarchy{RequestedLayerState{Surface(name=281b919 InputMethod)/@0xa4686bc - animation-leash of insets_animation#180901} no children}] RelativeParent to null
02-28 23:06:00.568 10033 10044 I SamsungAccount: [TPMU]  SIMState     :SIM_STATE_READY
02-28 23:06:00.568 10033 10044 I SamsungAccount: [CountryCodeUtil] isChinaCountryCode : false
02-28 23:06:00.569  1866  1980 I SurfaceFlinger: id=180901 Removed Surface(name=281b919 InputMethod)/@0xa4686bc - animation-leash of insets_animation#180901 (220)
02-28 23:06:00.570 10033 10044 I SamsungAccount: [TPMU] getMccFromUsim
02-28 23:06:00.570 10033 10044 I SamsungAccount: [MccManager] saveMccToPreference Start
02-28 23:06:00.570 10033 10044 I SamsungAccount: [MccManager] saveMccToPreference, mcc is same with previous mcc
02-28 23:06:00.570 10033 10044 I SamsungAccount: [ChildAccountSupportedListManager] getSupportedListFromPreference from cache
02-28 23:06:00.570  1866  1866 D SurfaceFlinger: Display 4630947059332006275 HWC layers:
02-28 23:06:00.570  1866  1866 D SurfaceFlinger:        CLIENT |           40617505718474 | 00002102 | RGBA_8888    |   16.0    0.0 1080.0 2340.0 |    0    0 1080 2340 | com.jjundev.oneclickeng/com.jjundev.[...]g.activity.MainActivity$_9457#180873 (550)
02-28 23:06:00.570  1866  1866 D SurfaceFlinger:   SOLID_COLOR |                        0 | 00000000 | N/A          |    0.0    0.0    0.0    0.0 |    0    0 1080 2340 | DimTransitionLayer for Surface(name=[...]inActivity t8086})/@0xa40462c#180910 (0)
02-28 23:06:00.570  1866  1866 D SurfaceFlinger:        DEVICE |           40617505718533 | 00002102 | RGBA_8888    |    0.0    0.0   49.0 2340.0 | 1031    0 1080 2340 | com.jjundev.oneclickeng/com.jjundev.[...]g.activity.MainActivity$_9457#180906 (5)
02-28 23:06:00.570  1866  1866 D SurfaceFlinger:        DEVICE |           16144782128432 | 00002100 | RGBA_8888    |    0.0    0.0 1080.0   81.0 |    0    0 1080   81 | StatusBar$_3759#112 (456689)
02-28 23:06:00.570  1866  1866 D SurfaceFlinger:        DEVICE |           18176301628656 | 00002100 | RGBA_8888    |    0.0    0.0 1080.0   50.0 |    0 2290 1080 2340 | SGestureOverlayWindow$_4232#180855 (1)
02-28 23:06:00.570  1866  1866 D SurfaceFlinger:        DEVICE |           16144782128324 | 00002100 | RGBA_888
02-28 23:06:00.570  1866  1866 D SurfaceFlinger: 8    |    0.0    0.0 1080.0  144.0 |    0 2196 1080 2340 | NavigationBar0$_3759#105 (476037)
02-28 23:06:00.570  1866  1866 D SurfaceFlinger: 
02-28 23:06:00.571 10033 10044 I SamsungAccount: [TPMU]  SIMState     :SIM_STATE_READY
02-28 23:06:00.571 10033 10044 I SamsungAccount: [CountryCodeUtil] isChinaCountryCode : false
02-28 23:06:00.571 10033 10044 I SamsungAccount: [TPMU] getMccFromUsim
02-28 23:06:00.571 10033 10044 I SamsungAccount: [MccManager] saveMccToPreference Start
02-28 23:06:00.571 10033 10044 I SamsungAccount: [MccManager] saveMccToPreference, mcc is same with previous mcc
02-28 23:06:00.571 10033 10044 I SamsungAccount: [FamilyGroupUtil] meetKoreaCountryCondition(beforeSignUp=false): true
02-28 23:06:00.572 10033 10044 I SamsungAccount: [TPMU]  SIMState     :SIM_STATE_READY
02-28 23:06:00.572 10033 10044 I SamsungAccount: [CountryCodeUtil] isChinaCountryCode : false
02-28 23:06:00.572 25943 13675 I NetworkScheduler: (REDACTED) Error inserting %s
02-28 23:06:00.572 10033 10044 I SamsungAccount: [TPMU] getMccFromUsim
02-28 23:06:00.572 10033 10044 I SamsungAccount: [MccManager] saveMccToPreference Start
02-28 23:06:00.572 10033 10044 I SamsungAccount: [MccManager] saveMccToPreference, mcc is same with previous mcc
02-28 23:06:00.572 10033 10044 I SamsungAccount: [FamilyGroupUtil] meetKoreaOneUiCondition: true
02-28 23:06:00.572 10033 10044 I SamsungAccount: [FamilyGroupUtil] isSupportFamilyService: true
02-28 23:06:00.572 10033 10044 I SamsungAccount: [ChildAccount] isChildAccount : false
02-28 23:06:00.572 10033 10044 I SamsungAccount: [AccountManagerProvider] makeResultBundle - resultCode : 0
02-28 23:06:00.573  7306  7306 I HBD     : i [AiWriter] isChildAccount:false
02-28 23:06:00.573  7306  7306 I HBD     : f needOff = true , isForceOff = false, isNullInputClass : true 
02-28 23:06:00.573  7306  7306 I HBD     : f update cached prediction status : false 
02-28 23:06:00.573  7306  7306 I HBD     : h getDefaultInputRange : UNKNOWN 
02-28 23:06:00.573  7306  7306 I HBD     : h getDefaultInputRange : UNKNOWN 
02-28 23:06:00.573  7306  7306 I HBD     : a currentState : 0 
02-28 23:06:00.573  7306  7306 I HBD     : a [UpdatePolicy] [post] a: 0 cl: 65537 kit: [0/0] vt: 0 ir: 1 
02-28 23:06:00.574  7306  7306 I HBD     : a [NRIC] resetNoResponseState 
02-28 23:06:00.574  7306  7306 I HBD     : f needOff = true , isForceOff = false, isNullInputClass : true 
02-28 23:06:00.574  7306  7306 I HBD     : f update cached prediction status : false 
02-28 23:06:00.574  7306  7306 I HBD     : b [AiWriter] setContact : com.jjundev.oneclickeng
02-28 23:06:00.574  7306  7306 I HBD     : i init 
02-28 23:06:00.574  7306  7306 I HBD     : HoneyBoardService [PF_OP][onStartInput]  16 ms 
02-28 23:06:00.574 25943 13675 I NetworkScheduler: (REDACTED) Error inserting %s
02-28 23:06:00.575  7306  7306 I InputMethodService: scheduleImeSurfaceRemoval: removeImeSurface is posted.
02-28 23:06:00.576  1866  1866 I SurfaceFlinger: destroyed Surface(name=281b919 InputMethod)/@0xa4686bc - animation-leash of insets_animation#180901 form LifecycleManager
02-28 23:06:00.576  1866  1866 I SurfaceFlinger: id=180901 onLayerDestroyed from LayerHierarchyBuilder(RequestedLayerState{Surface(name=281b919 InputMethod)/@0xa4686bc - animation-leash of insets_animation#180901 !handle})
02-28 23:06:00.576  1866  1866 I Layer   : id=180901 Destroyed Surface(name=281b919 InputMethod)/@0xa4686bc - animation-leash of insets_animation#180901
02-28 23:06:00.701  1693  1771 E minksocket: MinkIPC_QRTR_Service: client with node 1 port 6401 went down
02-28 23:06:00.701  1693  1786 E minksocket: MinkIPC_QRTR_Service: client with node 1 port 6401 went down
02-28 23:06:00.702  1693  1786 E minksocket: MinkIPC_QRTR_Service: client with node 1 port 6402 went down
02-28 23:06:00.703  1693  1771 E minksocket: MinkIPC_QRTR_Service: client with node 1 port 6402 went down
02-28 23:06:00.703  1693  1786 E minksocket: MinkIPC_QRTR_Service: client with node 1 port 6403 went down
02-28 23:06:00.704  1693  1771 E minksocket: MinkIPC_QRTR_Service: client with node 1 port 6403 went down
02-28 23:06:00.706  1693  1771 E minksocket: MinkIPC_QRTR_Service: client with node 1 port 6405 went down
02-28 23:06:00.707  1693  1786 E minksocket: MinkIPC_QRTR_Service: client with node 1 port 6405 went down
02-28 23:06:00.707  1693  1786 E minksocket: MinkIPC_QRTR_Service: client with node 1 port 6406 went down
02-28 23:06:00.707  1693  1771 E minksocket: MinkIPC_QRTR_Service: client with node 1 port 6406 went down
02-28 23:06:00.708  1693  1771 E minksocket: MinkIPC_QRTR_Service: client with node 1 port 6407 went down
02-28 23:06:00.708  1693  1786 E minksocket: MinkIPC_QRTR_Service: client with node 1 port 6407 went down
02-28 23:06:00.805  1815 10361 I QC2Comp : [vp9D_3469] Stats: Pending(4) i/p-done(0) Works: Q: 28/Done 25|Work-Rate: Q(0.0/s Avg=0.1/s) Done(0.000/s Avg=0.062/s)| Stream: 30.30fps 43.6Kbps
02-28 23:06:00.805  1815 10361 I QC2Comp : [vp9D_3469] Mem-usage:  [In-1D: 7 bufs 56.000 MB] [1D-5691: 21 bufs 0.328 MB] [2D-5692: 25 bufs 5.664 MB] | Total: 61.992 MB
02-28 23:06:00.835  1807  1807 E ANDR-PERF-MPCTL: ANDR-PERF-MPCTL: internal_perf_lock_acq_verification() 385: Perflock Submit request limit reached.
02-28 23:06:00.836  1807  1807 E ANDR-PERF-MPCTL: ANDR-PERF-MPCTL: internal_perf_lock_acq_verification() 385: Perflock Submit request limit reached.
02-28 23:06:00.837  1807  1807 E ANDR-PERF-MPCTL: ANDR-PERF-MPCTL: internal_perf_lock_acq_verification() 385: Perflock Submit request limit reached.
02-28 23:06:00.838  1762 13730 I HYPER-HAL: [RequestManager.cpp]releaseLocked(): Released ID : 4039919
02-28 23:06:00.955  4232  4449 I HoneySpace.StatusIconTracker: invokeEvent() called with: event = Mobile(bundle=Bundle[mParcelledData.dataSize=256])
