--------- beginning of main
02-28 23:06:00.009  3759  4281 I DateTimeView: updateAll - getTimeFormat
02-28 23:06:00.010  3759  4281 D QSClockBellTower: onReceive(android.intent.action.TIME_TICK) mTimeZoneString:Asia/Seoul
02-28 23:06:00.010  3759  3759 D ClockFaceEvents: onTimeTick. callers : com.android.keyguard.ClockEventController$keyguardUpdateMonitorCallback$1.refreshTime:19
02-28 23:06:00.010  3759  3759 D ClockFaceEvents: com.android.keyguard.ClockEventController$keyguardUpdateMonitorCallback$1.onTimeChanged:1
02-28 23:06:00.010  3759  3759 D ClockFaceEvents: com.android.keyguard.KeyguardUpdateMonitor$16.handleMessage:732
02-28 23:06:00.010  3759  3759 D ClockFaceEvents: onTimeTick. callers : com.android.keyguard.ClockEventController$keyguardUpdateMonitorCallback$1.refreshTime:38
02-28 23:06:00.010  3759  3759 D ClockFaceEvents: com.android.keyguard.ClockEventController$keyguardUpdateMonitorCallback$1.onTimeChanged:1
02-28 23:06:00.010  3759  3759 D ClockFaceEvents: com.android.keyguard.KeyguardUpdateMonitor$16.handleMessage:732
02-28 23:06:00.010  3759  3759 D FaceWidgetPagesController: onTimeChanged()
02-28 23:06:00.012  3759  3759 D QSClockBellTower: He is ready to ring the bell. (((QSClockBellSound - TimeText:11:06, TimeContentDescription:오후 11:06, DateText:2월 28일 토요일, ShortDateText:2월 28일 (토), Demo:false)))
02-28 23:06:00.012  3759  3759 D QSClock : StatusBar clock=11:06 notifyTimeChanged(QSClockBellSound - TimeText:11:06, TimeContentDescription:오후 11:06, DateText:2월 28일 토요일, ShortDateText:2월 28일 (토), Demo:false) clockVisibleByPolicy=true, clockVisibleByUser=true, visible=true, parent=android.widget.LinearLayout{3f30922 V.E...... ......ID 0,0-96,56 #7f0a069b app:id/left_clock_container} caller=com.android.systemui.statusbar.phone.fragment.CollapsedStatusBarFragment.animateShow:52 com.android.systemui.statusbar.phone.fragment.CollapsedStatusBarFragment.updateStatusBarVisibilitiesInner:230 com.android.systemui.statusbar.phone.fragment.CollapsedStatusBarFragment$$ExternalSyntheticLambda1.run:6 android.os.Handler.handleCallback:995 android.os.Handler.dispatchMessage:103  
02-28 23:06:00.013  3759  3759 D QSClockBellTower: Everyone heard the bell. run(currentTime:1772287560011, getTime():Sat Feb 28 23:06:00 GMT+09:00 2026, getTimeZone():libcore.util.ZoneInfo[mDstSavings=0,mUseDst=false,mDelegate=[id="Asia/Seoul",mRawOffset=32400000,mEarliestRawOffset=30472000,transitions=29]])
02-28 23:06:00.051  1866  2083 I VSyncReactor: Current= 24, Period= 24, hwcPeriod= 24
02-28 23:06:00.052  3759  3759 D {OngoingChipAdapter}: updateEnableMaxWidth : 322 -:> 321
02-28 23:06:00.056  3759  3759 W RefactorFlag: New code path expects SceneContainerFlag to be enabled.
02-28 23:06:00.058  1866  2136 D DisplayModeController: setDesiredMode 4630947059332006275 {mode={fps=120.00 Hz, modePtr={id=0, vsyncRate=120.00 Hz, peakRefreshRate=120.00 Hz}}, emitEvent=true, force=false}
02-28 23:06:00.059  1807  1807 E ANDR-PERF-MPCTL: ANDR-PERF-MPCTL: internal_perf_lock_acq_verification() 385: Perflock Submit request limit reached.
02-28 23:06:00.085  1866  1866 I SurfaceFlinger: No layers with votes - choose 120.00 Hz
02-28 23:06:00.086  1866  1866 I HWComposer: [4630947059332006275] ActiveConfigToHWC, ID : 0
02-28 23:06:00.087  1803  2058 I SDM     : HWDeviceDRM::SetDisplaySwitchMode: [DispConfigs] check hs_mode 3
02-28 23:06:00.087  1803  2058 W SDM     : HWDeviceDRM::GetSupportedBitClkRate: Requested rate not supported: 951080000
02-28 23:06:00.087  1803  2058 I SDM     : HWDeviceDRM::SetDisplaySwitchMode: [DispConfigs] Set mode index:0 1080x2340x120xcmdHS, hs_mode(3), found_mode(0)
02-28 23:06:00.087  1803  2058 I SDM     : HWDeviceDRM::UpdateMixerAttributes: Mixer WxH 1080x2340-1 for Peripheral
02-28 23:06:00.087  1803  2058 I SDM     : HWCDisplay::SubmitDisplayConfig: Active configuration changed from config 8 to 0
02-28 23:06:00.092  1866  2083 I VSyncReactor: Current= 24, Period= 120, hwcPeriod= 120
02-28 23:06:00.126  1866  1866 I SurfaceFlinger: finalizeDisplayModeChange 4630947059332006275
02-28 23:06:00.335  1866  2136 D DisplayModeController: setDesiredMode 4630947059332006275 {mode={fps=24.00 Hz, modePtr={id=5, vsyncRate=24.00 Hz, peakRefreshRate=24.00 Hz}}, emitEvent=false, force=false}
02-28 23:06:00.336  1807  1807 E ANDR-PERF-MPCTL: ANDR-PERF-MPCTL: internal_perf_lock_acq_verification() 385: Perflock Submit request limit reached.
02-28 23:06:00.338  1866  1866 I LayerHistory: StatusBar$_3759#112 voted NoVote (0.00 Hz)
02-28 23:06:00.338  1866  1866 I SurfaceFlinger: Idle - choose 24.00 Hz
02-28 23:06:00.338  1866  1866 I HWComposer: [4630947059332006275] ActiveConfigToHWC, ID : 8
02-28 23:06:00.339  1803  2058 I SDM     : HWDeviceDRM::SetDisplaySwitchMode: [DispConfigs] check hs_mode 3
02-28 23:06:00.339  1803  2058 W SDM     : HWDeviceDRM::GetSupportedBitClkRate: Requested rate not supported: 951080000
02-28 23:06:00.339  1803  2058 W SDM     : HWDeviceDRM::GetSupportedBitClkRate: Requested rate not supported: 951080000
02-28 23:06:00.339  1803  2058 I SDM     : HWDeviceDRM::SetDisplaySwitchMode: [DispConfigs] Set mode index:9 1080x2340x24xcmdPHS, hs_mode(3), found_mode(1)
02-28 23:06:00.340  1803  2058 I SDM     : HWDeviceDRM::UpdateMixerAttributes: Mixer WxH 1080x2340-1 for Peripheral
02-28 23:06:00.340  1803  2058 I SDM     : HWCDisplay::SubmitDisplayConfig: Active configuration changed from config 0 to 8
02-28 23:06:00.342  1866  1866 I SurfaceFlinger: finalizeDisplayModeChange 4630947059332006275
02-28 23:06:00.342  1866  2083 I VSyncReactor: Current= 120, Period= 24, hwcPeriod= 24
02-28 23:06:00.351  2826  2908 I SemDvfsHyPerManager: acquire hyper - APP_LAUNCH/2826@151, type = -999
--------- beginning of system
02-28 23:06:00.352  2826  4671 D ActivityTaskManager: startActivityAsUser: callingPid=13711, callingUid=2000, caller=com.android.server.am.ActivityManagerService.startActivityAsUserWithFeature:27 com.android.server.am.ActivityManagerShellCommand.runStartActivity:588 com.android.server.am.ActivityManagerShellCommand.onCommand:2030 com.android.modules.utils.BasicShellCommandHandler.exec:97 android.os.ShellCommand.exec:38 com.android.server.am.ActivityManagerService.onShellCommand:164 android.os.Binder.shellCommand:1187 
02-28 23:06:00.353  2826  4671 W ActivityTaskManager: callingPackage for (uid=2000, pid=13711) has no WPC
02-28 23:06:00.353  1762  1809 I HYPER-HAL: [RequestManager.cpp]acquire(): Acquired ID : 4432904  [2826 / 151]    HINT : APP_LAUNCH    list : 
02-28 23:06:00.354  2826  4671 D ActivityTaskManager: DesktopModeLaunchParamsModifier: task=null activity=null task null, skipping
02-28 23:06:00.354  2826  4671 D ActivityTaskManager: TaskLaunchParamsModifier:task=null activity=null display-area-from-current-params=null display-area-from-default-fallback=DefaultTaskDisplayArea_d0@91769952 display-id=0 task-display-area-windowing-mode=1 suggested-display-area=DefaultTaskDisplayArea_d0@91769952
02-28 23:06:00.355  1807  1807 E ANDR-PERF-MPCTL: ANDR-PERF-MPCTL: internal_perf_lock_acq_verification() 385: Perflock Submit request limit reached.
02-28 23:06:00.355  2826  4671 W OptProp : Cannot read opt property android.window.PROPERTY_COMPAT_ALLOW_RESIZEABLE_ACTIVITY_OVERRIDES
02-28 23:06:00.355  2826  4671 W OptProp : Cannot read opt property android.window.PROPERTY_COMPAT_ALLOW_MIN_ASPECT_RATIO_OVERRIDE
02-28 23:06:00.357  2826  4671 D WindowManager: Transition is created, t=TransitionRecord{c2910da id=-1 type=OPEN flags=0x0}, caller=com.android.server.wm.Transition.<init>:182 com.android.server.wm.TransitionController.createAndStartCollecting:106 com.android.server.wm.ActivityStarter.executeRequest:3606 com.android.server.wm.ActivityStarter.execute:1752 com.android.server.wm.ActivityTaskManagerService.startActivityAsUser:95 
02-28 23:06:00.357  2826  4671 D BLASTSyncEngine: SyncGroup is created, id=12569, name=Transition-OPEN, caller=com.android.server.wm.BLASTSyncEngine$SyncGroup.<init>:52 com.android.server.wm.TransitionController.moveToCollecting:79 com.android.server.wm.TransitionController.createAndStartCollecting:109 com.android.server.wm.ActivityStarter.executeRequest:3606 com.android.server.wm.ActivityStarter.execute:1752 com.android.server.wm.ActivityTaskManagerService.startActivityAsUser:95 com.android.server.am.ActivityManagerService.startActivityAsUserWithFeature:27 
02-28 23:06:00.357  2826  4671 W BLASTSyncEngine: setSyncMethod, id=12569, method=0, caller=com.android.server.wm.TransitionController.moveToCollecting:91 com.android.server.wm.TransitionController.createAndStartCollecting:109 com.android.server.wm.ActivityStarter.executeRequest:3606 
02-28 23:06:00.357  2826  4671 V WindowManager: Start collecting in Transition: TransitionRecord{c2910da id=12569 type=OPEN flags=0x0}, caller=com.android.server.wm.TransitionController.createAndStartCollecting:109 com.android.server.wm.ActivityStarter.executeRequest:3606 com.android.server.wm.ActivityStarter.execute:1752 com.android.server.wm.ActivityTaskManagerService.startActivityAsUser:95 com.android.server.am.ActivityManagerService.startActivityAsUserWithFeature:27 
02-28 23:06:00.357  2826  4671 V WindowManager: Collecting in transition 12569: ActivityRecord{54184203 u0 com.jjundev.oneclickeng/.activity.LoginActivity, caller=com.android.server.wm.TransitionController.collect:7 com.android.server.wm.ActivityStarter.startActivityUnchecked:98 com.android.server.wm.ActivityStarter.executeRequest:3651 com.android.server.wm.ActivityStarter.execute:1752 com.android.server.wm.ActivityTaskManagerService.startActivityAsUser:95 
02-28 23:06:00.357  2826  4671 D ActivityTaskManager: DesktopModeLaunchParamsModifier: task=null activity=ActivityRecord{54184203 u0 com.jjundev.oneclickeng/.activity.LoginActivity t-1} task null, skipping
02-28 23:06:00.357  2826  4671 D ActivityTaskManager: TaskLaunchParamsModifier:task=null activity=ActivityRecord{54184203 u0 com.jjundev.oneclickeng/.activity.LoginActivity t-1} display-area-from-current-params=null display-area-for-record=DefaultTaskDisplayArea_d0@91769952 display-id=0 task-display-area-windowing-mode=1 suggested-display-area=DefaultTaskDisplayArea_d0@91769952
02-28 23:06:00.357  2826  4671 D ActivityTaskManager: DesktopModeLaunchParamsModifier: task=Task{544d096 #8086 type=standard A=10547:com.jjundev.oneclickeng} activity=ActivityRecord{54184203 u0 com.jjundev.oneclickeng/.activity.LoginActivity t-1} non-desktop, skipping
02-28 23:06:00.357  2826  4671 D ActivityTaskManager: TaskLaunchParamsModifier:task=Task{544d096 #8086 type=standard A=10547:com.jjundev.oneclickeng} activity=ActivityRecord{54184203 u0 com.jjundev.oneclickeng/.activity.LoginActivity t-1} display-from-task=0 display-id=0 task-display-area-windowing-mode=1 suggested-display-area=DefaultTaskDisplayArea_d0@91769952 inherit-from-task=fullscreen non-freeform-task-display-area display-area=DefaultTaskDisplayArea_d0@91769952 activity-requested-portrait freeform-size-mismatch=Rect(81, 625 - 999, 1795)
02-28 23:06:00.358  2826  4671 I SemDvfsHyPerManager: acquire hyper - AMS_ACT_START/2826@23, type = -999
02-28 23:06:00.358  2826  4671 D ActivityManagerPerformance: AMP_acquire() ACT_START
02-28 23:06:00.358  2826  4671 D ActivityTaskManager: DesktopModeLaunchParamsModifier: task=Task{544d096 #8086 type=standard A=10547:com.jjundev.oneclickeng} activity=ActivityRecord{54184203 u0 com.jjundev.oneclickeng/.activity.LoginActivity t-1} non-desktop, skipping
02-28 23:06:00.358  2826  4671 D ActivityTaskManager: TaskLaunchParamsModifier:task=Task{544d096 #8086 type=standard A=10547:com.jjundev.oneclickeng} activity=ActivityRecord{54184203 u0 com.jjundev.oneclickeng/.activity.LoginActivity t-1} display-from-task=0 display-id=0 task-display-area-windowing-mode=1 suggested-display-area=DefaultTaskDisplayArea_d0@91769952 inherit-from-task=fullscreen non-freeform-task-display-area display-area=DefaultTaskDisplayArea_d0@91769952 activity-requested-portrait freeform-size-mismatch=Rect(81, 625 - 999, 1795)
02-28 23:06:00.359  2826  4671 W OptProp : Cannot read opt property android.window.PROPERTY_COMPAT_ALLOW_ORIENTATION_OVERRIDE
02-28 23:06:00.359  1866  3970 I SurfaceFlinger: id=180903 createSurf, flag=84004, ActivityRecord{54184203 u0 com.jjundev.oneclickeng/.activity.LoginActivity t8086}#180903
02-28 23:06:00.359  1866  2136 D DisplayModeController: setDesiredMode 4630947059332006275 {mode={fps=120.00 Hz, modePtr={id=0, vsyncRate=120.00 Hz, peakRefreshRate=120.00 Hz}}, emitEvent=true, force=false}
02-28 23:06:00.361  2826  4671 V WindowManager: Checking theme of starting window: 0x7f1502bf
02-28 23:06:00.361  2826  4671 V WindowManager: Translucent=false Floating=false ShowWallpaper=false Disable=false
02-28 23:06:00.361  2826  4671 D ActivityTaskManager: addStartingWindow: type=0 typeParameter=2c
02-28 23:06:00.361  2826  4671 D ActivityTaskManager: scheduleTopResumedActivityChanged, onTop=false, r=ActivityRecord{167450425 u0 com.jjundev.oneclickeng/.activity.MainActivity t8086}, caller=com.android.server.wm.ActivityTaskSupervisor.scheduleTopResumedActivityStateLossIfNeeded:19 com.android.server.wm.ActivityTaskSupervisor.updateTopResumedActivityIfNeeded:20 com.android.server.wm.TaskFragment.setResumedActivity:30 com.android.server.wm.ActivityRecord.setState:91 com.android.server.wm.TaskFragment.startPausing$1:209 com.android.server.wm.TaskFragment.resumeTopActivity:699 
02-28 23:06:00.363  1807  1807 E ANDR-PERF-MPCTL: ANDR-PERF-MPCTL: internal_perf_lock_acq_verification() 385: Perflock Submit request limit reached.
02-28 23:06:00.363  2826  4671 V WindowManager: Collecting in transition 12569: ActivityRecord{54184203 u0 com.jjundev.oneclickeng/.activity.LoginActivity t8086}, caller=com.android.server.wm.Transition.collectExistenceChange:40 com.android.server.wm.ActivityStarter.handleStartResult:761 com.android.server.wm.ActivityStarter.startActivityUnchecked:124 com.android.server.wm.ActivityStarter.executeRequest:3651 com.android.server.wm.ActivityStarter.execute:1752 
02-28 23:06:00.363  2826  4671 V WindowManager: Requesting StartTransition: TransitionRecord{c2910da id=12569 type=OPEN flags=0x0 c=[
02-28 23:06:00.363  2826  4671 V WindowManager:    ChangeInfo{59760a6 container=Display{#0 state=ON size=1080x2340 ROTATION_0} flags=0x0}
02-28 23:06:00.363  2826  4671 V WindowManager:    ChangeInfo{74aeae7 container=ActivityRecord{54184203 u0 com.jjundev.oneclickeng/.activity.LoginActivity t8086} flags=0x0}
02-28 23:06:00.363  2826  4671 V WindowManager:    ChangeInfo{4229694 container=Task{544d096 #8086 type=standard A=10547:com.jjundev.oneclickeng} flags=0x0}
02-28 23:06:00.363  2826  4671 V WindowManager:    ChangeInfo{713653d container=DefaultTaskDisplayArea_d0@91769952 flags=0x0}
02-28 23:06:00.363  2826  4671 V WindowManager: ]
02-28 23:06:00.363  2826  4671 V WindowManager: }, caller=com.android.server.wm.ActivityStarter.handleStartResult:982 com.android.server.wm.ActivityStarter.startActivityUnchecked:124 com.android.server.wm.ActivityStarter.executeRequest:3651 com.android.server.wm.ActivityStarter.execute:1752 com.android.server.wm.ActivityTaskManagerService.startActivityAsUser:95 
02-28 23:06:00.363  2826  4671 I Pageboost: stop alp
02-28 23:06:00.363  2826  4671 I ActivityTaskManager: START u0 {flg=0x10000000 xflg=0x5 cmp=com.jjundev.oneclickeng/.activity.LoginActivity} with LAUNCH_MULTIPLE from uid 2000 (BAL_ALLOW_PERMISSION) result code=0
02-28 23:06:00.363  1807  1807 E ANDR-PERF-MPCTL: ANDR-PERF-MPCTL: internal_perf_lock_acq_verification() 385: Perflock Submit request limit reached.
02-28 23:06:00.364  4902  4902 E pageboostd: Received HALT command code 2
02-28 23:06:00.364  7123  7123 I SemDvfsHyPerManager: acquire hyper - APP_START_SHORT/7123@22, type = -999
02-28 23:06:00.366  7123  7123 I M0      : limitCPUFreq:: freq = -1
02-28 23:06:00.369  2826  4330 V WindowManager: Collecting in transition 12569: ActivityRecord{54184203 u0 com.jjundev.oneclickeng/.activity.LoginActivity t8086}, caller=com.android.server.wm.TransitionController.collect:7 com.android.server.wm.ActivityRecord.setVisibility:132 com.android.server.wm.ActivityRecord.makeVisibleIfNeeded:36 com.android.server.wm.EnsureActivitiesVisibleHelper.process:538 com.android.server.wm.TaskFragment.updateActivityVisibilities:12 
02-28 23:06:00.369  2826  4330 V WindowManager: Collecting in transition 12569: ActivityRecord{167450425 u0 com.jjundev.oneclickeng/.activity.MainActivity t8086}, caller=com.android.server.wm.TransitionController.collect:7 com.android.server.wm.ActivityRecord.setVisibility:132 com.android.server.wm.ActivityRecord.makeInvisible:32 com.android.server.wm.EnsureActivitiesVisibleHelper.process:542 com.android.server.wm.TaskFragment.updateActivityVisibilities:12 
02-28 23:06:00.369  2826  4330 D WindowManager: prepareSync <SYNC_STATE_WAITING_FOR_DRAW>, mPrepareSyncSeqId=0, win=Window{1d1c573 u0 com.jjundev.oneclickeng/com.jjundev.oneclickeng.activity.MainActivity}
02-28 23:06:00.369  3759  3805 V WindowManagerShell: Transition requested (#12569): android.os.BinderProxy@1b2f239 TransitionRequestInfo { type = OPEN, triggerTask = TaskInfo{userId=0 taskId=8086 effectiveUid=10547 displayId=0 isRunning=true baseIntent=Intent { act=android.intent.action.MAIN cat=[android.intent.category.LAUNCHER] flg=0x10000000 cmp=com.jjundev.oneclickeng/.activity.LoginActivity } baseActivity=ComponentInfo{com.jjundev.oneclickeng/com.jjundev.oneclickeng.activity.MainActivity} topActivity=ComponentInfo{com.jjundev.oneclickeng/com.jjundev.oneclickeng.activity.LoginActivity} origActivity=null realActivity=ComponentInfo{com.jjundev.oneclickeng/com.jjundev.oneclickeng.activity.LoginActivity} numActivities=3 lastActiveTime=812653789 supportsMultiWindow=true resizeMode=1 isResizeable=true minWidth=-1 minHeight=-1 maxWidth=-1 maxHeight=-1 defaultMinSize=220 desktopDefaultMinSize=304 token=WCT{android.window.IWindowContainerToken$Stub$Proxy@14b07e} topActivityType=1 pictureInPictureParams=null shouldDockBigOverlays=false launchIntoPipHostTaskId=-1 lastParentTaskIdBeforePip=-1 displayCutoutSafeInsets=Rect(0, 0 - 0, 0) topActivityInfo=ActivityInfo{609b9df com.jjundev.oneclickeng.activity.LoginActivity} launchCookies=[] positionInParent=Point(0, 0) parentTaskId=-1 isFocused=true isVisible=true isVisibleRequested=true isTopActivityNoDisplay=false isSleeping=false locusId=null displayAreaFeatureId=1 isTopActivityTransparent=false isActivityStackTransparent=false lastNonFullscreenBounds=Rect(81, 625 - 999, 1795) capturedLink=null capturedLinkTimestamp=0 requestedVisibleTypes=-9 topActivityRequestOpenInBrowserEducationTimestamp=0 appCompatTaskInfo=AppCompatTaskInfo { topActivityInSizeCompat=false eligibleForLetterboxEducation= false isLetterboxEducationEnabled= false isLetterboxDoubleTapEnabled= false eligibleForUserAspectRatioButton= false topActivityBoundsLetterboxed= false isFromLetterboxDoubleTap= false topActivityLetterboxVerticalPosition= -1 topActivityLetterboxHorizontalPosition= -1 topActivityLetterboxWidth=-1 topActivityLetterboxHeight=-1 topActivityAppBounds=Rect(0, 0 - 1080, 2340) isUserFullscreenOverrideEnabled=false isSystemFullscreenOverrideEnabled=false hasMinAspectRatioOverride=false topActivityLetterboxBounds=null cameraCompatTaskInfo=CameraCompatTaskInfo { freeformCameraCompatMode=inactive} topActivityBounds=null topActivityInDisplayCompat=false singleTapFromLetterbox=false} topActivityMainWindowFrame=null originallySupportedMultiWindow=true hasWallpaper=false rootAffinity=10547:com.jjundev.oneclickeng isTopTaskInStage=false CoverLauncherWidgetTask=false LaunchedFromAppsCoverLauncherTask=false LaunchedFromMultistarCoverLauncherTask=false isAllowedSeamlessRotation=false isTopTransparentActivity=false isAliasManaged=false hasConfigChanged=false snappingGuideBounds=null isAiKeyRemoveAppTask=false lastDesktopWindowingBounds=null lastExternalDesktopWindowingBounds=null safeCutoutInsets=null}, pipChange = null, remoteTransition = null, displayChange = null, flags = 0, debugId = 12569 }
02-28 23:06:00.369  2826  4330 V WindowManager: rotationForOrientation(orient=SCREEN_ORIENTATION_PORTRAIT (1), last=ROTATION_0 (0)); user=ROTATION_0 (0) 
02-28 23:06:00.369  2826  4330 D WindowManager: rotationForOrientation, orientationSource=ActivityRecord{54184203 u0 com.jjundev.oneclickeng/.activity.LoginActivity t8086}
02-28 23:06:00.369  2826  4330 V WindowManager: Computed rotation=ROTATION_0 (0) for display id=0 based on lastOrientation=SCREEN_ORIENTATION_PORTRAIT (1) and oldRotation=ROTATION_0 (0), caller=com.android.server.wm.DisplayRotation.updateOrientation:79 com.android.server.wm.DisplayContent.updateOrientation:41 com.android.server.wm.DisplayContent.updateOrientationAndComputeConfig:48 com.android.server.wm.RootWindowContainer.ensureVisibilityAndConfig:7 com.android.server.wm.ActivityTaskSupervisor.realStartActivityLocked:182 com.android.server.wm.ActivityTaskSupervisor.startSpecificActivity:27 
02-28 23:06:00.369  2826  4330 V WindowManager: Collecting in transition 12569: ActivityRecord{54184203 u0 com.jjundev.oneclickeng/.activity.LoginActivity t8086}, caller=com.android.server.wm.TransitionController.collect:7 com.android.server.wm.ActivityRecord.setVisibility:132 com.android.server.wm.ActivityTaskSupervisor.realStartActivityLocked:203 com.android.server.wm.ActivityTaskSupervisor.startSpecificActivity:27 com.android.server.wm.TaskFragment.resumeTopActivity:2089 
02-28 23:06:00.369  2826  4330 D SGM:FgCheckThread: notifyAppCreated(), packageName: com.jjundev.oneclickeng, userId: 0, sendRet: true
02-28 23:06:00.369  2826  3478 D SGM:FgCheckThread: onLooperPrepared(), msg: MSG_APP_CREATE, pkgName: com.jjundev.oneclickeng, userId: 0
02-28 23:06:00.370  2826  4330 D InputDispatcher: Focused application(0): ActivityRecord{54184203 u0 com.jjundev.oneclickeng/.activity.LoginActivity t8086}
02-28 23:06:00.370  2826  4330 D WindowManager: Changing focus from Window{1d1c573 u0 com.jjundev.oneclickeng/com.jjundev.oneclickeng.activity.MainActivity} to null displayId=0 Callers=com.android.server.wm.ActivityTaskManagerService.setLastResumedActivityUncheckLocked:264 com.android.server.wm.ActivityTaskSupervisor.updateTopResumedActivityIfNeeded:51 com.android.server.wm.TaskFragment.setResumedActivity:30 com.android.server.wm.ActivityRecord.setState:100 
02-28 23:06:00.370  2826  4330 V SystemKeyManager: updateFocusedWindow() is called, 
02-28 23:06:00.370  2826  4330 I SystemKeyManager: isSystemKeyEventRequested() : focusedWindow is empty.
02-28 23:06:00.370  2826  4330 I SystemKeyManager: isSystemKeyEventRequested() : focusedWindow is empty.
02-28 23:06:00.370  2826  4330 D ActivityTaskManager: scheduleTopResumedActivityChanged, onTop=true, r=ActivityRecord{54184203 u0 com.jjundev.oneclickeng/.activity.LoginActivity t8086}, caller=com.android.server.wm.ActivityTaskSupervisor.scheduleTopResumedActivityStateIfNeeded:18 com.android.server.wm.ActivityTaskSupervisor.updateTopResumedActivityIfNeeded:54 com.android.server.wm.TaskFragment.setResumedActivity:30 com.android.server.wm.ActivityRecord.setState:100 com.android.server.wm.ActivityTaskSupervisor.realStartActivityLocked:477 com.android.server.wm.ActivityTaskSupervisor.startSpecificActivity:27 
02-28 23:06:00.370  2826  4330 D WindowManagerServiceExt: updateTaskbarTargetIfNeeded: cn=ComponentInfo{com.jjundev.oneclickeng/com.jjundev.oneclickeng.activity.LoginActivity} occludesParent=true isInSplitScreenMode=false
02-28 23:06:00.372  2826  4330 D GraphicsStatsService: requestRenderEngineFor(com.jjundev.oneclickeng)
02-28 23:06:00.372  9457  9457 D ActivityThread: com.jjundev.oneclickeng will use render engine as VK
02-28 23:06:00.372  2826  2880 D SGM:FgCheckThread: notePauseComponent(), received pkgName: com.jjundev.oneclickeng, userId: 0
02-28 23:06:00.372  2826  3605 I CocktailBarManagerServiceContainer: handleMessage: entry what = 6
02-28 23:06:00.372  2826  3605 I CocktailBarManagerServiceImpl: notePauseComponent : no active host
02-28 23:06:00.373  1807  1807 E ANDR-PERF-MPCTL: ANDR-PERF-MPCTL: internal_perf_lock_acq_verification() 385: Perflock Submit request limit reached.
02-28 23:06:00.373  9337 19902 I Routine@Core[4.9.04.13]: ActivityWatcherListenerImpl: onPauseComponent: componentName - com.jjundev.oneclickeng, userId: 0
02-28 23:06:00.373  1807  1807 E ANDR-PERF-MPCTL: ANDR-PERF-MPCTL: internal_perf_lock_acq_verification() 385: Perflock Submit request limit reached.
02-28 23:06:00.373  1762  1809 I HYPER-HAL: [RequestManager.cpp]acquire(): Acquired ID : 4059848  [2826 / 23]    HINT : AMS_ACT_START    list : 
02-28 23:06:00.374  1807  1807 E ANDR-PERF-MPCTL: ANDR-PERF-MPCTL: internal_perf_lock_acq_verification() 385: Perflock Submit request limit reached.
02-28 23:06:00.374  1807  1807 E ANDR-PERF-MPCTL: ANDR-PERF-MPCTL: internal_perf_lock_acq_verification() 385: Perflock Submit request limit reached.
02-28 23:06:00.374  1807  1807 E ANDR-PERF-MPCTL: ANDR-PERF-MPCTL: internal_perf_lock_acq_verification() 385: Perflock Submit request limit reached.
02-28 23:06:00.375  1807  1807 E ANDR-PERF-MPCTL: ANDR-PERF-MPCTL: internal_perf_lock_acq_verification() 385: Perflock Submit request limit reached.
02-28 23:06:00.375  9337 19902 I Routine@Core[4.9.04.13]: Pref: removeSharedPrefsData() key=condition_launch_app_data_resume_pkg
02-28 23:06:00.376  1762  1809 I HYPER-HAL: [RequestManager.cpp]acquire(): Acquired ID : 25529107  [7123 / 22]    HINT : APP_START_LOW_HEAT    list : [TIMEOUT / 1500] 
02-28 23:06:00.376  3759  3805 V ShellDesktopMode: DesktopTasksController: isDesktopModeShowing: hasVisibleTasks=false hasTopTransparentFullscreenTask=false
02-28 23:06:00.376  1762  1809 I HYPER-HAL: [RequestManager.cpp]releaseLocked(): Released ID : 25393504
02-28 23:06:00.376  3759  3805 V ShellDesktopMode: DesktopTasksController: isDesktopModeShowing: hasVisibleTasks=false hasTopTransparentFullscreenTask=false
02-28 23:06:00.377  3759  3805 D ShellSplitScreen: logExit: no-op, mLoggerSessionId is null
02-28 23:06:00.378  7123  7912 I SDHMS:x : SIOP:: AP:314 BAT:301 USB:284 CHG:317 PA:313 CP:-200 WIFI:310 CF:305 BLK:0 SUBBAT:0 SKIN:312 SKINF:311 SKINB:312 LRP:312 LRP2:312 LRF2:311 LRB2:312 AP2:311 CHG2:310 WIFI2:312 UANT2:311 RCV2:311 SPK2:298 FCAM:284 UPSPK:310 DNSPK:283 VAP02:326 VWIFI:320 AMB:293 AMB2:246 AVGCUR:367 AVGSYS:205 POWER:1408
02-28 23:06:00.379  2826  3614 D BackgroundInstallControlService: Package event received: 0
02-28 23:06:00.379  2826  2880 W DeviceAdminInfo: Unknown tag under uses-policies of ComponentInfo{kr.go.mnd.mmsa/kr.go.mnd.mmsa.br.BroadcastReceiverGDA_LG}: lg-wipe-app-data
02-28 23:06:00.380  2826  2880 W DeviceAdminInfo: Unknown tag under uses-policies of ComponentInfo{kr.go.mnd.mmsa/kr.go.mnd.mmsa.br.BroadcastReceiverGDA_LG}: lg-prevent-admin
02-28 23:06:00.380  2826  2880 W DeviceAdminInfo: Unknown tag under uses-policies of ComponentInfo{kr.go.mnd.mmsa/kr.go.mnd.mmsa.br.BroadcastReceiverGDA_LG}: lg-disable-usb
02-28 23:06:00.380  2826  2880 W DeviceAdminInfo: Unknown tag under uses-policies of ComponentInfo{kr.go.mnd.mmsa/kr.go.mnd.mmsa.br.BroadcastReceiverGDA_LG}: lg-disable-change-system-time
02-28 23:06:00.380  2826  2880 W DeviceAdminInfo: Unknown tag under uses-policies of ComponentInfo{kr.go.mnd.mmsa/kr.go.mnd.mmsa.br.BroadcastReceiverGDA_LG}: lg-disable-multiuser
02-28 23:06:00.380  2826  2880 W DeviceAdminInfo: Unknown tag under uses-policies of ComponentInfo{kr.go.mnd.mmsa/kr.go.mnd.mmsa.br.BroadcastReceiverGDA_LG}: lg-disable-app
02-28 23:06:00.380  2826  2880 W DeviceAdminInfo: Unknown tag under uses-policies of ComponentInfo{kr.go.mnd.mmsa/kr.go.mnd.mmsa.br.BroadcastReceiverGDA_LG}: lg-turnon-device
02-28 23:06:00.380  2826  2880 W DeviceAdminInfo: Unknown tag under uses-policies of ComponentInfo{kr.go.mnd.mmsa/kr.go.mnd.mmsa.br.BroadcastReceiverGDA_LG}: lg-disable-install-app
02-28 23:06:00.380  2826  2880 W DeviceAdminInfo: Unknown tag under uses-policies of ComponentInfo{kr.go.mnd.mmsa/kr.go.mnd.mmsa.br.BroadcastReceiverGDA_LG}: lg-disable-uninstall-app
02-28 23:06:00.380  2826  2880 W DeviceAdminInfo: Unknown tag under uses-policies of ComponentInfo{kr.go.mnd.mmsa/kr.go.mnd.mmsa.br.BroadcastReceiverGDA_LG}: lg-disable-network-location-info
02-28 23:06:00.380  2826  2880 W DeviceAdminInfo: Unknown tag under uses-policies of ComponentInfo{kr.go.mnd.mmsa/kr.go.mnd.mmsa.br.BroadcastReceiverGDA_LG}: lg-disable-dev-mode
02-28 23:06:00.381  2826  2880 V Configuration: Updating configuration, locales updated from [] to [ko_KR]
02-28 23:06:00.382  2826  2880 D EnterpriseLicenseService: getPermissions() - deserializeObject
02-28 23:06:00.382  2826  2880 I EnterpriseDeviceAdminInfo: Add Granted permission : com.sec.enterprise.mdm.permission.MDM_SSO,com.samsung.android.knox.permission.KNOX_SSO
02-28 23:06:00.382  2826  2880 I EnterpriseDeviceAdminInfo: Add Granted permission : com.samsung.android.knox.permission.KNOX_DEX
02-28 23:06:00.382  2826  2880 I EnterpriseDeviceAdminInfo: Add Granted permission : com.samsung.android.knox.permission.KNOX_APN
02-28 23:06:00.382  2826  2880 I EnterpriseDeviceAdminInfo: Add Granted permission : com.samsung.android.knox.permission.KNOX_APP_MGMT
02-28 23:06:00.382  2826  2880 I EnterpriseDeviceAdminInfo: Add Granted permission : com.samsung.android.knox.permission.KNOX_BLUETOOTH
02-28 23:06:00.382  2826  2880 I EnterpriseDeviceAdminInfo: Add Granted permission : com.samsung.android.knox.permission.KNOX_BLUETOOTH_SECUREMODE
02-28 23:06:00.382  2826  2880 I EnterpriseDeviceAdminInfo: Add Granted permission : com.samsung.android.knox.permission.KNOX_BROWSER_PROXY
02-28 23:06:00.382  2826  2880 I EnterpriseDeviceAdminInfo: Add Granted permission : com.samsung.android.knox.permission.KNOX_BROWSER_SETTINGS
02-28 23:06:00.382  2826  2880 I EnterpriseDeviceAdminInfo: Add Granted permission : com.samsung.android.knox.permission.KNOX_CERT_PROVISIONING
02-28 23:06:00.382  2826  2880 I EnterpriseDeviceAdminInfo: Add Granted permission : com.samsung.android.knox.permission.KNOX_CLIPBOARD
02-28 23:06:00.382  2826  2880 I EnterpriseDeviceAdminInfo: Add Granted permission : com.samsung.android.knox.permission.KNOX_DATE_TIME
02-28 23:06:00.382  2826  2880 I EnterpriseDeviceAdminInfo: Add Granted permission : com.samsung.android.knox.permission.KNOX_DUAL_SIM
02-28 23:06:00.382  2826  2880 I EnterpriseDeviceAdminInfo: Add Granted permission : com.samsung.android.knox.permission.KNOX_EMAIL
02-28 23:06:00.382  2826  2880 I EnterpriseDeviceAdminInfo: Add Granted permission : com.samsung.android.knox.permission.KNOX_ENTERPRISE_DEVICE_ADMIN
02-28 23:06:00.382  2826  2880 I EnterpriseDeviceAdminInfo: Add Granted permission : com.samsung.android.knox.permission.KNOX_EXCHANGE
02-28 23:06:00.382  2826  2880 I EnterpriseDeviceAdminInfo: Add Granted permission : com.samsung.android.knox.permission.KNOX_FIREWALL
02-28 23:06:00.382  2826  2880 I EnterpriseDeviceAdminInfo: Add Granted permission : com.samsung.android.knox.permission.KNOX_GEOFENCING
02-28 23:06:00.382  2826  2880 I EnterpriseDeviceAdminInfo: Add Granted permission : com.samsung.android.knox.permission.KNOX_GLOBALPROXY
02-28 23:06:00.382  2826  2880 I EnterpriseDeviceAdminInfo: Add Granted permission : com.samsung.android.knox.permission.KNOX_HW_CONTROL
02-28 23:06:00.382  2826  2880 I EnterpriseDeviceAdminInfo: Add Granted permission : com.samsung.android.knox.permission.KNOX_INVENTORY
02-28 23:06:00.382  2826  2880 I EnterpriseDeviceAdminInfo: Add Granted permission : com.samsung.android.knox.permission.KNOX_KIOSK_MODE
02-28 23:06:00.382  2826  2880 I EnterpriseDeviceAdminInfo: Add Granted permission : com.samsung.android.knox.permission.KNOX_LDAP
02-28 23:06:00.382  2826  2880 I EnterpriseDeviceAdminInfo: Add Granted permission : com.samsung.android.knox.permission.KNOX_LICENSE_LOG
02-28 23:06:00.382  2826  2880 I EnterpriseDeviceAdminInfo: Add Granted permission : com.samsung.android.knox.permission.KNOX_LOCATION
02-28 23:06:00.382  2826  2880 I EnterpriseDeviceAdminInfo: Add Granted permission : com.samsung.android.knox.permission.KNOX_LOCKSCREEN
02-28 23:06:00.382  2826  2880 I EnterpriseDeviceAdminInfo: Add Granted permission : com.samsung.android.knox.permission.KNOX_MULTI_USER_MGMT
02-28 23:06:00.382  2826  2880 I EnterpriseDeviceAdminInfo: Add Granted permission : com.samsung.android.knox.permission.KNOX_PHONE_RESTRICTION
02-28 23:06:00.382  2826  2880 I EnterpriseDeviceAdminInfo: Add Granted permission : com.samsung.android.knox.permission.KNOX_REMOTE_CONTROL
02-28 23:06:00.382  2826  2880 I EnterpriseDeviceAdminInfo: Add Granted permission : com.samsung.android.knox.permission.KNOX_RESTRICTION_MGMT
02-28 23:06:00.382  2826  2880 I EnterpriseDeviceAdminInfo: Add Granted permission : com.samsung.android.knox.permission.KNOX_ROAMING
02-28 23:06:00.382  2826  2880 I EnterpriseDeviceAdminInfo: Add Granted permission : com.samsung.android.knox.permission.KNOX_SECURITY
02-28 23:06:00.382  2826  2880 I EnterpriseDeviceAdminInfo: Add Granted permission : com.samsung.android.knox.permission.KNOX_SPDCONTROL
02-28 23:06:00.382  2826  2880 I EnterpriseDeviceAdminInfo: Add Granted permission : com.samsung.android.knox.permission.KNOX_VPN
02-28 23:06:00.382  2826  2880 I EnterpriseDeviceAdminInfo: Add Granted permission : com.samsung.android.knox.permission.KNOX_WIFI
02-28 23:06:00.382  2826  2880 I EnterpriseDeviceAdminInfo: Add Granted permission : com.sec.enterprise.knox.permission.KNOX_ATTESTATION
02-28 23:06:00.382  2826  2880 I EnterpriseDeviceAdminInfo: Add Granted permission : com.samsung.android.knox.permission.KNOX_NDA_DEVICE_SETTINGS
02-28 23:06:00.382  2826  2880 I EnterpriseDeviceAdminInfo: Add Granted permission : com.samsung.android.knox.permission.KNOX_NDA_PERIPHERAL
02-28 23:06:00.382  2826  2880 I EnterpriseDeviceAdminInfo: Add Granted permission : com.samsung.android.knox.permission.KNOX_NDA_DATA_ANALYTICS
02-28 23:06:00.382  2826  2880 I EnterpriseDeviceAdminInfo: Add Granted permission : com.samsung.android.knox.permission.KNOX_NDA_AI
02-28 23:06:00.382  2826  2880 I EnterpriseDeviceAdminInfo: Add Granted permission : com.samsung.android.knox.permission.KNOX_ENHANCED_ATTESTATION
02-28 23:06:00.382  2826  2880 I EnterpriseDeviceAdminInfo: Add Granted permission : com.samsung.android.knox.permission.KNOX_AUTHORIZATION
02-28 23:06:00.382  2826  2880 I EnterpriseDeviceAdminInfo: Add Granted permission : com.samsung.android.knox.permission.KNOX_API_ACCESS_GRANT
02-28 23:06:00.382  2826  2880 W DeviceAdminInfo: Unknown tag under uses-policies of ComponentInfo{kr.go.mnd.mmsa/kr.go.mnd.mmsa.br.BroadcastReceiverGDA_LG}: lg-wipe-app-data
02-28 23:06:00.382  2826  2880 W DeviceAdminInfo: Unknown tag under uses-policies of ComponentInfo{kr.go.mnd.mmsa/kr.go.mnd.mmsa.br.BroadcastReceiverGDA_LG}: lg-prevent-admin
02-28 23:06:00.382  2826  2880 W DeviceAdminInfo: Unknown tag under uses-policies of ComponentInfo{kr.go.mnd.mmsa/kr.go.mnd.mmsa.br.BroadcastReceiverGDA_LG}: lg-disable-usb
02-28 23:06:00.382  2826  2880 W DeviceAdminInfo: Unknown tag under uses-policies of ComponentInfo{kr.go.mnd.mmsa/kr.go.mnd.mmsa.br.BroadcastReceiverGDA_LG}: lg-disable-change-system-time
02-28 23:06:00.382  2826  2880 W DeviceAdminInfo: Unknown tag under uses-policies of ComponentInfo{kr.go.mnd.mmsa/kr.go.mnd.mmsa.br.BroadcastReceiverGDA_LG}: lg-disable-multiuser
02-28 23:06:00.382  2826  2880 W DeviceAdminInfo: Unknown tag under uses-policies of ComponentInfo{kr.go.mnd.mmsa/kr.go.mnd.mmsa.br.BroadcastReceiverGDA_LG}: lg-disable-app
02-28 23:06:00.382  2826  2880 W DeviceAdminInfo: Unknown tag under uses-policies of ComponentInfo{kr.go.mnd.mmsa/kr.go.mnd.mmsa.br.BroadcastReceiverGDA_LG}: lg-turnon-device
02-28 23:06:00.382  2826  2880 W DeviceAdminInfo: Unknown tag under uses-policies of ComponentInfo{kr.go.mnd.mmsa/kr.go.mnd.mmsa.br.BroadcastReceiverGDA_LG}: lg-disable-install-app
02-28 23:06:00.382  2826  2880 W DeviceAdminInfo: Unknown tag under uses-policies of ComponentInfo{kr.go.mnd.mmsa/kr.go.mnd.mmsa.br.BroadcastReceiverGDA_LG}: lg-disable-uninstall-app
02-28 23:06:00.382  2826  2880 W DeviceAdminInfo: Unknown tag under uses-policies of ComponentInfo{kr.go.mnd.mmsa/kr.go.mnd.mmsa.br.BroadcastReceiverGDA_LG}: lg-disable-network-location-info
02-28 23:06:00.382  2826  2880 W DeviceAdminInfo: Unknown tag under uses-policies of ComponentInfo{kr.go.mnd.mmsa/kr.go.mnd.mmsa.br.BroadcastReceiverGDA_LG}: lg-disable-dev-mode
02-28 23:06:00.382  9457  9457 I DecorView: setWindowBackground: isPopOver=false color=ff121212 d=android.graphics.drawable.ColorDrawable@95c3dc9
02-28 23:06:00.383  2826  2880 V Configuration: Updating configuration, locales updated from [] to [ko_KR]
02-28 23:06:00.383  7123  7312 I M0      : limitCPUFreq:: freq = -1
02-28 23:06:00.383  2826  2880 D EnterpriseLicenseService: getPermissions() - deserializeObject
02-28 23:06:00.383  2826  2880 I EnterpriseDeviceAdminInfo: Add Granted permission : com.sec.enterprise.mdm.permission.MDM_SSO,com.samsung.android.knox.permission.KNOX_SSO
02-28 23:06:00.383  2826  2880 I EnterpriseDeviceAdminInfo: Add Granted permission : com.samsung.android.knox.permission.KNOX_DEX
02-28 23:06:00.383  2826  2880 I EnterpriseDeviceAdminInfo: Add Granted permission : com.samsung.android.knox.permission.KNOX_APN
02-28 23:06:00.383  2826  2880 I EnterpriseDeviceAdminInfo: Add Granted permission : com.samsung.android.knox.permission.KNOX_APP_MGMT
02-28 23:06:00.383  2826  2880 I EnterpriseDeviceAdminInfo: Add Granted permission : com.samsung.android.knox.permission.KNOX_BLUETOOTH
02-28 23:06:00.383  2826  2880 I EnterpriseDeviceAdminInfo: Add Granted permission : com.samsung.android.knox.permission.KNOX_BLUETOOTH_SECUREMODE
02-28 23:06:00.383  2826  2880 I EnterpriseDeviceAdminInfo: Add Granted permission : com.samsung.android.knox.permission.KNOX_BROWSER_PROXY
02-28 23:06:00.383  2826  2880 I EnterpriseDeviceAdminInfo: Add Granted permission : com.samsung.android.knox.permission.KNOX_BROWSER_SETTINGS
02-28 23:06:00.383  2826  2880 I EnterpriseDeviceAdminInfo: Add Granted permission : com.samsung.android.knox.permission.KNOX_CERT_PROVISIONING
02-28 23:06:00.383  2826  2880 I EnterpriseDeviceAdminInfo: Add Granted permission : com.samsung.android.knox.permission.KNOX_CLIPBOARD
02-28 23:06:00.383  2826  2880 I EnterpriseDeviceAdminInfo: Add Granted permission : com.samsung.android.knox.permission.KNOX_DATE_TIME
02-28 23:06:00.383  2826  2880 I EnterpriseDeviceAdminInfo: Add Granted permission : com.samsung.android.knox.permission.KNOX_DUAL_SIM
02-28 23:06:00.383  2826  2880 I EnterpriseDeviceAdminInfo: Add Granted permission : com.samsung.android.knox.permission.KNOX_EMAIL
02-28 23:06:00.383  2826  2880 I EnterpriseDeviceAdminInfo: Add Granted permission : com.samsung.android.knox.permission.KNOX_ENTERPRISE_DEVICE_ADMIN
02-28 23:06:00.383  2826  2880 I EnterpriseDeviceAdminInfo: Add Granted permission : com.samsung.android.knox.permission.KNOX_EXCHANGE
02-28 23:06:00.383  2826  2880 I EnterpriseDeviceAdminInfo: Add Granted permission : com.samsung.android.knox.permission.KNOX_FIREWALL
02-28 23:06:00.383  2826  2880 I EnterpriseDeviceAdminInfo: Add Granted permission : com.samsung.android.knox.permission.KNOX_GEOFENCING
02-28 23:06:00.383  2826  2880 I EnterpriseDeviceAdminInfo: Add Granted permission : com.samsung.android.knox.permission.KNOX_GLOBALPROXY
02-28 23:06:00.384  2826  2880 I EnterpriseDeviceAdminInfo: Add Granted permission : com.samsung.android.knox.permission.KNOX_HW_CONTROL
02-28 23:06:00.384  2826  2880 I EnterpriseDeviceAdminInfo: Add Granted permission : com.samsung.android.knox.permission.KNOX_INVENTORY
02-28 23:06:00.384  2826  2880 I EnterpriseDeviceAdminInfo: Add Granted permission : com.samsung.android.knox.permission.KNOX_KIOSK_MODE
02-28 23:06:00.384  2826  2880 I EnterpriseDeviceAdminInfo: Add Granted permission : com.samsung.android.knox.permission.KNOX_LDAP
02-28 23:06:00.384  2826  2880 I EnterpriseDeviceAdminInfo: Add Granted permission : com.samsung.android.knox.permission.KNOX_LICENSE_LOG
02-28 23:06:00.384  2826  2880 I EnterpriseDeviceAdminInfo: Add Granted permission : com.samsung.android.knox.permission.KNOX_LOCATION
02-28 23:06:00.384  2826  2880 I EnterpriseDeviceAdminInfo: Add Granted permission : com.samsung.android.knox.permission.KNOX_LOCKSCREEN
02-28 23:06:00.384  2826  2880 I EnterpriseDeviceAdminInfo: Add Granted permission : com.samsung.android.knox.permission.KNOX_MULTI_USER_MGMT
02-28 23:06:00.384  2826  2880 I EnterpriseDeviceAdminInfo: Add Granted permission : com.samsung.android.knox.permission.KNOX_PHONE_RESTRICTION
02-28 23:06:00.384  2826  2880 I EnterpriseDeviceAdminInfo: Add Granted permission : com.samsung.android.knox.permission.KNOX_REMOTE_CONTROL
02-28 23:06:00.384  2826  2880 I EnterpriseDeviceAdminInfo: Add Granted permission : com.samsung.android.knox.permission.KNOX_RESTRICTION_MGMT
02-28 23:06:00.384  2826  2880 I EnterpriseDeviceAdminInfo: Add Granted permission : com.samsung.android.knox.permission.KNOX_ROAMING
02-28 23:06:00.384  2826  2880 I EnterpriseDeviceAdminInfo: Add Granted permission : com.samsung.android.knox.permission.KNOX_SECURITY
02-28 23:06:00.384  2826  2880 I EnterpriseDeviceAdminInfo: Add Granted permission : com.samsung.android.knox.permission.KNOX_SPDCONTROL
02-28 23:06:00.384  2826  2880 I EnterpriseDeviceAdminInfo: Add Granted permission : com.samsung.android.knox.permission.KNOX_VPN
02-28 23:06:00.384  2826  2880 I EnterpriseDeviceAdminInfo: Add Granted permission : com.samsung.android.knox.permission.KNOX_WIFI
02-28 23:06:00.384  2826  2880 I EnterpriseDeviceAdminInfo: Add Granted permission : com.sec.enterprise.knox.permission.KNOX_ATTESTATION
02-28 23:06:00.384  2826  2880 I EnterpriseDeviceAdminInfo: Add Granted permission : com.samsung.android.knox.permission.KNOX_NDA_DEVICE_SETTINGS
02-28 23:06:00.384  2826  2880 I EnterpriseDeviceAdminInfo: Add Granted permission : com.samsung.android.knox.permission.KNOX_NDA_PERIPHERAL
02-28 23:06:00.384  2826  2880 I EnterpriseDeviceAdminInfo: Add Granted permission : com.samsung.android.knox.permission.KNOX_NDA_DATA_ANALYTICS
02-28 23:06:00.384  2826  2880 I EnterpriseDeviceAdminInfo: Add Granted permission : com.samsung.android.knox.permission.KNOX_NDA_AI
02-28 23:06:00.384  2826  2880 I EnterpriseDeviceAdminInfo: Add Granted permission : com.samsung.android.knox.permission.KNOX_ENHANCED_ATTESTATION
02-28 23:06:00.384  2826  2880 I EnterpriseDeviceAdminInfo: Add Granted permission : com.samsung.android.knox.permission.KNOX_AUTHORIZATION
02-28 23:06:00.384  2826  2880 I EnterpriseDeviceAdminInfo: Add Granted permission : com.samsung.android.knox.permission.KNOX_API_ACCESS_GRANT
02-28 23:06:00.384  2826  2880 D EnterpriseDeviceManagerService: isMdmAdminPresentInternal() : MDM Admin Found - kr.go.mnd.mmsa
02-28 23:06:00.384  2826  3605 I CocktailBarManagerServiceContainer: handleMessage: entry what = 5
02-28 23:06:00.384  2826  3605 I CocktailBarManagerServiceImpl: noteResumeComponent : no active host
02-28 23:06:00.385  2826  2880 D SGM:FgCheckThread: noteResumeComponent(), received pkgName: com.jjundev.oneclickeng, userId: 0
02-28 23:06:00.378  3759  3805 D ShellDesktopMode: handleRequest: TransitionRequestInfo {type=1, tid=8086, debugId=12569}
02-28 23:06:00.386  2826  3478 D SGM:FgCheckThread: onLooperPrepared(), msg: MSG_APP_RESUME, pkgName: com.jjundev.oneclickeng, userid: 0
02-28 23:06:00.386  2826  3478 D SGM:FgCheckThread: handleResume().
02-28 23:06:00.386  2826  3478 D SGM:FgCheckThread:   handleResume(). same package with Prev KILL_YOURSELF. ignore
02-28 23:06:00.386  3759  3805 V ShellDesktopMode: DesktopTasksController: handleFullscreenTaskLaunch
02-28 23:06:00.387  3759  3805 V ShellDesktopMode: DesktopTasksController: isDesktopModeShowing: hasVisibleTasks=false hasTopTransparentFullscreenTask=false
02-28 23:06:00.387  2826  4671 I ActivityManager: Changes in 99580 19 to 3, 0 to 184
02-28 23:06:00.387  3759  3805 V ShellDesktopMode: DesktopTasksController: handleRequest result=null
02-28 23:06:00.387  2826  4671 I ActivityManager: Changes in 10106 19 to 3, 0 to 184
02-28 23:06:00.388  5307  5336 V OsAgent : broadcastSystemEvent - 7
02-28 23:06:00.389  5307  5336 V OsAgent : broadcastSystemEvent - 7
02-28 23:06:00.389  2826  4330 V WindowManager: Starting Transition 12569, caller=com.android.server.wm.WindowOrganizerController.startTransition:47 com.android.server.wm.WindowOrganizerController.startTransition:1 android.window.IWindowOrganizerController$Stub.onTransact:259 
02-28 23:06:00.389  2826  4330 D BLASTSyncEngine: SyncGroup 12569: Set ready true, caller=com.android.server.wm.BLASTSyncEngine.setReady:32 com.android.server.wm.Transition.applyReady:54 com.android.server.wm.Transition.start:105 com.android.server.wm.WindowOrganizerController.startTransition:47 com.android.server.wm.WindowOrganizerController.startTransition:1 android.window.IWindowOrganizerController$Stub.onTransact:259 
02-28 23:06:00.390  2826  2881 D BLASTSyncEngine: SyncGroup 12569:  Unfinished container: ActivityRecord{54184203 u0 com.jjundev.oneclickeng/.activity.LoginActivity t8086} mSyncState=2
02-28 23:06:00.392  1866  2083 I VSyncReactor: Current= 24, Period= 120, hwcPeriod= 24
02-28 23:06:00.392  9337 19902 I Routine@Core[4.9.04.13]: ActivityWatcherListenerImpl: onResumeComponent: componentName - com.jjundev.oneclickeng, com.jjundev.oneclickeng.activity.LoginActivity, userId: 0
02-28 23:06:00.393 15969 15969 D BoundBrokerSvc: onBind: Intent { act=com.google.android.gms.measurement.START xflg=0x4 pkg=com.google.android.gms }
02-28 23:06:00.393 15969 15969 D BoundBrokerSvc: Loading bound service for intent: Intent { act=com.google.android.gms.measurement.START xflg=0x4 pkg=com.google.android.gms }
02-28 23:06:00.393  7123 22904 I SDHMS:k : handleResumeComponent : put = com.jjundev.oneclickeng, userid = 0 instanceid =46867432
02-28 23:06:00.394  9337 19902 I Routine@Core[4.9.04.13]: Pref: putSharedPrefsData: key=condition_launch_app_data_resume_pkg, data.size=72
02-28 23:06:00.395  2826  3614 D BackgroundInstallControlService: Package event received: 0
02-28 23:06:00.396  2826  3614 D BackgroundInstallControlService: Package event received: 0
02-28 23:06:00.396  2826  3614 D BackgroundInstallControlService: Package event received: 0
02-28 23:06:00.396  2826  3614 D BackgroundInstallControlService: Package event received: 0
02-28 23:06:00.396  2826  3614 D BackgroundInstallControlService: Package event received: 0
02-28 23:06:00.396  2826  3614 D BackgroundInstallControlService: Package event received: 0
02-28 23:06:00.396  2826  3614 D BackgroundInstallControlService: Package event received: 0
02-28 23:06:00.426  1866  1866 I SurfaceFlinger: [Display 0 name="기본으로 제공되는 화면"#49] setFrameRateCategory: High
02-28 23:06:00.426  1866  1866 I SurfaceFlinger: [LayerHierarchy{RequestedLayerState{ImeContainer#15 parentId=180871 relativeParentId=180871 z=1} 1 children}] RelativeParent to null
02-28 23:06:00.426  1866  1866 I SurfaceFlinger: [ActivityRecord{54184203 u0 com.jjundev.oneclickeng/.activity.LoginActivity t8086}#180903] attach to parent LayerHierarchy{RequestedLayerState{Task=8086#180806 parentId=10 z=16} 3 children}
02-28 23:06:00.428  1866  1866 I BpBinder: onLastStrongRef automatically unlinking death recipients: 
02-28 23:06:00.429  1866  1866 I LayerHistory: NavigationBar0$_3759#105 voted ExplicitCategory with category: High
02-28 23:06:00.429  1866  1866 I LayerHistory: com.jjundev.oneclickeng/com.jjundev.oneclickeng.activity.MainActivity$_9457#180873 voted ExplicitCategory with category: High
02-28 23:06:00.429  1866  1866 I LayerHistory: SGestureOverlayWindow$_4232#180855 voted ExplicitCategory with category: High
02-28 23:06:00.429  1866  1866 I LayerHistory: StatusBar$_3759#112 voted ExplicitCategory with category: High
02-28 23:06:00.429  1866  1866 I SurfaceFlinger: All layers Category Highscored - choose 120.00 Hz
02-28 23:06:00.429  2826  2880 I DisplayDeviceRepository: Display device changed render timings: "기본으로 제공되는 화면", renderFrameRate=120.00001, presentationDeadlineNanos=9233333, appVsyncOffsetNanos=8333333, frameRateOverrides=[{uid=10042 frameRateHz=120.00001}, {uid=10139 frameRateHz=120.00001}, {uid=10547 frameRateHz=120.00001}]
02-28 23:06:00.430  2826  4671 D ActivityTaskManager: startActivityAsUser: callingPid=9457, callingUid=10547, caller=com.android.server.wm.ActivityTaskManagerService.startActivity:123 android.app.IActivityTaskManager$Stub.onTransact:1493 com.android.server.wm.ActivityTaskManagerService.onTransact:1 android.os.Binder.execTransactInternal:1457 android.os.Binder.execTransact:1401 <bottom of call stack> <bottom of call stack> 
02-28 23:06:00.430  1866  1866 I HWComposer: [4630947059332006275] ActiveConfigToHWC, ID : 0
02-28 23:06:00.430  2826  2881 D BLASTSyncEngine: SyncGroup 12569:  Unfinished container: ActivityRecord{54184203 u0 com.jjundev.oneclickeng/.activity.LoginActivity t8086} mSyncState=2
02-28 23:06:00.431  4232 25899 I HoneySpace.Memory-Monitor: current state = 2, didTrim = false
02-28 23:06:00.432  1803  2058 I SDM     : HWDeviceDRM::SetDisplaySwitchMode: [DispConfigs] check hs_mode 3
02-28 23:06:00.432  2826  4671 D ActivityTaskManager: DesktopModeLaunchParamsModifier: task=null activity=null task null, skipping
02-28 23:06:00.432  1803  2058 W SDM     : HWDeviceDRM::GetSupportedBitClkRate: Requested rate not supported: 951080000
02-28 23:06:00.432  2826  4671 D ActivityTaskManager: TaskLaunchParamsModifier:task=null activity=null display-area-from-source=DefaultTaskDisplayArea_d0@91769952 display-id=0 task-display-area-windowing-mode=1 suggested-display-area=DefaultTaskDisplayArea_d0@91769952
02-28 23:06:00.432  1803  2058 I SDM     : HWDeviceDRM::SetDisplaySwitchMode: [DispConfigs] Set mode index:0 1080x2340x120xcmdHS, hs_mode(3), found_mode(0)
02-28 23:06:00.432  3759  3759 D DisplayLifecycle: updateDisplay id = 0
02-28 23:06:00.433  3759  3878 D StackScroller: onDisplayChanged for predraw skip to 2
