02-28 23:06:03.822  9457 13806 I CCodec  : [c2.android.aac.decoder] state->set(RUNNING)
02-28 23:06:03.822  1803  2058 W SDM     : HWCLayer::SetLayerType: Unsupported layer type 0
02-28 23:06:03.822  1815  2819 I QC2CompStore: Setting heap usage to system
02-28 23:06:03.822  9457 13806 I CCodecBufferChannel: [c2.android.aac.decoder#612] 4 initial input buffers available
02-28 23:06:03.823  7108  7108 W ContextImpl: Calling a method in the system process without a qualified user: android.app.ContextImpl.startService:2068 android.content.ContextWrapper.startService:872 android.content.ContextWrapper.startService:872 com.sec.android.diagmonagent.sa.receiver.CFLogReceiver.onReceive:56 android.app.ActivityThread.handleReceiver:5663 
02-28 23:06:03.823  2277 13807 D SimpleC2Component: Using output block pool with poolID 4346 => got 4346 - 0
02-28 23:06:03.826  2277 13807 D SimpleC2Component: applied 2 configUpdates => OK (0)
02-28 23:06:03.828  9457 13803 I DMCodecAdapterFactory: Creating an asynchronous MediaCodec adapter for track type video
02-28 23:06:03.830  9457 13811 I CCodec  : state->set(ALLOCATING)
02-28 23:06:03.830  9457 13812 I CCodec  : allocate(c2.qti.vp9.decoder)
02-28 23:06:03.830  9457 13812 D CCodec  : allocate(c2.qti.vp9.decoder)
02-28 23:06:03.831  2277 13807 I C2SoftAacDec: Reconfiguring decoder: 0->44100 Hz, 0->2 channels
02-28 23:06:03.831  1803  2058 W SDM     : HWCLayer::SetLayerType: Unsupported layer type 0
02-28 23:06:03.834  9457 13812 I CCodec  : setting up 'default' as default (vendor) store
02-28 23:06:03.834  1815  2819 I QC2Registry: search [c2.qti.vp9.decoder] in mEntries
02-28 23:06:03.834  1815  2819 I QC2Comp : [c2.qti.vp9.decoder] PreProcessingPipelining 1
02-28 23:06:03.834  1815  2819 I QC2Registry: search [c2.qti.vp9.decoder] in mEntries
02-28 23:06:03.834  1815  2819 W QC2Comp : [c2.qti.vp9.decoder] mismatched libqcodec2_utils.so. Actual: Thu Apr 3 06:25:41 2025 -0700 vs Expected: Wed Jul 16 07:08:51 2025 -0700
02-28 23:06:03.835  1815  2819 E QC2ImgTxrFilterCapsHelper: Missing dependency raw.pixel-format
02-28 23:06:03.835  1815  2819 I SEC2ImageFormatFilterCapsHelper: SEC2ImageFormatFilterInputPortConfigsHelper::getParamHelper
02-28 23:06:03.835  1815  2819 E SEC2ImageFormatFilterCapsHelper: Missing dependency raw.pixel-format
02-28 23:06:03.835  1815  2819 I SEC2ImageFormatFilterCapsHelper: SEC2ImageFormatFilterOutputPortConfigsHelper::getParamHelper
02-28 23:06:03.835  1815  2819 I vendor.qti.media.c2@1.0-service: missing struct descriptor #Param::CoreIndex(--002) for field mastering of struct #Param::CoreIndex(--180a)
02-28 23:06:03.835  1815  2819 I vendor.qti.media.c2@1.0-service: missing struct descriptor #Param::CoreIndex(-V8002) for field portConfigs of struct #Param::CoreIndex(FV1a100)
02-28 23:06:03.835  1815  2819 I vendor.qti.media.c2@1.0-service: missing struct descriptor #Param::CoreIndex(-V8002) for field portConfigs of struct #Param::CoreIndex(FV19100)
02-28 23:06:03.835  1815  2819 I vendor.qti.media.c2@1.0-service: missing struct descriptor #Param::CoreIndex(-V8002) for field portConfigs of struct #Param::CoreIndex(FV1a100)
02-28 23:06:03.835  1815  2819 I vendor.qti.media.c2@1.0-service: missing struct descriptor #Param::CoreIndex(-V8002) for field portConfigs of struct #Param::CoreIndex(FV19100)
02-28 23:06:03.835  1815  2819 I SEC2ImageFormatFilterCapsHelper: SEC2ImageFormatFilterOutputPortConfigsSetter
02-28 23:06:03.835  1815  2819 I QC2Registry: search [c2.qti.vp9.decoder] in mEntries
02-28 23:06:03.835  1815  2819 I QC2Comp : Create: Allocated component[3475] for name c2.qti.vp9.decoder : [64 bit]
02-28 23:06:03.835  1815  2819 I QC2Comp : Create Latency:1.47 ms
02-28 23:06:03.835  1815  2819 I QC2CompStore: Created component(c2.qti.vp9.decoder) id(3475)
02-28 23:06:03.835  1815  2819 I vendor.qti.media.c2@1.0-service: missing struct descriptor #Param::CoreIndex(--002) for field mastering of struct #Param::CoreIndex(--180a)
02-28 23:06:03.836  1815  2819 I vendor.qti.media.c2@1.0-service: missing struct descriptor #Param::CoreIndex(--002) for field mastering of struct #Param::CoreIndex(--180a)
02-28 23:06:03.836  1815  2819 I HDRFilterPlugin: C2StreamVendorRenderEngineHDRToneMapRequestInfoset to 0
02-28 23:06:03.836  1815  2819 E QC2Interface: Failed to query parameters
02-28 23:06:03.836  1815  2819 I HDRFilterPlugin: [IsFilteringEnabled] colorAspectReqInfo.transfer is 0
02-28 23:06:03.837  1815  1815 I QC2CompStore: Setting heap usage to system
02-28 23:06:03.837  9457 13812 I CCodec  : Created component [c2.qti.vp9.decoder] for [c2.qti.vp9.decoder]
02-28 23:06:03.837  9457 13812 I CCodec  : [c2.qti.vp9.decoder] state->set(ALLOCATED)
02-28 23:06:03.837  1815  2817 E QC2Interface: Failed to query parameters
02-28 23:06:03.837  9457 13812 D CCodecConfig: read media type: video/x-vnd.on2.vp9
02-28 23:06:03.838  1803  2058 W SDM     : HWCLayer::SetLayerType: Unsupported layer type 0
02-28 23:06:03.839  9457 13812 D ReflectedParamUpdater: extent() != 1 for single value type: output.buffers.pool-ids.values
02-28 23:06:03.839  9457 13806 D CCodecConfig: c2 config diff is   c2::u32 raw.channel-mask.value = 12
02-28 23:06:03.839  9457 13806 D CCodecBuffers: [c2.android.aac.decoder#612:Output[N]] popFromStashAndRegister: at 1000000000000us, output format changed to AMessage(what = 0x00000000) = {
02-28 23:06:03.839  9457 13806 D CCodecBuffers:   int32_t aac-drc-album-mode = 0
02-28 23:06:03.839  9457 13806 D CCodecBuffers:   int32_t aac-drc-boost-level = 127
02-28 23:06:03.839  9457 13806 D CCodecBuffers:   int32_t aac-drc-cut-level = 127
02-28 23:06:03.839  9457 13806 D CCodecBuffers:   int32_t aac-drc-effect-type = 3
02-28 23:06:03.839  9457 13806 D CCodecBuffers:   int32_t aac-drc-output-loudness = -1
02-28 23:06:03.839  9457 13806 D CCodecBuffers:   int32_t aac-encoded-target-level = -1
02-28 23:06:03.839  9457 13806 D CCodecBuffers:   int32_t aac-max-output-channel_count = 8
02-28 23:06:03.839  9457 13806 D CCodecBuffers:   int32_t aac-target-ref-level = 64
02-28 23:06:03.839  9457 13806 D CCodecBuffers:   int32_t buffer-batch-max-output-size = 0
02-28 23:06:03.839  9457 13806 D CCodecBuffers:   int32_t buffer-batch-threshold-output-size = 0
02-28 23:06:03.839  9457 13806 D CCodecBuffers:   int32_t channel-count = 2
02-28 23:06:03.839  9457 13806 D CCodecBuffers:   int32_t channel-mask = 12
02-28 23:06:03.839  9457 13806 D CCodecBuffers:   int32_t max-output-channel-count = 8
02-28 23:06:03.839  9457 13806 D CCodecBuffers:   string mime = "audio/raw"
02-28 23:06:03.839  9457 13806 D CCodecBuffers:   int32_t sample-rate = 44100
02-28 23:06:03.839  9457 13806 D CCodecBuffers:   int32_t android._config-pcm-encoding = 2
02-28 23:06:03.839  9457 13806 D CCodecBuffers: }
02-28 23:06:03.840  9457 13812 D ReflectedParamUpdater: extent() != 1 for single value type: output.subscribed-indices.values
02-28 23:06:03.842  9457 13812 D ReflectedParamUpdater: ignored struct field vendor.output.configs.portConfigs
02-28 23:06:03.842  9457 13812 D ReflectedParamUpdater: ignored struct field vendor.input.configs.portConfigs
02-28 23:06:03.843  9457 13812 D ReflectedParamUpdater: extent() != 1 for single value type: vendor.qti-ext-transcode-info-stats.stats_info
02-28 23:06:03.843  9457 13812 D ReflectedParamUpdater: ignored struct field vendor.input.configs.portConfigs
02-28 23:06:03.844  9457 13812 D ReflectedParamUpdater: ignored struct field vendor.output.configs.portConfigs
02-28 23:06:03.845  9457 13812 D CCodecConfig: ignoring local param raw.size (0xd2001800) as it is already supported
02-28 23:06:03.845  9457 13812 D CCodecConfig: ignoring local param default.color (0x5200180b) as it is already supported
02-28 23:06:03.845  9457 13812 D CCodecConfig: ignoring local param raw.hdr-static-info (0xd200180a) as it is already supported
02-28 23:06:03.845  1815  2817 E QC2Interface: Failed to query parameters
02-28 23:06:03.845  1815  2817 I HDRFilterPlugin: [IsFilteringEnabled] colorAspectReqInfo.transfer is 0
02-28 23:06:03.845  9457 13812 I CCodec  : [c2.qti.vp9.decoder] config->initialize() : 0
02-28 23:06:03.845  1815  2817 E QC2Interface: Failed to query parameters
02-28 23:06:03.845  9457 13812 I CCodecConfig: query failed after returning 19 values (BAD_INDEX)
02-28 23:06:03.846  9457 13812 D CCodecConfig: c2 config diff is Dict {
02-28 23:06:03.846  9457 13812 D CCodecConfig:   c2::i32 algo.priority.value = -1
02-28 23:06:03.846  9457 13812 D CCodecConfig:   c2::float algo.rate.value = 30
02-28 23:06:03.846  9457 13812 D CCodecConfig:   c2::u32 algo.secure-mode.value = 0
02-28 23:06:03.846  9457 13812 D CCodecConfig:   c2::float coded.frame-rate.value = 30
02-28 23:06:03.846  9457 13812 D CCodecConfig:   c2::u32 coded.pl.level = 0
02-28 23:06:03.846  9457 13812 D CCodecConfig:   c2::u32 coded.pl.profile = 28672
02-28 23:06:03.846  9457 13812 D CCodecConfig:   c2::u32 coded.vui.color.matrix = 255
02-28 23:06:03.846  9457 13812 D CCodecConfig:   c2::u32 coded.vui.color.primaries = 0
02-28 23:06:03.846  9457 13812 D CCodecConfig:   c2::u32 coded.vui.color.range = 0
02-28 23:06:03.846  9457 13812 D CCodecConfig:   c2::u32 coded.vui.color.transfer = 255
02-28 23:06:03.846  9457 13812 D CCodecConfig:   c2::u32 default.color.matrix = 0
02-28 23:06:03.846  9457 13812 D CCodecConfig:   c2::u32 default.color.primaries = 0
02-28 23:06:03.846  9457 13812 D CCodecConfig:   c2::u32 default.color.range = 0
02-28 23:06:03.846  9457 13812 D CCodecConfig:   c2::u32 default.color.transfer = 0
02-28 23:06:03.846  9457 13812 D CCodecConfig:   c2::u32 input.buffers.max-size.value = 8388608
02-28 23:06:03.846  9457 13812 D CCodecConfig:   c2::u32 input.delay.value = 0
02-28 23:06:03.846  9457 13812 D CCodecConfig:   Buffer input.hdr10-plus-info.value = {
02-28 23:06:03.846  9457 13812 D CCodecConfig:     00000000:  00                                                .
02-28 23:06:03.846  9457 13812 D CCodecConfig:   }
02-28 23:06:03.846  9457 13812 D CCodecConfig:   string input.media-type.value = "video/x-vnd.on2.vp9"
02-28 23:06:03.846  9457 13812 D CCodecConfig:   c2::u32 output.delay.value = 11
02-28 23:06:03.846  9457 13812 D CCodecConfig:   Buffer output.hdr10-plus-info.value = {
02-28 23:06:03.846  9457 13812 D CCodecConfig:   }
02-28 23:06:03.846  9457 13812 D CCodecConfig:   string output.media-type.value = "video/raw"
02-28 23:06:03.846  9457 13812 D CCodecConfig:   c2::u32 raw.color.matrix = 0
02-28 23:06:03.846  9457 13812 D CCodecConfig:   c2::u32 raw.color.primaries = 0
02-28 23:06:03.846  9457 13812 D CCodecConfig:   c2::u32 raw.color.range = 0
02-28 23:06:03.846  9457 13812 D CCodecConfig:   c2::u32 raw.colo
02-28 23:06:03.846  9457 13812 W ColorUtils: expected specified color aspects (0:0:0:0)
02-28 23:06:03.846  9457 13812 I CCodec  : [c2.qti.vp9.decoder] config->queryConfiguration()
02-28 23:06:03.846  9457 13812 I CCodec  : [c2.qti.vp9.decoder] mCallback->onComponentAllocated() IN
02-28 23:06:03.846  9457 13812 I CCodec  : [c2.qti.vp9.decoder] mCallback->onComponentAllocated() OUT
02-28 23:06:03.847  1803  2058 W SDM     : HWCLayer::SetLayerType: Unsupported layer type 0
02-28 23:06:03.847  9457 13811 I MediaCodec: MediaCodec will operate in async mode
02-28 23:06:03.847  9457 13803 E MediaCodec: Media Quality Service not found.
02-28 23:06:03.848  9457 13811 W libc    : Access denied finding property "vendor.display.enable_optimal_refresh_rate"
02-28 23:06:03.848  9457 13811 D SurfaceUtils: connecting to surface 0xb4000079490f4110, reason connectToSurface
02-28 23:06:03.848  9457 13811 I MediaCodec: [c2.qti.vp9.decoder] setting surface generation to 9683974
02-28 23:06:03.848  9457 13811 D SurfaceUtils: disconnecting from surface 0xb4000079490f4110, reason connectToSurface(reconnect)
02-28 23:06:03.848  9457 13811 D SurfaceUtils: connecting to surface 0xb4000079490f4100, reason connectToSurface(reconnect-with-listener)
02-28 23:06:03.848  9457 13812 D CCodec  : [c2.qti.vp9.decoder] buffers are bound to CCodec for this session
02-28 23:06:03.848  9457 13812 I CCodec  : appPid(9457) width(360) height(360)
02-28 23:06:03.848  9457 13812 D CCodecConfig: no c2 equivalents for log-session-id
02-28 23:06:03.848  9457 13812 D CCodecConfig: no c2 equivalents for importance
02-28 23:06:03.848  9457 13812 D CCodecConfig: no c2 equivalents for color-standard
02-28 23:06:03.848  9457 13812 D CCodecConfig: no c2 equivalents for native-window
02-28 23:06:03.848  9457 13812 D CCodecConfig: no c2 equivalents for native-window-generation
02-28 23:06:03.848  9457 13812 D CCodecConfig: no c2 equivalents for flags
02-28 23:06:03.848  1815  2817 E StandardCaps: max size must equal to/greater than output size
02-28 23:06:03.849  1815  2817 I SEC2ImageFormatFilterCapsHelper: SEC2ImageFormatFilterOutputPortConfigsSetter
02-28 23:06:03.849  1815  2817 E QC2Interface: Failed to query parameters
02-28 23:06:03.849  1815  2817 I HDRFilterPlugin: [IsFilteringEnabled] colorAspectReqInfo.transfer is 0
02-28 23:06:03.849  9457 13812 D CCodecConfig: c2 config diff is   c2::i32 algo.priority.value = 0
02-28 23:06:03.849  9457 13812 D CCodecConfig:   c2::u32 default.color.matrix = 1
02-28 23:06:03.849  9457 13812 D CCodecConfig:   c2::u32 default.color.primaries = 1
02-28 23:06:03.849  9457 13812 D CCodecConfig:   c2::u32 default.color.range = 2
02-28 23:06:03.849  9457 13812 D CCodecConfig:   c2::u32 default.color.transfer = 3
02-28 23:06:03.849  9457 13812 D CCodecConfig:   c2::u32 raw.max-size.height = 360
02-28 23:06:03.849  9457 13812 D CCodecConfig:   c2::u32 raw.max-size.width = 360
02-28 23:06:03.849  9457 13812 D CCodecConfig:   c2::u32 raw.size.height = 360
02-28 23:06:03.849  9457 13812 D CCodecConfig:   c2::u32 raw.size.width = 360
02-28 23:06:03.849  1815  2817 E QC2Interface: Failed to query parameters
02-28 23:06:03.849  9457 13812 W Codec2Client: query -- param skipped: index = 1107298332.
02-28 23:06:03.849  9457 13812 D CCodec  : client requested max input size 48600, which is smaller than what component recommended (8388608); overriding with component recommendation.
02-28 23:06:03.849  9457 13812 W CCodec  : This behavior is subject to change. It is recommended that app developers double check whether the requested max input size is in reasonable range.
02-28 23:06:03.849  9457 13812 D CCodec  : encoding statistics level = 0
02-28 23:06:03.849  9457 13812 D CCodec  : setup formats input: AMessage(what = 0x00000000) = {
02-28 23:06:03.849  9457 13812 D CCodec  :   int32_t feature-secure-playback = 0
02-28 23:06:03.849  9457 13812 D CCodec  :   int32_t frame-rate = 30
02-28 23:06:03.849  9457 13812 D CCodec  :   int32_t height = 360
02-28 23:06:03.849  9457 13812 D CCodec  :   int32_t max-input-size = 8388608
02-28 23:06:03.849  9457 13812 D CCodec  :   string mime = "video/x-vnd.on2.vp9"
02-28 23:06:03.849  9457 13812 D CCodec  :   int32_t priority = 0
02-28 23:06:03.849  9457 13812 D CCodec  :   int32_t profile = 1
02-28 23:06:03.849  9457 13812 D CCodec  :   int32_t width = 360
02-28 23:06:03.849  9457 13812 D CCodec  :   Rect crop(0, 0, 359, 359)
02-28 23:06:03.849  9457 13812 D CCodec  : }
02-28 23:06:03.849  9457 13812 D CCodec  : setup formats output: AMessage(what = 0x00000000) = {
02-28 23:06:03.849  9457 13812 D CCodec  :   int32_t android._color-format = 0
02-28 23:06:03.849  9457 13812 D CCodec  :   int32_t android._video-scaling = 1
02-28 23:06:03.849  9457 13812 D CCodec  :   int32_t android._dataspace = 259
02-28 23:06:03.849  9457 13812 D CCodec  :   int32_t color-standard = 4
02-28 23:06:03.849  9457 13812 D CCodec  :   int32_t color-range = 2
02-28 23:06:03.849  9457 13812 D CCodec  :   int32_t color-transfer = 3
02-28 23:06:03.849  9457 13812 D CCodec  :   int32_t sar-height = 1
02-28 23:06:03.849  9457 13812 D CCodec  :   int32_t rotation-degrees = 0
02-28 23:06:03.849  9457 13812 D CCodec  :   Buffer hdr-static-info = {
02-28 23:06:03.849  9457 13812 D CCodec  :     00000000:  00 00 00 00 00 00 00 00  00 00 00 00 00 00 00 00  ................
02-28 23:06:03.849  9457 13812 D CCodec  :     00000010:  00 00 00 00 00 00 00 00  00                       .........
02-28 23:06:03.849  9457 13812 D CCodec  :   }
02-28 23:06:03.849  9457 13812 D CCodec  :   int32_t sar-width = 1
02-28 23:06:03.849  9457 13812 D CCodec  :   Rect crop(0, 0, 359, 359)
02-28 23:06:03.849  9457 13812 D CCodec  :   int32_t width = 360
02-28 23:06:03.849  9457 13812 D CCodec  :   int32_t feature-secure-playback = 0
02-28 23:06:03.849  9457 13812 D CCodec  :   int32_t frame-rate = 30
02-28 23:06:03.849  9457 13812 D CCodec  :   Buffer hdr10-plus-info = {
02-28 23:06:03.849  9457 13812 D CCodec  :   }
02-28 23:06:03.849  9457 13812 D CCodec  :   int32_t height = 360
02-28 23:06:03.849  9457 13812 D CCodec  :   int32_t max-height = 360
02-28 23:06:03.849  9457 13812 D CCodec  :   int32_t max-width = 360
02-28 23:06:03.849  9457 13812 D CCodec  :   string mime = "video/raw"
02-28 23:06:03.849  9457 13812 D CCodec  :   int32_t priority = 0
02-28 23:06:03.849  9457 13812 D CCodec  :   int32_t color-format = 2130708361
02-28 23:06:03.849  9457 13812 D CCodec  :   int32_t p-extraBC = 6
02-28 23:06:03.849  9457 13812 D CCodec  : }
02-28 23:06:03.849  1815  2817 E QC2Interface: Failed to query parameters
02-28 23:06:03.849  9457 13812 I CCodecConfig: query failed after returning 19 values (BAD_INDEX)
02-28 23:06:03.850  1815  2817 E QC2Interface: Failed to query parameters
02-28 23:06:03.850  9457 13812 E dev.oneclickeng: Failed to query component interface for required system resources: 6
02-28 23:06:03.850  9457 13803 D MediaCodec: keep callback message for reclaim
02-28 23:06:03.850  2826  3968 D SehCodecSolutionService: updateMediaStatisticsData: (action=1@1986621044;category=2@1986621044;label=1936225849@1986621044)
02-28 23:06:03.850  2826  3968 D CodecSolution_MediaStatisticsData: MediaStatisticsData: action=1@1986621044;category=2@1986621044;label=1936225849@1986621044
02-28 23:06:03.850  2826  3968 D CodecSolution_MediaStatisticsData: Category.valueOf: 2
02-28 23:06:03.850  2826  3968 D CodecSolution_MediaStatisticsData: Action.valueOf: 1
02-28 23:06:03.850  2826  3968 D CodecSolution_MediaStatisticsData: Label.valueOf: 0x73687639
02-28 23:06:03.850  2826  3968 D CodecSolution_MediaStatisticsData: category: VDEC
02-28 23:06:03.850  2826  3968 D CodecSolution_MediaStatisticsData: action: INSTANTIATE
02-28 23:06:03.850  2826  3968 D CodecSolution_MediaStatisticsData: label: SEC_HW_VP9
02-28 23:06:03.850  9457 13811 I CCodec  : [c2.qti.vp9.decoder] state->set(STARTING)
02-28 23:06:03.850  2826  2826 D SehCodecSolutionService: handleMessage : 900
02-28 23:06:03.851  1815  2817 I HDRFilterPlugin: [IsFilteringEnabled] colorAspectReqInfo.transfer is 0
02-28 23:06:03.851  2826  2826 D SehCodecSolutionService: event : VDEC
02-28 23:06:03.851  2826  2826 D CodecSolution_Logging: dma : true, feature: VDEC, extra: SEC_HW_VP9, value: -1
02-28 23:06:03.851  2826  2826 D CodecSolution_Logging: insert diagmon log
02-28 23:06:03.851  2826  2826 D CodecSolution_Logging: permission granted
02-28 23:06:03.851  2826  2826 W ContextImpl: Calling a method in the system process without a qualified user: android.app.ContextImpl.sendBroadcast:1335 vendor.samsung.frameworks.codecsolution.Logging.insertDiagmonLog:14 vendor.samsung.frameworks.codecsolution.Logging.insertLog:6 vendor.samsung.frameworks.codecsolution.Logging.insertLog:1 vendor.samsung.frameworks.codecsolution.SehCodecSolutionService$1.handleMessage:24 
02-28 23:06:03.852  1815 13813 I QC2Registry: search [c2.qti.vp9.decoder] in mEntries
02-28 23:06:03.852  1815 13813 I QC2Registry: Build pipelined codec for session
02-28 23:06:03.852  1815 13813 I QC2Registry: Getting stages for pipelined codec
02-28 23:06:03.852  1815 13813 I QC2Registry: search [c2.qti.vp9.decoder] in mEntries
02-28 23:06:03.852  1815 13813 I QC2Registry: search [c2.qti.vp9.decoder] in mFactories
02-28 23:06:03.853  1815 13813 I QC2Registry: Pipelining enabled
02-28 23:06:03.853  1815 13813 I QC2Registry: Requested codec is pipelined. Create codec list
02-28 23:06:03.853  1815 13813 I QC2Registry: search [c2.qti.vp9.decoder] in mEntries
02-28 23:06:03.853  1815 13813 I QC2Registry: GetEnabledFilters for c2.qti.vp9.decoder
02-28 23:06:03.853  1815 13813 I QC2Registry: search [c2.qti.avc.decoder] in mEntries
02-28 23:06:03.853  1815 13813 I QC2Registry: search [c2.qti.avc.decoder.low_latency] in mEntries
02-28 23:06:03.853  1815 13813 I QC2Registry: search [c2.qti.avc.decoder.secure] in mEntries
02-28 23:06:03.853  1815 13813 I QC2Registry: search [c2.qti.hevc.decoder] in mEntries
02-28 23:06:03.853  1815 13813 I QC2Registry: search [c2.qti.hevc.decoder.low_latency] in mEntries
02-28 23:06:03.853  1815 13813 I QC2Registry: search [c2.qti.hevc.decoder.secure] in mEntries
02-28 23:06:03.853  1815 13813 I QC2Registry: search [c2.qti.vp9.decoder] in mEntries
02-28 23:06:03.853  1815 13813 I QC2Registry: search [c2.qti.vp9.decoder.low_latency] in mEntries
02-28 23:06:03.853  1815 13813 I QC2Registry: search [c2.qti.vp9.decoder.secure] in mEntries
02-28 23:06:03.854  1815 13813 I QC2Registry: search [c2.qti.av1.decoder] in mEntries
02-28 23:06:03.854  1815 13813 I QC2Registry: search [c2.qti.av1.decoder.low_latency] in mEntries
02-28 23:06:03.854  1815 13813 I QC2Registry: search [c2.qti.av1.decoder.secure] in mEntries
02-28 23:06:03.854  1815 13813 I QC2Registry: search [c2.qti.avc.encoder] in mEntries
02-28 23:06:03.854  1815 13813 I QC2Registry: search [c2.qti.avc.encoder.secure] in mEntries
02-28 23:06:03.854  1815 13813 I QC2Registry: search [c2.qti.hevc.encoder] in mEntries
02-28 23:06:03.854  1815 13813 I QC2Registry: search [c2.qti.hevc.encoder.secure] in mEntries
02-28 23:06:03.854  1815 13813 I QC2Registry: search [c2.qti.hevc.encoder.cq] in mEntries
02-28 23:06:03.854  1815 13813 I QC2Registry: search [c2.qti.hevc.encoder.hdr] in mEntries
02-28 23:06:03.854  1815 13813 I QC2Registry: search [c2.qti.heic.encoder] in mEntries
02-28 23:06:03.855  1815 13813 I QC2Registry: search [sec2.imageformat.filter] in mEntries
02-28 23:06:03.855  1815 13813 I QC2Registry: search [sec2.imageformat.filter] in mEntries
02-28 23:06:03.855  1815 13813 I QC2Registry: Pipeline Index = a0009102
02-28 23:06:03.855  1815 13813 I QC2Registry: Filter sec2.imageformat.filter can't be pipelined
02-28 23:06:03.855  1815 13813 I QC2Registry: Pipeline Index = a000a103
02-28 23:06:03.855  1815 13813 I QC2Registry: Filter c2.qti.filter.imagetransform can't be pipelined
02-28 23:06:03.855  1815 13813 I QC2Registry: Created 0 filters for pipelined codec c2.qti.vp9.decoder
02-28 23:06:03.855  1815 13813 I QC2Registry: search [c2.qti.vp9.decoder] in mEntries
02-28 23:06:03.856  1803  2058 W SDM     : HWCLayer::SetLayerType: Unsupported layer type 0
02-28 23:06:03.859  7108  7108 W ContextImpl: Calling a method in the system process without a qualified user: android.app.ContextImpl.startService:2068 android.content.ContextWrapper.startService:872 android.content.ContextWrapper.startService:872 com.sec.android.diagmonagent.sa.receiver.CFLogReceiver.onReceive:56 android.app.ActivityThread.handleReceiver:5663 
02-28 23:06:03.859  1815 13813 I QC2V4l2Driver: [vp9D_3475] Device /dev/video32 opened with fd: 647
02-28 23:06:03.862  1815 13813 E QC2V4l2Codec: [vp9D_3475]  ? is not a supported pixel format!
02-28 23:06:03.862  1815 13813 W QC2V4l2Codec: [vp9D_3475] unknown/unsupported param default.color index = 0x5200180B
02-28 23:06:03.862  1815 13813 W QC2V4l2Codec: [vp9D_3475] unknown/unsupported param raw.max-size index = 0x52002003
02-28 23:06:03.862  1815 13813 W QC2V4l2Codec: [vp9D_3475] unknown/unsupported param input.pipelined index = 0x80009101
02-28 23:06:03.862  1815 13813 W QC2V4l2Codec: [vp9D_3475] unknown/unsupported param input.pipelined index = 0x8000A101
02-28 23:06:03.863  1815 13813 W QC2V4l2Codec: [vp9D_3475] unknown/unsupported param input.configs index = 0x80019100
02-28 23:06:03.863  1803  2058 W SDM     : HWCLayer::SetLayerType: Unsupported layer type 0
02-28 23:06:03.864  1815 13813 W QC2V4l2Codec: [vp9D_3475] unknown/unsupported param input.configs index = 0x8001A100
02-28 23:06:03.864  1815 13813 W QC2V4l2Codec: [vp9D_3475] unknown/unsupported param output.pipelined index = 0x90009101
02-28 23:06:03.864  1815 13813 W QC2V4l2Codec: [vp9D_3475] unknown/unsupported param output.pipelined index = 0x9000A101
02-28 23:06:03.865  1815 13813 W QC2V4l2Codec: [vp9D_3475] unknown/unsupported param imgtxr filter.forcelinear index = 0x9000A102
02-28 23:06:03.865  1815 13813 W QC2V4l2Codec: [vp9D_3475] unknown/unsupported param output.configs index = 0x90019100
02-28 23:06:03.865  1815 13813 W QC2V4l2Codec: [vp9D_3475] unknown/unsupported param output.configs index = 0x9001A100
02-28 23:06:03.866  1815 13813 W QC2V4l2Codec: [vp9D_3475] unknown/unsupported param qti-ext-imageformat-filter-enabled index = 0xA0009102
02-28 23:06:03.866  1815 13813 W QC2V4l2Codec: [vp9D_3475] unknown/unsupported param qti-ext-imageformat-filter-config-tagetNit index = 0xA0009106
02-28 23:06:03.866  1815 13813 W QC2V4l2Codec: [vp9D_3475] unknown/unsupported param imgtxr filter.enabled index = 0xA000A103
02-28 23:06:03.866  1815 13813 W QC2V4l2Codec: [vp9D_3475] unknown/unsupported param input.buffers.max-size index = 0xC200081E
02-28 23:06:03.869  1815 13813 D BufferPoolAccessor2.0: bufferpool2 0xb40000728284e428 : 21(344064 size) total buffers - 21(344064 size) used buffers - 0/21 (recycle/alloc) - 0/0 (fetch/transfer)
02-28 23:06:03.869  1815 13813 D BufferPoolAccessor2.0: bufferpool2 0xb400007275429628 : 19(311296 size) total buffers - 19(311296 size) used buffers - 0/19 (recycle/alloc) - 0/0 (fetch/transfer)
02-28 23:06:03.869  1815 13813 D BufferPoolAccessor2.0: bufferpool2 0xb4000072828b8428 : 19(311296 size) total buffers - 19(311296 size) used buffers - 0/19 (recycle/alloc) - 0/0 (fetch/transfer)
02-28 23:06:03.869  1815 13813 D BufferPoolAccessor2.0: bufferpool2 0xb400007275527628 : 19(311296 size) total buffers - 19(311296 size) used buffers - 0/19 (recycle/alloc) - 0/0 (fetch/transfer)
02-28 23:06:03.869  1815 13813 D BufferPoolAccessor2.0: bufferpool2 0xb400007282927028 : 19(311296 size) total buffers - 19(311296 size) used buffers - 0/19 (recycle/alloc) - 0/0 (fetch/transfer)
02-28 23:06:03.878  1815  2817 E QC2Interface: Failed to query parameters
02-28 23:06:03.878  9457 13812 W Codec2Client: query -- param skipped: index = 1342179345.
02-28 23:06:03.878  9457 13812 W Codec2Client: query -- param skipped: index = 2415921170.
02-28 23:06:03.878  9457 13812 W Codec2Client: query -- param skipped: index = 1610614798.
02-28 23:06:03.878  1815  2817 E QC2Interface: Failed to query parameters
02-28 23:06:03.878  9457 13812 D CCodecBufferChannel: [c2.qti.vp9.decoder#54] Query input allocators returned 0 params => BAD_INDEX (6)
02-28 23:06:03.879  9457 13812 D CCodecBufferChannel: [c2.qti.vp9.decoder#54] Created input block pool with allocatorID 16 => poolID 28 - OK (0)
02-28 23:06:03.879  9457 13812 I CCodecBufferChannel: [c2.qti.vp9.decoder#54] start: max output delay 18
02-28 23:06:03.879  1815  2817 E QC2Interface: Failed to query parameters
02-28 23:06:03.879  9457 13812 D CCodecBufferChannel: [c2.qti.vp9.decoder#54] Query output allocators returned 0 params => BAD_INDEX (6)
02-28 23:06:03.879  1815  2817 E QC2Interface: Failed to query parameters
02-28 23:06:03.879  9457 13812 D CCodecBufferChannel: [c2.qti.vp9.decoder#54] Query output surface allocator returned 0 params => BAD_INDEX (6)
02-28 23:06:03.879  9457 13812 I CCodecBufferChannel: [c2.qti.vp9.decoder#54] Created output block pool with allocatorID 18 => poolID 5702 - OK
02-28 23:06:03.880  9457 13812 D CCodecBufferChannel: [c2.qti.vp9.decoder#54] Configured output block pool ids 5702 => OK
02-28 23:06:03.880  9457 13812 D Codec2-OutputBufferQueue: remote graphic buffer migration 0/0
02-28 23:06:03.880  1815  2817 E QC2Interface: Few parameters failed to configure
02-28 23:06:03.880  9457 13812 D Codec2Client: setOutputSurface -- failed to set consumer usage (6/BAD_INDEX)
02-28 23:06:03.880  9457 13812 D Codec2Client: setOutputSurface -- generation=9683974 consumer usage=0x900
02-28 23:06:03.880  2826  7148 E TaskPersister: File error accessing recents directory (directory doesn't exist?).
02-28 23:06:03.880  2826  7148 E TaskPersister: File error accessing recents directory (directory doesn't exist?).
02-28 23:06:03.881  1815  2817 D C2BqBuffer: local generation change 9683974 , bqId: 40617505718285 migrated buffers # 0
02-28 23:06:03.881  9457 13812 D Codec2Client: Surface configure completed
02-28 23:06:03.881  9457 13812 I CCodec  : [c2.qti.vp9.decoder] state->set(RUNNING)
02-28 23:06:03.881  1815  2817 I QC2CompStore: Setting heap usage to system
02-28 23:06:03.889  9457 13812 I CCodecBufferChannel: [c2.qti.vp9.decoder#54] 4 initial input buffers available
02-28 23:06:03.889  1815  2817 E QC2Interface: Failed to query parameters
02-28 23:06:03.889  2235  2611 I ResourceManagerService: addMediaInfo pid 9457 (width 360 height 360), allocated hw codec count 6
02-28 23:06:03.890  2235  2611 I ResourceManagerService: getMediaResourceInfo (PID : 9457, clientID : -5476376626552603712, non-secure-codec/hw-video-codec:[]:1, 360x360 (fps:30) - sw codec : no, encoder : no componentName = c2.qti.vp9.decoder bitrate = 17000000)
02-28 23:06:03.890  2235  2611 I ResourceManagerService: getMediaResourceInfo (PID : 9457, clientID : -5476376626315576432, non-secure-codec/hw-video-codec:[]:1, 360x360 (fps:30) - sw codec : no, encoder : no componentName = c2.qti.vp9.decoder bitrate = 17000000)
02-28 23:06:03.890  2235  2611 I ResourceManagerService: getMediaResourceInfo (PID : 9457, clientID : -5476376626315559296, non-secure-codec/hw-video-codec:[]:1, 360x360 (fps:30) - sw codec : no, encoder : no componentName = c2.qti.vp9.decoder bitrate = 17000000)
02-28 23:06:03.890  2235  2611 I ResourceManagerService: getMediaResourceInfo (PID : 9457, clientID : -5476376621484374592, non-secure-codec/hw-video-codec:[]:1, 720x1280 (fps:30) - sw codec : no, encoder : no componentName = c2.qti.vp9.decoder bitrate = 17000000)
02-28 23:06:03.890  2235  2611 I ResourceManagerService: getMediaResourceInfo (PID : 9457, clientID : -5476376621480781872, non-secure-codec/hw-video-codec:[]:1, 360x360 (fps:30) - sw codec : no, encoder : no componentName = c2.qti.vp9.decoder bitrate = 17000000)
02-28 23:06:03.890  2235  2611 I ResourceManagerService: getMediaResourceInfo (PID : 9457, clientID : -5476376619593304816, non-secure-codec/hw-video-codec:[]:1, 360x360 (fps:30) - sw codec : no, encoder : no componentName = c2.qti.vp9.decoder bitrate = 17000000)
02-28 23:06:03.890  7123  7123 I SemMediaResourceHelper: onAdd
02-28 23:06:03.890 11230 11318 I SemMediaResourceHelper: onAdd
02-28 23:06:03.890  2235 18817 W ResourceManagerServiceUtils: Ignoring request to add new resource entry with value <= 0
02-28 23:06:03.891 11230 11318 I MultimediaHelper: (Zenith)(2.1.05) updateVideoStatus() : status is false
02-28 23:06:03.891 11230 11319 I MultimediaHelper: (Zenith)(2.1.05) handleDecoderStatusUpdated() : decoder status is updated to true
02-28 23:06:03.891  1762  1809 I HYPER-HAL: [RequestManager.cpp]releaseLocked(): Released ID : 25572004
02-28 23:06:03.891  9457 13811 I MediaCodec: setCodecState state(0), called in 6, domain 1, 1
02-28 23:06:03.892  7123  7123 I SemMediaResourceHelper: onState
02-28 23:06:03.892  1762  1809 I HYPER-HAL: [RequestManager.cpp]releaseLocked(): Released ID : 25579157
02-28 23:06:03.892  7123  7123 I SemDvfsHyPerManager: acquire hyper - TABaseBoost/7123@28, type = -999
02-28 23:06:03.892  1762  1809 I HYPER-HAL: [RequestManager.cpp]releaseLocked(): Released ID : 25586311
02-28 23:06:03.892 11230 11318 I SemMediaResourceHelper: onState
02-28 23:06:03.892 11230 11318 I MultimediaHelper: (Zenith)(2.1.05) onStateChanged() : status is false, codec state is 0
02-28 23:06:03.892 11230 11318 I MultimediaHelper: (Zenith)(2.1.05) onStateChanged() : status is false, codec state is 0
02-28 23:06:03.892 11230 11318 I MultimediaHelper: (Zenith)(2.1.05) onStateChanged() : status is false, codec state is 0
02-28 23:06:03.893 11230 11318 I MultimediaHelper: (Zenith)(2.1.05) onStateChanged() : status is false, codec state is 0
02-28 23:06:03.893 11230 11318 I MultimediaHelper: (Zenith)(2.1.05) onStateChanged() : status is false, codec state is 0
02-28 23:06:03.893 11230 11318 I MultimediaHelper: (Zenith)(2.1.05) onStateChanged() : status is false, codec state is 0
02-28 23:06:03.893 11230 11319 I MultimediaHelper: (Zenith)(2.1.05) handleCodecStatusUpdated() : codec running processes are updated
02-28 23:06:03.893  1762  1809 I HYPER-HAL: [RequestManager.cpp]acquire(): Acquired ID : 25572004  [7123 / 28]    HINT :      list : [TABoost / 1] 
02-28 23:06:03.894  1843 28181 V APM_AudioPolicyManager: selectOutput new bestOutput 13 criteria 0 100 0 0 0 0 0 2 
02-28 23:06:03.894  1843 28181 V APM_AudioPolicyManager: selectOutput new bestOutput 21 criteria 0 100 0 0 0 1 0 0 
02-28 23:06:03.894  1843 28181 V APM_AudioPolicyManager: getOutput() stream 3 selected devices {AUDIO_DEVICE_OUT_SPEAKER, @:}, output 21
02-28 23:06:03.895  1843  1973 V APM_AudioPolicyManager: selectOutput new bestOutput 13 criteria 0 100 0 0 0 0 0 2 
02-28 23:06:03.895  1843  1973 V APM_AudioPolicyManager: selectOutput new bestOutput 21 criteria 0 100 0 0 0 1 0 0 
02-28 23:06:03.895  1843  1973 V APM_AudioPolicyManager: getOutput() stream 3 selected devices {AUDIO_DEVICE_OUT_SPEAKER, @:}, output 21
02-28 23:06:03.895  1843 28181 V APM_AudioPolicyManager: selectOutput new bestOutput 13 criteria 0 100 0 0 0 0 0 2 
02-28 23:06:03.895  1843 28181 V APM_AudioPolicyManager: selectOutput new bestOutput 21 criteria 0 100 0 0 0 1 0 0 
02-28 23:06:03.895  1843 28181 V APM_AudioPolicyManager: getOutput() stream 3 selected devices {AUDIO_DEVICE_OUT_SPEAKER, @:}, output 21
02-28 23:06:03.897  1843 28181 D NativePermissionController: checkPermission: missing 1 for 10547
02-28 23:06:03.897  1843 28181 D NativePermissionController: checkPermission: missing 3 for 10547
02-28 23:06:03.897  1843 28181 D NativePermissionController: checkPermission: missing 5 for 10547
02-28 23:06:03.897  1843 28181 V APM_AudioPolicyManager: getOutputForAttrInt() attributes={ Content type: AUDIO_CONTENT_TYPE_UNKNOWN Usage: AUDIO_USAGE_MEDIA Source: AUDIO_SOURCE_INVALID Flags: 0xa00 Tags:  } stream=AUDIO_STREAM_MUSIC session 67009 selectedDeviceId 0
02-28 23:06:03.897  1843 28181 V APM_AudioPolicyManager: getOutputForAttrInt() device {AUDIO_DEVICE_OUT_SPEAKER, @:}, sampling rate 44100, format 0x1, channel mask 0x3, flags 0x8 stream AUDIO_STREAM_MUSIC
02-28 23:06:03.897  1843 28181 V APM_AudioPolicyManager: selectOutput new bestOutput 13 criteria 0 100 0 0 0 0 4 2 
02-28 23:06:03.897  1843 28181 V APM_AudioPolicyManager: selectOutput new bestOutput 21 criteria 0 100 0 0 0 1 2 0 
02-28 23:06:03.897  1843 28181 V APM_AudioPolicyManager: getOutputForAttrInt returns output 21 selectedDeviceIds 3
02-28 23:06:03.897  1843 28181 V APM_AudioPolicyManager: getOutputForAttr() returns output 21 requestedPortIds AUDIO_PORT_HANDLE_NONE selectedDeviceIds 3 for port ID 12006
02-28 23:06:03.897  1843 28181 I AudioFlinger: nonSecFlag 8, secFlag 0, outputFlags 8
02-28 23:06:03.897  1843 28181 D AudioFlinger: Client defaulted notificationFrames to 5906 for frameCount 17720
02-28 23:06:03.897  1843 28181 I AF::PthrPatchRecord: creating track with enforcement level 0
02-28 23:06:03.903  1843 28181 I AF::Track: setMixerOutConfig expectKey 202
02-28 23:06:03.903  1843 28181 I AF::Track: setMixerOutConfig select, mixer out f 5, s 48000, thread out f 4, s 48000
02-28 23:06:03.908  9457 13803 D AudioTrack: setVolume(1.000000, 1.000000) pid : 9457
02-28 23:06:03.917  1815  2817 I QC2CompStore: Setting heap usage to system
02-28 23:06:03.919  1815 13813 I QC2Buf  : use shared ref tracker
02-28 23:06:03.919  1815 13813 I QC2Buf  : Reconfig: clearing from 0 bufs. Peak mem=0 MB
02-28 23:06:03.919  1815 13813 I QC2Buf  : Reconfig: clearing from 0 bufs. Peak mem=0 MB
02-28 23:06:03.919  1815 13813 I QC2CompStore: Setting heap usage to system
02-28 23:06:03.923  1815 13819 I QC2Buf  : Reconfig: clearing from 0 bufs. Peak mem=0 MB
02-28 23:06:03.926  1815 13813 E QC2Interface: Failed to query parameters
02-28 23:06:03.927  1815 13813 I QC2Comp : [vp9D_3475] Output Format at frame 0: VENUS_NV12_UBWC 360x360
02-28 23:06:03.927  9457 13812 D CCodecConfig: c2 config diff is   c2::u32 output.delay.value = 15
02-28 23:06:03.928  9457 13812 I CCodecBufferChannel: [c2.qti.vp9.decoder#54] updating max output delay 22
02-28 23:06:03.928  9457 13812 D Codec2-OutputBufferQueue: set max dequeue count 22 from update
02-28 23:06:03.928  9457 13812 D CCodecConfig: c2 config diff is   c2::u32 raw.color.matrix = 1
02-28 23:06:03.928  9457 13812 D CCodecConfig:   c2::u32 raw.color.primaries = 1
02-28 23:06:03.928  9457 13812 D CCodecConfig:   c2::u32 raw.color.range = 2
02-28 23:06:03.928  9457 13812 D CCodecConfig:   c2::u32 raw.color.transfer = 3
02-28 23:06:03.928  9457 13812 D CCodecConfig:   c2::u32 raw.crop.height = 360
02-28 23:06:03.928  9457 13812 D CCodecConfig:   c2::u32 raw.crop.left = 0
02-28 23:06:03.928  9457 13812 D CCodecConfig:   c2::u32 raw.crop.top = 0
02-28 23:06:03.928  9457 13812 D CCodecConfig:   c2::u32 raw.crop.width = 360
02-28 23:06:03.929  9457 13812 D CCodecBuffers: [c2.qti.vp9.decoder#54:2D-Output] popFromStashAndRegister: at 1000000000000us, output format changed to AMessage(what = 0x00000000) = {
02-28 23:06:03.929  9457 13812 D CCodecBuffers:   int32_t android._color-format = 0
02-28 23:06:03.929  9457 13812 D CCodecBuffers:   int32_t android._video-scaling = 1
02-28 23:06:03.929  9457 13812 D CCodecBuffers:   int32_t android._dataspace = 260
02-28 23:06:03.929  9457 13812 D CCodecBuffers:   int32_t color-standard = 1
02-28 23:06:03.929  9457 13812 D CCodecBuffers:   int32_t color-range = 2
02-28 23:06:03.929  9457 13812 D CCodecBuffers:   int32_t color-transfer = 3
02-28 23:06:03.929  9457 13812 D CCodecBuffers:   int32_t sar-height = 1
02-28 23:06:03.929  9457 13812 D CCodecBuffers:   int32_t rotation-degrees = 0
02-28 23:06:03.929  9457 13812 D CCodecBuffers:   Buffer hdr-static-info = {
02-28 23:06:03.929  9457 13812 D CCodecBuffers:     00000000:  00 00 00 00 00 00 00 00  00 00 00 00 00 00 00 00  ................
02-28 23:06:03.929  9457 13812 D CCodecBuffers:     00000010:  00 00 00 00 00 00 00 00  00                       .........
02-28 23:06:03.929  9457 13812 D CCodecBuffers:   }
02-28 23:06:03.929  9457 13812 D CCodecBuffers:   int32_t sar-width = 1
02-28 23:06:03.929  9457 13812 D CCodecBuffers:   Rect crop(0, 0, 359, 359)
02-28 23:06:03.929  9457 13812 D CCodecBuffers:   int32_t width = 360
02-28 23:06:03.929  9457 13812 D CCodecBuffers:   int32_t feature-secure-playback = 0
02-28 23:06:03.929  9457 13812 D CCodecBuffers:   int32_t frame-rate = 30
02-28 23:06:03.929  9457 13812 D CCodecBuffers:   Buffer hdr10-plus-info = {
02-28 23:06:03.929  9457 13812 D CCodecBuffers:   }
02-28 23:06:03.929  9457 13812 D CCodecBuffers:   int32_t height = 360
02-28 23:06:03.929  9457 13812 D CCodecBuffers:   int32_t max-height = 360
02-28 23:06:03.929  9457 13812 D CCodecBuffers:   int32_t max-width = 360
02-28 23:06:03.929  9457 13812 D CCodecBuffers:   string mime = "video/raw"
02-28 23:06:03.929  9457 13812 D CCodecBuffers:   int32_t priority = 0
02-28 23:06:03.929  9457 13812 D CCodecBuffers:   int32_t color-format = 2130708361
02-28 23:06:03.929  9457 13812 D CCodecBuffers:   int32_t p-extraBC = 6
02-28 23:06:03.929  9457 13812 D CCodecBuffers: }
02-28 23:06:03.936  1815 13813 W QC2V4l2Codec: [vp9D_3475] Ignore resolution setting when o/p port is streaming
02-28 23:06:03.949  9457 10349 E BufferQueueProducer: [MediaCodec.release](id:24f10000000d,api:3,p:9457,c:9457) dequeueBuffer: waitForFreeSlotThenRelock: timeout. dequeuedCount: 23, acquiredCount: 0, mDequeueTimeout: 0
02-28 23:06:03.965  9457  9457 I DynamiteModule: Considering local module com.google.android.gms.ads.dynamite:0 and remote module com.google.android.gms.ads.dynamite:260480602
02-28 23:06:03.965  9457  9457 I DynamiteModule: Selected remote version of com.google.android.gms.ads.dynamite, version >= 260480602
02-28 23:06:03.973  9457  9457 I PlayCore: UID: [10547]  PID: [9457] PrewarmService : prewarm(com.jjundev.oneclickeng)
02-28 23:06:03.973  9457  9457 D SettingFragment: Rewarded ad loaded.
02-28 23:06:03.973  9457 10380 I PlayCore: UID: [10547]  PID: [9457] PrewarmService : Initiate binding to the service.
02-28 23:06:03.975  3730  3730 D TelephonyManager: requestModemActivityInfo: Sending result to app: ModemActivityInfo{ mTimestamp=812657402 mSleepTimeMs=563267616 mIdleTimeMs=16973420 mActivityStatsTechSpecificInfo=[{mRat=UNKNOWN,mFrequencyRange=UNKNOWN,mTxTimeMs[]=[15068219, 3248924, 1626054, 623473, 1047694],mRxTimeMs=214098169}]}
02-28 23:06:03.976  2826  3782 W ActivityManager: Unable to start service Intent { act=com.google.android.play.core.prewarm.BIND_PREWARM_SERVICE xflg=0x4 pkg=com.android.vending } U=0: not found
02-28 23:06:03.976  9457 10380 I PlayCore: UID: [10547]  PID: [9457] PrewarmService : Failed to bind to the service.
02-28 23:06:03.980  2826  3688 D NetdEventListenerService: DNS Requested by 100, 10547(com.jjundev.oneclickeng), SUCCESS, 2ms
02-28 23:06:04.001 11230 11319 I MultimediaHelper: (Zenith)(2.1.05) updateMediaRunning() : current media mode is 2
02-28 23:06:04.001 11230 11319 E MultimediaHelper: (Zenith)(2.1.05) isMusicRunning() : audio playing list is empty
02-28 23:06:04.001 11230 11318 I ShtCoreImpl: (Zenith)(2.1.05) handleMediaStateUpdated(false)/current internal val : false
02-28 23:06:04.002 11230 11318 I ShtCoreImpl: (Zenith)(2.1.05) updateRunningCondition() : setting( false ), headtracking( true ), conn( false ), media( false ), wear( false ), screen( true ), audiopath( false ), sensorsupport( true )
02-28 23:06:04.003  1843 28181 D DlbEffectContext: getParam() received parameter EFFECT_PARAM_ENABLE
02-28 23:06:04.003  1843 28181 D DlbEffectContext: getParam() received parameter EFFECT_PARAM_ENABLE
02-28 23:06:04.003  1843 28181 D DlbEffectContext: getParam() received parameter EFFECT_PARAM_ENABLE
02-28 23:06:04.003  1843 28181 D DlbEffectContext: getParam() received parameter EFFECT_PARAM_ENABLE
02-28 23:06:04.003  1843 28181 D DlbEffectContext: getParam() received parameter EFFECT_PARAM_ENABLE
02-28 23:06:04.004  1843 28181 D DlbEffectContext: getParam() received parameter EFFECT_PARAM_PROFILE
02-28 23:06:04.004  1843 28181 D DlbEffectContext: getParam() received parameter EFFECT_PARAM_PROFILE
02-28 23:06:04.005  1843 28181 D DlbEffectContext: getParam() received parameter EFFECT_PARAM_PROFILE
02-28 23:06:04.005  1843 28181 D DlbEffectContext: getParam() received parameter EFFECT_PARAM_PROFILE
02-28 23:06:04.005  1843 28181 D DlbEffectContext: getParam() received parameter EFFECT_PARAM_PROFILE
02-28 23:06:04.014 11344 11363 I SAContentProvider: getAudioPathByQuery() : requested path is unknown (-1)
02-28 23:06:04.014 11344 11363 I SAContentProvider: query() : result is 0
02-28 23:06:04.020 11230 11318 I SoundAliveHelper: (Zenith)(2.1.05) getSpatialAudioValueFromSoundAlive() : value from SoundAlive is 0
02-28 23:06:04.055  2826  2880 D SGM:GameManager: identifyForegroundApp. com.jjundev.oneclickeng, mCurrentUserId: 0, callerUserId: 0
02-28 23:06:04.056  2826  2880 D SGM:SemGameManager: isForegroundGame(), ret=false
02-28 23:06:04.070  7306  7306 I InputMethodService: removeImeSurface
02-28 23:06:04.071  7306  7306 I InputMethodService: cancelImeSurfaceRemoval: removeCallbacks
02-28 23:06:04.093  9457 10349 E BufferQueueProducer: [MediaCodec.release](id:24f10000000d,api:3,p:9457,c:9457) dequeueBuffer: waitForFreeSlotThenRelock: timeout. dequeuedCount: 23, acquiredCount: 0, mDequeueTimeout: 0
02-28 23:06:04.108  1866  2136 D DisplayModeController: setDesiredMode 4630947059332006275 {mode={fps=24.00 Hz, modePtr={id=5, vsyncRate=24.00 Hz, peakRefreshRate=24.00 Hz}}, emitEvent=false, force=false}
02-28 23:06:04.110  1807  1807 E ANDR-PERF-MPCTL: ANDR-PERF-MPCTL: internal_perf_lock_acq_verification() 385: Perflock Submit request limit reached.
02-28 23:06:04.112  1866  1866 I LayerHistory: Dim Layer for - Task=8086#180918 is animating
02-28 23:06:04.112  1866  1866 I LayerHistory: com.jjundev.oneclickeng/com.jjundev.oneclickeng.activity.MainActivity$_9457#180916 Max (can't resolve refresh rate)
02-28 23:06:04.112  1866  1866 I LayerHistory: com.jjundev.oneclickeng/com.jjundev.oneclickeng.activity.MainActivity$_9457#180906 voted ExplicitCategory with category: HighHint
02-28 23:06:04.112  1866  1866 I SurfaceFlinger: Idle - choose 24.00 Hz
02-28 23:06:04.113  1866  1866 I HWComposer: [4630947059332006275] ActiveConfigToHWC, ID : 8
02-28 23:06:04.113  1866  2083 I VSyncReactor: Current= 120, Period= 24, hwcPeriod= 120
02-28 23:06:04.114  1803  2058 W SDM     : HWCLayer::SetLayerType: Unsupported layer type 0
02-28 23:06:04.114  1803  2058 I SDM     : HWDeviceDRM::SetDisplaySwitchMode: [DispConfigs] check hs_mode 3
02-28 23:06:04.114  1803  2058 W SDM     : HWDeviceDRM::GetSupportedBitClkRate: Requested rate not supported: 951080000
02-28 23:06:04.115  1803  2058 W SDM     : HWDeviceDRM::GetSupportedBitClkRate: Requested rate not supported: 951080000
02-28 23:06:04.115  1803  2058 I SDM     : HWDeviceDRM::SetDisplaySwitchMode: [DispConfigs] Set mode index:9 1080x2340x24xcmdPHS, hs_mode(3), found_mode(1)
02-28 23:06:04.115  1803  2058 I SDM     : HWDeviceDRM::UpdateMixerAttributes: Mixer WxH 1080x2340-1 for Peripheral
02-28 23:06:04.115  1803  2058 I SDM     : HWCDisplay::SubmitDisplayConfig: Active configuration changed from config 0 to 8
02-28 23:06:04.121  1866  1866 I SurfaceFlinger: finalizeDisplayModeChange 4630947059332006275
02-28 23:06:04.122  1866  2083 I VSyncReactor: Current= 120, Period= 24, hwcPeriod= 24
02-28 23:06:04.122  1803  2058 W SDM     : HWCLayer::SetLayerType: Unsupported layer type 0
02-28 23:06:04.126  1709  5428 I vendor.qti.bluetooth@1.1-ibs_handler: ProcessIbsCmd: Received IBS_WAKE_IND: 0xFD
02-28 23:06:04.126  1709  5428 D vendor.qti.bluetooth@1.1-ibs_handler: SerialClockVote: vote for UART CLK ON
02-28 23:06:04.126  1709  5428 D vendor.qti.bluetooth@1.1-wake_lock: Acquire wakelock is acquired 
02-28 23:06:04.126  1709  5428 I vendor.qti.bluetooth@1.1-ibs_handler: ProcessIbsCmd: Writing IBS_WAKE_ACK
02-28 23:06:04.140 15969 13827 I GmscoreIpa: Starting mediastore instant index [CONTEXT service_id=255 ]
02-28 23:06:04.177  1709  5428 I vendor.qti.bluetooth@1.1-ibs_handler: ProcessIbsCmd: Received IBS_SLEEP_IND: 0xFE
02-28 23:06:04.177  1709  5428 D vendor.qti.bluetooth@1.1-ibs_handler: SerialClockVote: vote for UART CLK OFF
02-28 23:06:04.237  9457 10349 E BufferQueueProducer: [MediaCodec.release](id:24f10000000d,api:3,p:9457,c:9457) dequeueBuffer: waitForFreeSlotThenRelock: timeout. dequeuedCount: 23, acquiredCount: 0, mDequeueTimeout: 0
02-28 23:06:04.260  1709  5428 I vendor.qti.bluetooth@1.1-ibs_handler: ProcessIbsCmd: Received IBS_WAKE_IND: 0xFD
02-28 23:06:04.260  1709  5428 D vendor.qti.bluetooth@1.1-ibs_handler: SerialClockVote: vote for UART CLK ON
02-28 23:06:04.260  1709  5428 I vendor.qti.bluetooth@1.1-ibs_handler: ProcessIbsCmd: Writing IBS_WAKE_ACK
02-28 23:06:04.264  4734  5442 I ScanController: onScanResult to scannerId: 10- eventType=0x10, addressType=1, address=XX:XX:XX:XX:BE:F2, primaryPhy=1, secondaryPhy=0, advertisingSid=0xff, txPower=127, rssi=-90, periodicAdvInt=0x0
02-28 23:06:04.267 25943 12772 I NearbyConnections: Found BleAdvertisement [ 0x23 0x54 0x45 0x37 0x42 0x11 0x32 0xbf 0x96 0xd7 0xde 0xa9 0x95 0xdd 0x5e 0x7a 0xa4 0xe0 0x8e 0xfe 0xea 0x6d 0xcc ] (with EndpointId TE7B and EndpointInfo [ 0x32 0xbf 0x96 0xd7 0xde 0xa9 0x95 0xdd 0x5e 0x7a 0xa4 0xe0 0x8e 0xfe 0xea 0x6d 0xcc ])
02-28 23:06:04.277 25943 12229 I NearbySharing: NearbySharing Internal event EndpointDiscovered(endpointId=TE7B)
02-28 23:06:04.277 25943 12772 I NearbyConnections: ClientProxy(203089404 0p:com.google.android.gms.nearby.sharing) reporting onEndpointFound(TE7B)
02-28 23:06:04.278 25943 12772 I NearbyConnections: ClientProxy(203089404) reporting onEndpointDistanceChanged(TE7B, UNKNOWN)
02-28 23:06:04.301  1709  5428 I vendor.qti.bluetooth@1.1-ibs_handler: ProcessIbsCmd: Received IBS_SLEEP_IND: 0xFE
02-28 23:06:04.301  1709  5428 D vendor.qti.bluetooth@1.1-ibs_handler: SerialClockVote: vote for UART CLK OFF
02-28 23:06:04.378  1815 13813 I QC2Comp : [vp9D_3475] Stats: Pending(0) i/p-done(0) Works: Q: 9/Done 10|Work-Rate: Q(16.6/s Avg=16.6/s) Done(18.440/s Avg=18.440/s)| Stream: 30.30fps 77.7Kbps
02-28 23:06:04.378  1815 13813 I QC2Comp : [vp9D_3475] Mem-usage:  [In-1D: 5 bufs 40.000 MB] [1D-5701: 18 bufs 0.281 MB] [2D-5702: 23 bufs 5.211 MB] | Total: 45.492 MB
02-28 23:06:04.381  9457 10349 E BufferQueueProducer: [MediaCodec.release](id:24f10000000d,api:3,p:9457,c:9457) dequeueBuffer: waitForFreeSlotThenRelock: timeout. dequeuedCount: 23, acquiredCount: 0, mDequeueTimeout: 0
02-28 23:06:04.417  2826  6472 D InputDispatcher: Inject motion (13831/2000): action=0x0, time=474837425000000, f=0x0, d=0 dsdx=1.000000 dtdx=0.000000
02-28 23:06:04.418  2826  3454 I InputDispatcher: Delivering touch to (3759): action: 0x4, f=0x0, d=0, '6077073', t=1 
02-28 23:06:04.419  2826  3454 I InputDispatcher: Delivering touch to (9457): action: 0x0, f=0x0, d=0, 'd6d8611', t=1 +(-54,-653)
02-28 23:06:04.419  9457  9457 I VRI[MainActivity]@c6035ca: ViewPostIme pointer 0
02-28 23:06:04.420  9457  9457 I VRI[MainActivity]@c6035ca: call setFrameRateCategory for touch hint category=high hint, reason=touch, vri=VRI[MainActivity]@c6035ca
02-28 23:06:04.420  2826  3454 D PowerManagerService: [api] userActivityFromNative : touch displayId=0 eventTime=474837425
