02-28 23:06:04.420  1866  2136 D DisplayModeController: setDesiredMode 4630947059332006275 {mode={fps=120.00 Hz, modePtr={id=0, vsyncRate=120.00 Hz, peakRefreshRate=120.00 Hz}}, emitEvent=true, force=false}
02-28 23:06:04.421  4232  4232 I HoneySpace.GestureInputHandler: inputConsumers = [com.honeyspace.gesture.inputconsumer.InputConsumer$Companion$NO_OP$1@199e969]
02-28 23:06:04.421  4232  4232 I HoneySpace.InputSession: inputConsumers = NO_OP
02-28 23:06:04.421  2826  2878 I GestureDetector: obtain mCurrentDownEvent. id: -560234338 caller: com.android.server.wm.SystemGesturesPointerEventListener.onPointerEvent:17 com.android.server.wm.PointerEventDispatcher.onInputEvent:51 android.view.InputEventReceiver.dispatchInputEvent:392 
02-28 23:06:04.421  4232  4232 I HoneySpace.InputSession: open
02-28 23:06:04.422  2826  2878 I GestureDetector: obtain mCurrentDownEvent. id: -560234338 caller: com.android.server.wm.SystemPerformancePointerEventListener.onPointerEvent:13 com.android.server.wm.PointerEventDispatcher.onInputEvent:51 android.view.InputEventReceiver.dispatchInputEvent:392 
02-28 23:06:04.422  1866  2083 I VSyncReactor: Current= 24, Period= 120, hwcPeriod= 24
02-28 23:06:04.423  2826  6472 D InputDispatcher: Inject motion (13831/2000): action=0x1, time=474837425000000, f=0x0, d=0 dsdx=1.000000 dtdx=0.000000
02-28 23:06:04.424  1807  1807 E ANDR-PERF-MPCTL: ANDR-PERF-MPCTL: internal_perf_lock_acq_verification() 385: Perflock Submit request limit reached.
02-28 23:06:04.424  2826  3454 I InputDispatcher: Delivering touch to (9457): action: 0x1, f=0x0, d=0, 'd6d8611', t=1 +(-54,-653)
02-28 23:06:04.424  9457  9457 I VRI[MainActivity]@c6035ca: ViewPostIme pointer 1
02-28 23:06:04.425  4232  4232 I HoneySpace.GestureInputHandler: reset
02-28 23:06:04.425  4232  4232 I HoneySpace.InputSession: close
02-28 23:06:04.425  9457  9457 I WindowManager: WindowManagerGlobal#removeView, ty=2, view=com.android.internal.policy.DecorView{ac74d35 V.ED..... R....... 0,0-972,1115 aid=1073741824}[MainActivity], caller=android.view.WindowManagerGlobal.removeView:654 android.view.WindowManagerImpl.removeViewImmediate:216 android.app.Dialog.dismissDialog:850 
02-28 23:06:04.425  7123  7123 I SemDvfsHyPerManager: acquire hyper - TATouchBoost/7123@29, type = -999
02-28 23:06:04.425  9457  9457 W WindowOnBackDispatcher: sendCancelIfRunning: isInProgress=false callback=android.app.Dialog$$ExternalSyntheticLambda4@22c87b1
02-28 23:06:04.426  2826  2878 I GestureDetector: obtain mCurrentMotionEventRaw. action: 1 id: -471438191
02-28 23:06:04.426  2826  2878 I GestureDetector: obtain mCurrentMotionEventRaw. action: 1 id: -471438191
02-28 23:06:04.426  2826  6472 D CoreBackPreview: Window{d6d8611 u0 com.jjundev.oneclickeng/com.jjundev.oneclickeng.activity.MainActivity}: Setting back callback null
02-28 23:06:04.427  9457  9457 I VRI[MainActivity]@c6035ca: dispatchDetachedFromWindow
02-28 23:06:04.427  2826  6472 D InputTransport: Input channel destroyed: 'd6d8611', fd=1738
02-28 23:06:04.427  2826  6472 V WindowManager: Remove Window{d6d8611 u0 com.jjundev.oneclickeng/com.jjundev.oneclickeng.activity.MainActivity}: mSurfaceControl=Surface(name=com.jjundev.oneclickeng/com.jjundev.oneclickeng.activity.MainActivity$_9457)/@0x7384047 mAnimatingExit=false mRemoveOnExit=false mHasSurface=true surfaceShowing=true animating=false app-animation=false callers=com.android.server.wm.Session.remove:16 android.view.IWindowSession$Stub.onTransact:804 com.android.server.wm.Session.onTransact:1 android.os.Binder.execTransactInternal:1457 android.os.Binder.execTransact:1401 <bottom of call stack> 
02-28 23:06:04.428  2826  6472 I WindowManager: Reparenting to leash, surface=Surface(name=d6d8611 com.jjundev.oneclickeng/com.jjundev.oneclickeng.activity.MainActivity)/@0xcd8450, leashParent=Surface(name=ActivityRecord{218961837 u0 com.jjundev.oneclickeng/.activity.MainActivity t8086})/@0x676a051
02-28 23:06:04.428  1866  1980 I SurfaceFlinger: id=180920 createSurf, flag=24000, Surface(name=d6d8611 com.jjundev.oneclickeng/com.jjundev.oneclickeng.activity.MainActivity)/@0xcd8450 - animation-leash of window_animation#180920
02-28 23:06:04.429  1762  1809 I HYPER-HAL: [RequestManager.cpp]acquire(): Acquired ID : 25579157  [7123 / 29]    HINT :      list : [TABoost / 1] [TIMEOUT / 1500] 
02-28 23:06:04.429  7123  7123 I SemDvfsHyPerManager: acquire hyper - TA_TOUCH_SHARE/7123@30, type = -999
02-28 23:06:04.429  1762  1809 I HYPER-HAL: [RequestManager.cpp]acquire(): Acquired ID : 25586311  [7123 / 30]    HINT : TA_TOUCH_SHARE    list : [TIMEOUT / 1500] 
02-28 23:06:04.430  2826 13754 D AudioTrack: setVolume(1.000000, 1.000000) pid : 2826
02-28 23:06:04.430  2826  6472 D WindowManager: makeSurface duration=2 leash=Surface(name=Surface(name=d6d8611 com.jjundev.oneclickeng/com.jjundev.oneclickeng.activity.MainActivity)/@0xcd8450 - animation-leash of window_animation)/@0x4733074
02-28 23:06:04.430  2826  6472 D WindowManager: Changing focus from Window{d6d8611 u0 com.jjundev.oneclickeng/com.jjundev.oneclickeng.activity.MainActivity EXITING} to Window{3d04a63 u0 com.jjundev.oneclickeng/com.jjundev.oneclickeng.activity.MainActivity} displayId=0 Callers=com.android.server.wm.WindowState.removeIfPossible:602 com.android.server.wm.Session.remove:16 android.view.IWindowSession$Stub.onTransact:804 com.android.server.wm.Session.onTransact:1 
02-28 23:06:04.431  2826  6472 I WindowManager: Cancelling animation restarting=true, leash=Surface(name=Surface(name=98c5f7c StatusBar)/@0x1dd4b36 - animation-leash of insets_animation)/@0xa356de4
02-28 23:06:04.431  2826  6472 I WindowManager: Reparenting to original parent: Surface(name=WindowToken{11b54e type=2000 android.os.BinderProxy@ea2ae50})/@0x9e7aa37, destroy=false, surface=Surface(name=98c5f7c StatusBar)/@0x1dd4b36
02-28 23:06:04.431  2826  6472 I WindowManager: Reparenting to leash, surface=Surface(name=98c5f7c StatusBar)/@0x1dd4b36, leashParent=Surface(name=WindowToken{11b54e type=2000 android.os.BinderProxy@ea2ae50})/@0x9e7aa37
02-28 23:06:04.431  1866  4366 I SurfaceFlinger: id=180921 createSurf, flag=24000, Surface(name=98c5f7c StatusBar)/@0x1dd4b36 - animation-leash of insets_animation#180921
02-28 23:06:04.431  2826  6472 D WindowManager: makeSurface duration=1 leash=Surface(name=Surface(name=98c5f7c StatusBar)/@0x1dd4b36 - animation-leash of insets_animation)/@0x3a8be12
02-28 23:06:04.432  2826  6472 D InsetsSourceProvider: updateControlForTarget: control=InsetsSourceControl: {76840000 mType=statusBars initiallyVisible mSurfacePosition=Point(0, 0) mInsetsHint=Insets{left=0, top=81, right=0, bottom=0}}, target=Window{3d04a63 u0 com.jjundev.oneclickeng/com.jjundev.oneclickeng.activity.MainActivity}, from=com.android.server.wm.InsetsStateController.onControlTargetChanged:83 com.android.server.wm.InsetsPolicy.updateBarControlTarget:212 com.android.server.wm.DisplayPolicy.updateSystemBarAttributes:262 com.android.server.wm.WindowManagerService.updateFocusedWindowLocked:372 com.android.server.wm.WindowState.removeIfPossible:602 
02-28 23:06:04.432  2826  6472 I WindowManager: Cancelling animation restarting=true, leash=Surface(name=Surface(name=6077073 NavigationBar0)/@0x5aae4c2 - animation-leash of insets_animation)/@0xa295102
02-28 23:06:04.432  2826  6472 I WindowManager: Reparenting to original parent: Surface(name=WindowToken{ebb94e2 type=2019 android.os.BinderProxy@e3256c4})/@0xb82b2d3, destroy=false, surface=Surface(name=6077073 NavigationBar0)/@0x5aae4c2
02-28 23:06:04.432  2826  6472 I WindowManager: Reparenting to leash, surface=Surface(name=6077073 NavigationBar0)/@0x5aae4c2, leashParent=Surface(name=WindowToken{ebb94e2 type=2019 android.os.BinderProxy@e3256c4})/@0xb82b2d3
02-28 23:06:04.432  1866  4366 I SurfaceFlinger: id=180922 createSurf, flag=24000, Surface(name=6077073 NavigationBar0)/@0x5aae4c2 - animation-leash of insets_animation#180922
02-28 23:06:04.432  1843 28181 I AF::Track: start() situation track : stv_touch_tone
02-28 23:06:04.432  1843 28181 I AF::Track: setMixerOutConfig return default condition, mixer key 2002, thread key 2002
02-28 23:06:04.432  2826  6472 D WindowManager: makeSurface duration=1 leash=Surface(name=Surface(name=6077073 NavigationBar0)/@0x5aae4c2 - animation-leash of insets_animation)/@0x1ccdfe0
02-28 23:06:04.433  2826  6472 D InsetsSourceProvider: updateControlForTarget: control=InsetsSourceControl: {a5b80001 mType=navigationBars initiallyVisible mSurfacePosition=Point(0, 2196) mInsetsHint=Insets{left=0, top=0, right=0, bottom=0}}, target=Window{3d04a63 u0 com.jjundev.oneclickeng/com.jjundev.oneclickeng.activity.MainActivity}, from=com.android.server.wm.InsetsStateController.onControlTargetChanged:83 com.android.server.wm.InsetsPolicy.updateBarControlTarget:225 com.android.server.wm.DisplayPolicy.updateSystemBarAttributes:262 com.android.server.wm.WindowManagerService.updateFocusedWindowLocked:372 com.android.server.wm.WindowState.removeIfPossible:602 
02-28 23:06:04.433  2826  6472 V SystemKeyManager: updateFocusedWindow() is called, com.jjundev.oneclickeng/com.jjundev.oneclickeng.activity.MainActivity
02-28 23:06:04.433  2826  6472 I SystemKeyManager: requested systemKeyInfo size=1 focusedWindow=com.jjundev.oneclickeng/com.jjundev.oneclickeng.activity.MainActivity
02-28 23:06:04.433  2826  6472 I SystemKeyManager: requested systemKeyInfo size=1 focusedWindow=com.jjundev.oneclickeng/com.jjundev.oneclickeng.activity.MainActivity
02-28 23:06:04.433  2826  6472 D SurfaceComposerClient: setCornerRadius ## 3d04a63 com.jjundev.oneclickeng/com.jjundev.oneclickeng.activity.MainActivity#180905 cornerRadius=0.000000
02-28 23:06:04.433  1843 28181 V APM_AudioPolicyManager: startOutput portId 11959
02-28 23:06:04.433  1843 28181 V APM_AudioPolicyManager: startOutput() output 29, stream 1, session 66489
02-28 23:06:04.433  1843 28181 V APM_AudioPolicyManager: setBeaconMute(1) mBeaconMuteRefCount=1 mBeaconPlayingRefCount=0
02-28 23:06:04.433  2826  6472 D SurfaceComposerClient: setCornerRadius ## 3d04a63 com.jjundev.oneclickeng/com.jjundev.oneclickeng.activity.MainActivity#180905 cornerRadius=0.000000
02-28 23:06:04.434  9457  9457 D InputTransport: Input channel destroyed: 'd6d8611', fd=317
02-28 23:06:04.434  2826  2881 D SurfaceComposerClient: setCornerRadius ## 3d04a63 com.jjundev.oneclickeng/com.jjundev.oneclickeng.activity.MainActivity#180905 cornerRadius=0.000000
02-28 23:06:04.435  1843 28181 V APM_AudioPolicyManager: selectOutputForMusicEffects selected output 13
02-28 23:06:04.436  1843 28181 V APM_AudioPolicyManager: getNewOutputDevices selected devices {AUDIO_DEVICE_OUT_SPEAKER, @:}
02-28 23:06:04.436  1843 28181 V APM_AudioPolicyManager: setOutputDevices caller startSource[[portId:7][io:29, fast]] device {AUDIO_DEVICE_OUT_SPEAKER, @:} delayMs 0
02-28 23:06:04.436  1843 28181 V APM_AudioPolicyManager: setOutputDevices: caller startSource[[portId:7][io:29, fast]] suppressing checkDeviceMuteStrategies
02-28 23:06:04.436  1843 28181 V APM_AudioPolicyManager: setOutputDevices caller startSource[[portId:7][io:29, fast]] setting same device {AUDIO_DEVICE_OUT_SPEAKER, @:} or null device, force=0, patch handle=11875
02-28 23:06:04.437  1843 28181 V APM_AudioPolicyManager: checkAndSetVolume: output 29, stream 1, index 10, devices 0x2, volume 0.141254, delayMs 0, muted false
02-28 23:06:04.437  9457  9457 D JOB_J-20260216-003: Fragment switched: creditStoreFragment (2131362050)
02-28 23:06:04.439  1708 29916 I AHAL: AudioStream: out_update_source_metadata_v7: 1203: track count is 1
02-28 23:06:04.440  1708 29916 D AHAL: AudioStream: out_update_source_metadata_v7: 1247: Source metadata usage:13 content_type:0
02-28 23:06:04.440  1708 29916 D AHAL: AudioStream: SetAggregateSourceMetadata: 4475: Aggregated Source metadata usage:13 content_type:0
02-28 23:06:04.440  1843 28181 I AudioFlinger: monoMixMode[1] for haptic playback
02-28 23:06:04.440  2826  6472 W AS.PlaybackActivityMon: No piid assigned for invalid/internal port id 11959
02-28 23:06:04.440  1843  2900 I FastMixer: updateStageIndex F-29001
02-28 23:06:04.451  1709  4891 D vendor.qti.bluetooth@1.1-wake_lock: Release wakelock is released 
02-28 23:06:04.453  1849  1886 E HeatmapThread: ECT Thread time in milliseconds: 1772287564
02-28 23:06:04.455  1849  1886 D HeatmapThread: !@ batteryplugType : 2
02-28 23:06:04.455  1849  1886 D HeatmapThread: !@ batteryLevel : 42  batteryTemperature : 301 
02-28 23:06:04.455  1849  1886 D HeatmapThread: !@ Heatmap currtime: 29538126
02-28 23:06:04.455  1849  1886 D HeatmapThread: !@ Heatmap prevtime: 29538124
02-28 23:06:04.455  1849  1886 D HeatmapThread: !@ Heatmap plugstarttime: 29537995
02-28 23:06:04.455  1849  1886 D HeatmapThread: !@ Heatmap prevv_dsoh_update_time: 29538115
02-28 23:06:04.456  1849  1886 E HeatmapThread: !@ CAM New BSOH: 99
02-28 23:06:04.456  1849  1886 E HeatmapThread: !@ CAM is Working
02-28 23:06:04.456  1866  1866 I SurfaceFlinger: [com.jjundev.oneclickeng/com.jjundev.oneclickeng.activity.MainActivity$_9457#180916] setFrameRateCategory: HighHint
02-28 23:06:04.456  1866  1866 I SurfaceFlinger: [Display 0 name="기본으로 제공되는 화면"#49] setFrameRateCategory: High
02-28 23:06:04.456  1866  1866 I SurfaceFlinger: [LayerHierarchy{RequestedLayerState{ImeContainer#15 parentId=180904 relativeParentId=180905 z=1} 1 children}] RelativeParent to LayerHierarchy{RequestedLayerState{3d04a63 com.jjundev.oneclickeng/com.jjundev.oneclickeng.activity.MainActivity#180905 parentId=180904} 2 children}
02-28 23:06:04.456  1866  1866 I SurfaceFlinger: [LayerHierarchy{RequestedLayerState{6077073 NavigationBar0#91 parentId=180922} 1 children}] reparent to LayerHierarchy{RequestedLayerState{Surface(name=6077073 NavigationBar0)/@0x5aae4c2 - animation-leash of insets_animation#180922 parentId=90} 1 children}
02-28 23:06:04.456  1866  1866 I SurfaceFlinger: [LayerHierarchy{RequestedLayerState{98c5f7c StatusBar#98 parentId=180921} 1 children}] reparent to LayerHierarchy{RequestedLayerState{Surface(name=98c5f7c StatusBar)/@0x1dd4b36 - animation-leash of insets_animation#180921 parentId=97} 1 children}
02-28 23:06:04.456  1866  1866 I SurfaceFlinger: [LayerHierarchy{RequestedLayerState{Surface(name=6077073 NavigationBar0)/@0x5aae4c2 - animation-leash of insets_animation#180915} no children}] reparent to OffscreenRoot
02-28 23:06:04.456  1866  1866 I SurfaceFlinger: [LayerHierarchy{RequestedLayerState{Surface(name=6077073 NavigationBar0)/@0x5aae4c2 - animation-leash of insets_animation#180915} no children}] RelativeParent to null
02-28 23:06:04.456  1866  1866 I SurfaceFlinger: [LayerHierarchy{RequestedLayerState{d6d8611 com.jjundev.oneclickeng/com.jjundev.oneclickeng.activity.MainActivity#180913 parentId=180920 z=1} 2 children}] reparent to LayerHierarchy{RequestedLayerState{Surface(name=d6d8611 com.jjundev.oneclickeng/com.jjundev.oneclickeng.activity.MainActivity)/@0xcd8450 - animation-leash of window_animation#180920 parentId=180904 z=1} 1 children}
02-28 23:06:04.456  1866  1866 I SurfaceFlinger: [LayerHierarchy{RequestedLayerState{Surface(name=98c5f7c StatusBar)/@0x1dd4b36 - animation-leash of insets_animation#180914} no children}] reparent to OffscreenRoot
02-28 23:06:04.456  1866  1866 I SurfaceFlinger: [LayerHierarchy{RequestedLayerState{Surface(name=98c5f7c StatusBar)/@0x1dd4b36 - animation-leash of insets_animation#180914} no children}] RelativeParent to null
02-28 23:06:04.456  1866  1866 I SurfaceFlinger: [Surface(name=d6d8611 com.jjundev.oneclickeng/com.jjundev.oneclickeng.activity.MainActivity)/@0xcd8450 - animation-leash of window_animation#180920] attach to parent LayerHierarchy{RequestedLayerState{ActivityRecord{218961837 u0 com.jjundev.oneclickeng/.activity.MainActivity t8086}#180904 parentId=180806 z=2} 4 children}
02-28 23:06:04.456  1866  1866 I SurfaceFlinger: [Surface(name=98c5f7c StatusBar)/@0x1dd4b36 - animation-leash of insets_animation#180921] attach to parent LayerHierarchy{RequestedLayerState{WindowToken{11b54e type=2000 android.os.BinderProxy@ea2ae50}#97 parentId=17} 1 children}
02-28 23:06:04.456  1866  1866 I SurfaceFlinger: [Surface(name=6077073 NavigationBar0)/@0x5aae4c2 - animation-leash of insets_animation#180922] attach to parent LayerHierarchy{RequestedLayerState{WindowToken{ebb94e2 type=2019 android.os.BinderProxy@e3256c4}#90 parentId=34} 1 children}
02-28 23:06:04.458  2826  6472 I ActivityManager: Changes in 10236 19 to 3, 0 to 184
02-28 23:06:04.459  1866  1866 I LayerHistory: NavigationBar0$_3759#105 voted ExplicitCategory with category: High
02-28 23:06:04.459  1866  1866 I LayerHistory: StatusBar$_3759#112 voted ExplicitCategory with category: High
02-28 23:06:04.459  1866  1866 I LayerHistory: SGestureOverlayWindow$_4232#180855 voted ExplicitCategory with category: High
02-28 23:06:04.459  1866  1866 I LayerHistory: Dim Layer for - Task=8086#180918 voted ExplicitCategory with category: High
02-28 23:06:04.459  1866  1866 I LayerHistory: com.jjundev.oneclickeng/com.jjundev.oneclickeng.activity.MainActivity$_9457#180916 voted ExplicitCategory with category: High
02-28 23:06:04.459  1866  1866 I LayerHistory: com.jjundev.oneclickeng/com.jjundev.oneclickeng.activity.MainActivity$_9457#180906 voted ExplicitCategory with category: High
02-28 23:06:04.459  1866  1866 I SurfaceFlinger: Touch Control - choose 120.00 Hz
02-28 23:06:04.460  1866  1866 I HWComposer: [4630947059332006275] ActiveConfigToHWC, ID : 0
02-28 23:06:04.460  1866  4366 I SurfaceFlinger: id=180914 Removed Surface(name=98c5f7c StatusBar)/@0x1dd4b36 - animation-leash of insets_animation#180914 (221)
02-28 23:06:04.460  1866  4366 I SurfaceFlinger: id=180915 Removed Surface(name=6077073 NavigationBar0)/@0x5aae4c2 - animation-leash of insets_animation#180915 (221)
02-28 23:06:04.460  2826  2880 I DisplayDeviceRepository: Display device changed render timings: "기본으로 제공되는 화면", renderFrameRate=120.00001, presentationDeadlineNanos=9233333, appVsyncOffsetNanos=8333333, frameRateOverrides=[{uid=1000 frameRateHz=120.00001}, {uid=10042 frameRateHz=120.00001}, {uid=10139 frameRateHz=120.00001}, {uid=10547 frameRateHz=120.00001}]
02-28 23:06:04.461  1803  2058 W SDM     : HWCLayer::SetLayerType: Unsupported layer type 0
02-28 23:06:04.461  1803  2058 I SDM     : HWDeviceDRM::SetDisplaySwitchMode: [DispConfigs] check hs_mode 3
02-28 23:06:04.461  1803  2058 W SDM     : HWDeviceDRM::GetSupportedBitClkRate: Requested rate not supported: 951080000
02-28 23:06:04.461  1803  2058 I SDM     : HWDeviceDRM::SetDisplaySwitchMode: [DispConfigs] Set mode index:0 1080x2340x120xcmdHS, hs_mode(3), found_mode(0)
02-28 23:06:04.461  1803  2058 I SDM     : HWDeviceDRM::UpdateMixerAttributes: Mixer WxH 1080x2340-1 for Peripheral
02-28 23:06:04.461  1803  2058 I SDM     : HWCDisplay::SubmitDisplayConfig: Active configuration changed from config 8 to 0
02-28 23:06:04.462  2826  2826 D SGM:GameManager: onDisplayChanged. displyId: 0, state: 2
02-28 23:06:04.462  1843 28181 D AudioFlinger: setParameters: filtered dev setParameters keyvalue screen_state=on
02-28 23:06:04.462  2826  5232 D LiftUpHandler: [LTW] Stopped already.
02-28 23:06:04.462  1843  1973 I AF::Track: stop() situation track : stv_touch_tone
02-28 23:06:04.462  1708 29916 D AHAL: AudioDevice: SetParameters: 1799: enter
02-28 23:06:04.462  2826  2826 D AODManagerService: requestReCalToTSP IsSingleTouchMode = falserequestedReCalToTSP = false / previousDisplayState = ON
02-28 23:06:04.462  1708 29916 D AHAL: AudioVoice: VoiceSetParameters: 171: Enter
02-28 23:06:04.462  1708 29916 D AHAL: AudioVoice: VoiceSetParameters: 416: Exit ret: 0
02-28 23:06:04.462  1708 29916 D AHAL: hfp: hfp_set_parameters: 447: enter
02-28 23:06:04.462  1708 29916 D AHAL: AudioDevice: SetParameters: 1879:  - screen = on
02-28 23:06:04.462  1708 29916 I PAL: ResourceManager: setParameter: 9278: Screen State:1
02-28 23:06:04.462  1708 29916 D AHAL: AudioDevice: SetParameters: 2521: exit: screen_state=on
02-28 23:06:04.462  2826  2881 D SurfaceComposerClient: setCornerRadius ## 3d04a63 com.jjundev.oneclickeng/com.jjundev.oneclickeng.activity.MainActivity#180905 cornerRadius=0.000000
02-28 23:06:04.463  1866  2150 D SurfaceFlinger: [input] setFocusedWindow: 3d04a63 com.jjundev.oneclickeng/com.jjundev.oneclickeng.activity.MainActivity
02-28 23:06:04.464  2826  3968 D InputDispatcher: Focus left window (0): d6d8611 com.jjundev.oneclickeng/com.jjundev.oneclickeng.activity.MainActivity
02-28 23:06:04.464  1866  2083 I VSyncReactor: Current= 24, Period= 120, hwcPeriod= 120
02-28 23:06:04.464  2826  6472 D InputDispatcher: Once focus requested (0): 3d04a63 com.jjundev.oneclickeng/com.jjundev.oneclickeng.activity.MainActivity
02-28 23:06:04.464  2826  6472 D InputDispatcher: Focus entered window (0): 3d04a63 com.jjundev.oneclickeng/com.jjundev.oneclickeng.activity.MainActivity
02-28 23:06:04.464  1708 29916 I Audio_a2dpsink_hw: adev_set_parameters: kevpairs=[screen_state=on]
02-28 23:06:04.465  2826  2880 V WindowManager: Unknown focus tokens, dropping reportFocusChanged
02-28 23:06:04.465  2826  4671 D WifiDisplayAdapter: isFitToActiveDisplayLocked : false
02-28 23:06:04.466  3759  3878 D StackScroller: onDisplayChanged for predraw skip to 2
02-28 23:06:04.466  2826  3576 D AS.DesktopModeHelper: onDisplayChanged: #Id=0
02-28 23:06:04.467  3759  3759 D DisplayLifecycle: updateDisplay id = 0
02-28 23:06:04.468  4232 25899 I HoneySpace.Memory-Monitor: current state = 2, didTrim = false
02-28 23:06:04.467  5307  5336 V OsAgent : broadcastSystemEvent - 7
02-28 23:06:04.469  2826  2882 D SurfaceComposerClient: [SEC_SF_EFFECTS] setBackgroundBlurRadius ## Dim Layer for - Task=8086#180918 backgroundBlurRadius=0
02-28 23:06:04.469  2826  2882 D SurfaceComposerClient: [SEC_SF_EFFECTS] setBackgroundBlurRadius ## Dim Layer for - Task=8086#180918 backgroundBlurRadius=0
02-28 23:06:04.471  2826  3614 D BackgroundInstallControlService: Package event received: 0
02-28 23:06:04.471  2826  3614 D BackgroundInstallControlService: Package event received: 0
02-28 23:06:04.471  2826  3478 D SGM:FgCheckThread: onLooperPrepared(), msg: MSG_LCD_ON
02-28 23:06:04.480  1866  1866 I SurfaceFlinger: finalizeDisplayModeChange 4630947059332006275
02-28 23:06:04.481  1866  1866 I SurfaceFlinger: destroyed Surface(name=6077073 NavigationBar0)/@0x5aae4c2 - animation-leash of insets_animation#180915 form LifecycleManager
02-28 23:06:04.481  1866  1866 I SurfaceFlinger: destroyed Surface(name=98c5f7c StatusBar)/@0x1dd4b36 - animation-leash of insets_animation#180914 form LifecycleManager
02-28 23:06:04.481  1866  1866 I SurfaceFlinger: id=180915 onLayerDestroyed from LayerHierarchyBuilder(RequestedLayerState{Surface(name=6077073 NavigationBar0)/@0x5aae4c2 - animation-leash of insets_animation#180915 !handle})
02-28 23:06:04.481  1866  1866 I SurfaceFlinger: id=180914 onLayerDestroyed from LayerHierarchyBuilder(RequestedLayerState{Surface(name=98c5f7c StatusBar)/@0x1dd4b36 - animation-leash of insets_animation#180914 !handle})
02-28 23:06:04.481  2826  2882 D SurfaceComposerClient: [SEC_SF_EFFECTS] setBackgroundBlurRadius ## Dim Layer for - Task=8086#180918 backgroundBlurRadius=0
02-28 23:06:04.483  1866  1866 I Layer   : id=180915 Destroyed Surface(name=6077073 NavigationBar0)/@0x5aae4c2 - animation-leash of insets_animation#180915
02-28 23:06:04.483  1866  1866 I Layer   : id=180914 Destroyed Surface(name=98c5f7c StatusBar)/@0x1dd4b36 - animation-leash of insets_animation#180914
02-28 23:06:04.484  1803  2058 W SDM     : HWCLayer::SetLayerType: Unsupported layer type 0
02-28 23:06:04.484  1158  1158 D io_stats: !@   8,0 r 143577340 3008653919 w 25667609 399490920 d 3105993 278238180 f 546729 2671309 iot 48959412 0 th 0 0 0 pt 0 inp 0 0 474837.493
02-28 23:06:04.488  9457  9457 I BLASTBufferQueue_Java: update, w= 1080 h= 2340 mName = VRI[MainActivity]@f4bb401 mNativeObject= 0xb4000078fedfd000 sc.mNativeObject= 0xb400007a555b80c0 format= -1 caller= android.view.ViewRootImpl.updateBlastSurfaceIfNeeded:3574 android.view.ViewRootImpl.relayoutWindow:11685 android.view.ViewRootImpl.performTraversals:4804 android.view.ViewRootImpl.doTraversal:3924 android.view.ViewRootImpl$TraversalRunnable.run:12903 android.view.Choreographer$CallbackRecord.run:1901 
02-28 23:06:04.488  2826  3782 I WindowManager: Relayout Window{3d04a63 u0 com.jjundev.oneclickeng/com.jjundev.oneclickeng.activity.MainActivity}: viewVisibility=0 req=1080x2340 ty=1 d0
02-28 23:06:04.488  9457  9457 I VRI[MainActivity]@f4bb401: Relayout returned: old=(0,0,1080,2340) new=(0,0,1080,2340) relayoutAsync=true req=(1080,2340)0 dur=0 res=0x0 s={true 0xb400007920a30f00} ch=false seqId=0
02-28 23:06:04.488  2826  3782 D SurfaceComposerClient: setCornerRadius ## 3d04a63 com.jjundev.oneclickeng/com.jjundev.oneclickeng.activity.MainActivity#180905 cornerRadius=0.000000
02-28 23:06:04.488  9457  9457 I VRI[MainActivity]@f4bb401: registerCallbackForPendingTransactions
02-28 23:06:04.489  2826  3782 D SurfaceComposerClient: setCornerRadius ## 3d04a63 com.jjundev.oneclickeng/com.jjundev.oneclickeng.activity.MainActivity#180905 cornerRadius=0.000000
02-28 23:06:04.490  2826  3782 I WindowManager: Relayout hash=3d04a63, pid=0, syncId=-1: mAttrs={(0,0)(fillxfill) sim={adjust=resize} layoutInDisplayCutoutMode=always ty=BASE_APPLICATION wanim=0x1030317
02-28 23:06:04.490  2826  3782 I WindowManager:   fl=81810100
02-28 23:06:04.490  2826  3782 I WindowManager:   pfl=100088c0
02-28 23:06:04.490  2826  3782 I WindowManager:   bhv=1
02-28 23:06:04.490  2826  3782 I WindowManager:   fitSides=0
02-28 23:06:04.490  2826  3782 I WindowManager:   frameRateBoostOnTouch=true
02-28 23:06:04.490  2826  3782 I WindowManager:   dvrrWindowFrameRateHint=true naviIconColor=0}
02-28 23:06:04.495  9457  9991 I VRI[MainActivity]@f4bb401: mWNT: t=0xb400007a55868d00 mBlastBufferQueue=0xb4000078fedfd000 fn= 318 HdrRenderState mRenderHdrSdrRatio=1.0 caller= android.view.ViewRootImpl$10.onFrameDraw:6536 android.view.ViewRootImpl$4.onFrameDraw:2489 android.view.ThreadedRenderer$1.onFrameDraw:718 
02-28 23:06:04.496  9457  9457 I InsetsController: onStateChanged: host=com.jjundev.oneclickeng/com.jjundev.oneclickeng.activity.MainActivity, from=android.view.ViewRootImpl.onInsetsStateChanged:3026, state=InsetsState: {mDisplayFrame=Rect(0, 0 - 1080, 2340), mDisplayCutout=DisplayCutout{insets=Rect(0, 81 - 0, 0) waterfall=Insets{left=0, top=0, right=0, bottom=0} boundingRect={Bounds=[Rect(0, 0 - 0, 0), Rect(512, 0 - 568, 81), Rect(0, 0 - 0, 0), Rect(0, 0 - 0, 0)]} cutoutPathParserInfo={CutoutPathParserInfo{displayWidth=1080 displayHeight=2340 physicalDisplayWidth=1080 physicalDisplayHeight=2340 density={3.0} cutoutSpec={M 0,0 H -9.333333333333333‬ V 27 H 9.333333333333333‬ V 0 H 0 Z @dp} rotation={0} scale={1.0} physicalPixelDisplaySizeRatio={1.0}}} sideOverrides={}}, mRoundedCorners=RoundedCorners{[RoundedCorner{position=TopLeft, radius=108, center=Point(108, 108)}, RoundedCorner{position=TopRight, radius=108, center=Point(972, 108)}, RoundedCorner{position=BottomRight, radius=108, center=Point(972, 2232)}, RoundedCorner{position=BottomLeft, radius=108, center=Point(108, 2232)}]}  mRoundedCornerFrame=Rect(0, 0 - 1080, 2340), mPrivacyIndicatorBounds=PrivacyIndicatorBounds {static bounds=Rect(948, 0 - 1080, 81) rotation=0}, mDisplayShape=DisplayShape{ spec=-311912193 displayWidth=1080 displayHeight=2340 physicalPixelDisplaySizeRatio=1.0 rotation=0 offsetX=0 offsetY=0 scale=1.0}, mSources= { InsetsSource: {a5b80001 mType=navigationBars mFrame=[0,0][0,0] mVisible=true mFlags=SUPPRESS_SCRIM mSideHint=NONE mBoundingRects=null}, InsetsSource: {a5b80004 mType=systemGestures mFrame=[0,0][90,2340] mVisible=true mFlags= mSideHint=LEFT mBoundingRects=null}, InsetsSource: {a5b80005 mType=mandatorySystemGestures mFrame=[0,2244][1080,2340] mVisible=true mFlags= mSideHint=BOTTOM mBoundingRects=null}, InsetsSource: {a5b80006 mType=tappableElement mFrame=[0,0][0,0] mVisible=true mFlags= mSideHint=NONE mBoundingRects=null}, InsetsSource: {a5b80024 mType=systemGestures mFrame=[990,0][1080,2340] mVisible=true mFlags= mSideHint=RIGHT mBoundingRects=null}, InsetsSource: {27 mType=displayCutout mFrame=[0,0][1080,81] mVisible=true mFlags= mSideHint=TOP mBoundingRects=null}, InsetsSource: {76840000 mType=statusBars mFrame=[0,0][1080,81] mVisible=true mFlags= mSideHint=TOP mBoundingRects=null}, InsetsSource: {76840005 mType=mandatorySystemGestures mFrame=[0,0][1080,117] mVisible=true mFlags= mSideHint=TOP mBoundingRects=null}, InsetsSource: {76840006 mType=tappableElement mFrame=[0,0][1080,81] mVisible=true mFlags= mSideHint=TOP mBoundingRects=null} }
02-28 23:06:04.496  9457  9457 I InsetsSourceConsumer: applyRequestedVisibilityToControl: visible=true, type=statusBars, host=com.jjundev.oneclickeng/com.jjundev.oneclickeng.activity.MainActivity
02-28 23:06:04.496  9457  9457 I InsetsSourceConsumer: applyRequestedVisibilityToControl: visible=true, type=navigationBars, host=com.jjundev.oneclickeng/com.jjundev.oneclickeng.activity.MainActivity
02-28 23:06:04.498  1843  2374 V APM_AudioPolicyManager: stopOutput portId 11959
02-28 23:06:04.498  1843  2374 V APM_AudioPolicyManager: stopOutput() output 29, stream 1, session 66489
02-28 23:06:04.498  1843  2374 V APM_AudioPolicyManager: setBeaconMute(1) mBeaconMuteRefCount=0 mBeaconPlayingRefCount=0
02-28 23:06:04.499  1843  2374 V APM_AudioPolicyManager: getNewOutputDevices selected devices AUDIO_DEVICE_NONE
02-28 23:06:04.499  1803  2058 W SDM     : HWCLayer::SetLayerType: Unsupported layer type 0
02-28 23:06:04.499  1843  2374 V APM_AudioPolicyManager: setOutputDevices caller stopSource[[portId:7][io:29, fast]] device AUDIO_DEVICE_NONE delayMs 122
02-28 23:06:04.502  1843  2374 V APM_AudioPolicyManager: setOutputDevices caller stopSource[[portId:7][io:29, fast]] setting same device AUDIO_DEVICE_NONE or null device, force=0, patch handle=11875
02-28 23:06:04.503  1843  2374 V APM_AudioPolicyManager: selectOutputForMusicEffects selected output 13
02-28 23:06:04.503  9457  9457 D VRI[MainActivity]@f4bb401: mThreadedRenderer.initializeIfNeeded()#2 mSurface={isValid=true 0xb400007920a30f00}
02-28 23:06:04.504  9457  9457 D InputMethodManagerUtils: startInputInner - Id : 0
02-28 23:06:04.504  9457  9457 I InputMethodManager: startInputInner - IInputMethodManagerGlobalInvoker.startInputOrWindowGainedFocus
02-28 23:06:04.505  2826  3471 V InputMethodManagerService: startInputOrWindowGainedFocusInternalLocked: reason=WINDOW_FOCUS_GAIN client=android.os.BinderProxy@cbe743f inputContext=null editorInfo=android.view.inputmethod.EditorInfo@e328636 startInputFlags=VIEW_HAS_FOCUS|INITIAL_CONNECTION softInputMode=STATE_UNSPECIFIED|ADJUST_RESIZE windowFlags=#81810100 unverifiedTargetSdkVersion=36 bindingController=com.android.server.inputmethod.InputMethodBindingController@8283f8b imeDispatcher=android.window.ImeOnBackInvokedDispatcher@42bc937 cs=ClientState{38967f9 mUid=10547 mPid=9457 mSelfReportedDisplayId=0} imeRequestedVisible=false
02-28 23:06:04.505  2826  3471 V InputMethodManagerService: setWindowStateInner, windowToken=android.os.BinderProxy@d78e092, state=ImeTargetWindowState{ imeToken null imeFocusChanged true hasEditorFocused false requestedImeVisible false imeDisplayId 0 softInputModeState STATE_UNSPECIFIED|ADJUST_RESIZE isStartInputByGainFocus true}
02-28 23:06:04.505  2826  3471 V InputMethodManagerService: Unspecified window will hide input
02-28 23:06:04.505  2826  3471 I ImeTracker: com.jjundev.oneclickeng:dc49af5d: onRequestHide at ORIGIN_SERVER reason HIDE_UNSPECIFIED_WINDOW fromUser false
02-28 23:06:04.505  2826  3471 V InputMethodManagerService: applyImeVisibility state=6
02-28 23:06:04.505  2826  3471 D SemInputMethodManagerServiceUtil: restorePreviousUsedInputMethod : failed to return the previous ime becuase the stored info is null or do not need restore
02-28 23:06:04.505  2826  3471 V InputMethodManagerService: semComputeImeDisplayIdForTarget: displayToShowIme=0
02-28 23:06:04.505  2826  3471 V InputMethodManagerService: Creating new accessibility sessions for client ClientState{38967f9 mUid=10547 mPid=9457 mSelfReportedDisplayId=0}
02-28 23:06:04.505  2826  3471 D InputMethodManagerService: isImeSwitcherDisabledPackage : false
02-28 23:06:04.505  9457  9457 I InputMethodManager: handleMessage: setImeVisibility visible=false
02-28 23:06:04.505  9457  9457 D InsetsController: hide(ime(), fromIme=false)
02-28 23:06:04.505  2826  3471 D InputMethodManagerService: shouldShowImeSwitcherLocked : checking vis : 3
02-28 23:06:04.505  9457  9457 I ImeTracker: com.jjundev.oneclickeng:dc49af5d: onCancelled at PHASE_CLIENT_ALREADY_HIDDEN
02-28 23:06:04.505  2826  3471 D InputMethodManagerService: checkDisplayOfStartInputAndUpdateKeyboard: displayId=0, mFocusedDisplayId=0
02-28 23:06:04.505  2826  3471 D InputTransport: Input channel constructed: 'ClientS', fd=1738
02-28 23:06:04.506  7306  7306 I HBD     : HoneyBoardService onFinishInput 
02-28 23:06:04.506  7306  7306 I HBD     : a IC have been unbinding,  RemoteInputConnection{idHash=#5532eae}
02-28 23:06:04.506  7306  7306 I HBD     : HoneyBoardService [PF_CL][onFinishInput]  0 ms 
02-28 23:06:04.506  1803  2058 W SDM     : HWCLayer::SetLayerType: Unsupported layer type 0
02-28 23:06:04.506  7306  7306 I HBD     : HoneyBoardService [IMI] onStartInput - caller pid : 9457 , caller uid : 10547 
02-28 23:06:04.506  7306  7306 I HBD     : r updateConfigs 
02-28 23:06:04.506  7306  7306 I HBD     : r isEnabledNightMode : true 
02-28 23:06:04.506  7306  7306 I HBD     : a IC have been binding, RemoteInputConnection{idHash=#5532eae} 
02-28 23:06:04.506  2826  3471 D InputTransport: Input channel destroyed: 'ClientS', fd=1738
02-28 23:06:04.506  7306  7306 I HBD     : h [EditorInputType]setPrivateImeOptionsToTable privateImeOptions ( null )
02-28 23:06:04.506  7306  7306 I HBD     : b incognitoMode : false 
02-28 23:06:04.506  7306  7306 I HBD     : f needOff = true , isForceOff = false, isNullInputClass : true 
02-28 23:06:04.506  7306  7306 I HBD     : h getDefaultInputRange : UNKNOWN 
02-28 23:06:04.506  7306  7306 I HBD     : h getDefaultInputRange : UNKNOWN 
02-28 23:06:04.506  7306  7306 I HBD     : h getDefaultInputRange : UNKNOWN 
02-28 23:06:04.507  7306  7306 I HBD     : i [AiWriter] isChildBlockCase:
02-28 23:06:04.507  9457 10377 D InputTransport: Input channel constructed: 'ClientS', fd=345
02-28 23:06:04.507 10033 10044 I SamsungAccount: [AccountManagerProvider] isChildAccount
02-28 23:06:04.508 10033 10044 I SamsungAccount: [AccountManagerProvider] Calling package : android.honeyboard.
02-28 23:06:04.508  2826  3782 D RestrictionPolicy: isScreenCaptureEnabled : ret=true userId=0
02-28 23:06:04.509  2826  3782 I WindowManager: Cancelling animation restarting=true, leash=Surface(name=Surface(name=281b919 InputMethod)/@0xa4686bc - animation-leash of insets_animation)/@0xe2ba626
02-28 23:06:04.509  2826  3782 I WindowManager: Reparenting to original parent: Surface(name=WindowToken{37cca22 type=2011 android.os.Binder@8d29bed})/@0xe7cd645, destroy=false, surface=Surface(name=281b919 InputMethod)/@0xa4686bc
02-28 23:06:04.509  2826  3782 I WindowManager: Reparenting to leash, surface=Surface(name=281b919 InputMethod)/@0xa4686bc, leashParent=Surface(name=WindowToken{37cca22 type=2011 android.os.Binder@8d29bed})/@0xe7cd645
02-28 23:06:04.509  1866  4366 I SurfaceFlinger: id=180923 createSurf, flag=24004, Surface(name=281b919 InputMethod)/@0xa4686bc - animation-leash of insets_animation#180923
02-28 23:06:04.509 10033 10044 I SamsungAccount: [SignatureInfoDbHelper] searchOnUser(fromDb) - [10/lfgff][android.honeyboard.][64/3291d] => matched
02-28 23:06:04.509 10033 10044 I SamsungAccount: [AccountManagerProvider] This is the access of the allowed application
02-28 23:06:04.509 10033 10044 I SamsungAccount: [AccountManagerUtil] isSamsungAccountSignedIn : true
02-28 23:06:04.510 10033 10044 I SamsungAccount: [TPMU]  SIMState     :SIM_STATE_READY
02-28 23:06:04.510 10033 10044 I SamsungAccount: [CountryCodeUtil] isChinaCountryCode : false
02-28 23:06:04.510 31594 31620 I Finsky  : [700] com.jjundev.oneclickeng: Account from first account - [UdWkiQWMGsvltpdExoEM1HXr48G9uiOZklhYhb8npV4]
02-28 23:06:04.511 31594 31620 I Finsky  : [700] Billing preferred account via installer for com.jjundev.oneclickeng: [UdWkiQWMGsvltpdExoEM1HXr48G9uiOZklhYhb8npV4]
02-28 23:06:04.511 10033 10044 I SamsungAccount: [TPMU] getMccFromUsim
02-28 23:06:04.511 10033 10044 I SamsungAccount: [MccManager] saveMccToPreference Start
02-28 23:06:04.511 10033 10044 I SamsungAccount: [MccManager] saveMccToPreference, mcc is same with previous mcc
02-28 23:06:04.511 10033 10044 I SamsungAccount: [ChildAccountSupportedListManager] getSupportedListFromPreference from cache
02-28 23:06:04.512 10033 10044 I SamsungAccount: [TPMU]  SIMState     :SIM_STATE_READY
02-28 23:06:04.512 10033 10044 I SamsungAccount: [CountryCodeUtil] isChinaCountryCode : false
02-28 23:06:04.512  2826  3782 D WindowManager: makeSurface duration=3 leash=Surface(name=Surface(name=281b919 InputMethod)/@0xa4686bc - animation-leash of insets_animation)/@0xf69c1d3
02-28 23:06:04.512  2826  3782 D InsetsSourceProvider: updateControlForTarget: control=InsetsSourceControl: {3 mType=ime mSurfacePosition=Point(0, 81) mInsetsHint=Insets{left=0, top=0, right=0, bottom=1026}}, target=Window{3d04a63 u0 com.jjundev.oneclickeng/com.jjundev.oneclickeng.activity.MainActivity}, from=com.android.server.wm.ImeInsetsSourceProvider.updateControlForTarget:17 com.android.server.wm.InsetsStateController.onControlTargetChanged:83 com.android.server.wm.DisplayContent.updateImeControlTarget:21 com.android.server.wm.DisplayContent.updateImeInputAndControlTarget:156 com.android.server.wm.WindowManagerService$LocalService.updateInputMethodTargetWindow:64 
02-28 23:06:04.512  2826  3782 I ImeTracker: system_server:4880cf1c: onRequestHide at ORIGIN_SERVER reason IME_REQUESTED_CHANGED_LISTENER fromUser false
02-28 23:06:04.512 10033 10044 I SamsungAccount: [TPMU] getMccFromUsim
02-28 23:06:04.512 10033 10044 I SamsungAccount: [MccManager] saveMccToPreference Start
02-28 23:06:04.512 10033 10044 I SamsungAccount: [MccManager] saveMccToPreference, mcc is same with previous mcc
02-28 23:06:04.512 10033 10044 I SamsungAccount: [FamilyGroupUtil] meetKoreaCountryCondition(beforeSignUp=false): true
02-28 23:06:04.513  2826  2880 V InputMethodManagerService: Client requesting input be hidden
02-28 23:06:04.513 10033 10044 I SamsungAccount: [TPMU]  SIMState     :SIM_STATE_READY
02-28 23:06:04.513 10033 10044 I SamsungAccount: [CountryCodeUtil] isChinaCountryCode : false
02-28 23:06:04.513  2826  2880 V InputMethodManagerService: setWindowStateInner, windowToken=android.os.BinderProxy@d78e092, state=ImeTargetWindowState{ imeToken android.os.Binder@25b8409 imeFocusChanged true hasEditorFocused false requestedImeVisible false imeDisplayId 0 softInputModeState STATE_UNSPECIFIED|ADJUST_RESIZE isStartInputByGainFocus true}
02-28 23:06:04.513  2826  2881 D SurfaceComposerClient: setCornerRadius ## 3d04a63 com.jjundev.oneclickeng/com.jjundev.oneclickeng.activity.MainActivity#180905 cornerRadius=0.000000
02-28 23:06:04.513  2826  2880 I ImeTracker: system_server:4880cf1c: onCancelled at PHASE_SERVER_SHOULD_HIDE
02-28 23:06:04.513  2826  2880 V InputMethodManagerService: hideCurrentInputLocked : canceled, shouldHideSoftInput=false, mInputShown=false, mImeWindowVis=0
02-28 23:06:04.513 10033 10044 I SamsungAccount: [TPMU] getMccFromUsim
02-28 23:06:04.513 10033 10044 I SamsungAccount: [MccManager] saveMccToPreference Start
02-28 23:06:04.513 10033 10044 I SamsungAccount: [MccManager] saveMccToPreference, mcc is same with previous mcc
02-28 23:06:04.513 10033 10044 I SamsungAccount: [FamilyGroupUtil] meetKoreaOneUiCondition: true
02-28 23:06:04.513 10033 10044 I SamsungAccount: [FamilyGroupUtil] isSupportFamilyService: true
02-28 23:06:04.513 10033 10044 I SamsungAccount: [ChildAccount] isChildAccount : false
02-28 23:06:04.513 10033 10044 I SamsungAccount: [AccountManagerProvider] makeResultBundle - resultCode : 0
02-28 23:06:04.513  7306  7306 I HBD     : i [AiWriter] isChildAccount:false
02-28 23:06:04.514  1866  1866 I SurfaceFlinger: [Surface(name=281b919 InputMethod)/@0xa4686bc - animation-leash of insets_animation#180923] attach to parent LayerHierarchy{RequestedLayerState{WindowToken{37cca22 type=2011 android.os.Binder@8d29bed}#152 parentId=15} 2 children}
02-28 23:06:04.514  7306  7306 I HBD     : f needOff = true , isForceOff = false, isNullInputClass : true 
02-28 23:06:04.514  7306  7306 I HBD     : f update cached prediction status : false 
02-28 23:06:04.514  7306  7306 I HBD     : h getDefaultInputRange : UNKNOWN 
02-28 23:06:04.514  7306  7306 I HBD     : h getDefaultInputRange : UNKNOWN 
02-28 23:06:04.514  7306  7306 I HBD     : a currentState : 0 
02-28 23:06:04.514  7306  7306 I HBD     : a [UpdatePolicy] [post] a: 0 cl: 65537 kit: [0/0] vt: 0 ir: 1 
02-28 23:06:04.514  1708 29916 I AHAL: AudioStream: out_update_source_metadata_v7: 1203: track count is 0
02-28 23:06:04.514  1803  2058 W SDM     : HWCLayer::SetLayerType: Unsupported layer type 0
02-28 23:06:04.523  2826  2882 D SurfaceComposerClient: [SEC_SF_EFFECTS] setBackgroundBlurRadius ## Dim Layer for - Task=8086#180918 backgroundBlurRadius=0
02-28 23:06:04.523  7306  7306 I HBD     : a [NRIC] resetNoResponseState 
02-28 23:06:04.523  7306  7306 I HBD     : f needOff = true , isForceOff = false, isNullInputClass : true 
02-28 23:06:04.523  7306  7306 I HBD     : f update cached prediction status : false 
02-28 23:06:04.523  7306  7306 I HBD     : b [AiWriter] setContact : com.jjundev.oneclickeng
02-28 23:06:04.523  7306  7306 I HBD     : i init 
02-28 23:06:04.524  7306  7306 I HBD     : HoneyBoardService [PF_OP][onStartInput]  18 ms 
02-28 23:06:04.524  1803  2058 W SDM     : HWCLayer::SetLayerType: Unsupported layer type 0
02-28 23:06:04.526  1716  6895 I sensors-hal: handle_sns_client_event:190, auto_rotation_debug_2 mode,255, type,1,0 acc,0.134,0.158,9.815, ar,0, ver,14, pedo,1,e,1,i,3
02-28 23:06:04.527  9457 10349 E BufferQueueProducer: [MediaCodec.release](id:24f10000000d,api:3,p:9457,c:9457) dequeueBuffer: waitForFreeSlotThenRelock: timeout. dequeuedCount: 23, acquiredCount: 0, mDequeueTimeout: 0
02-28 23:06:04.530 31594 31621 I Finsky  : [701] com.jjundev.oneclickeng: Account from first account - [UdWkiQWMGsvltpdExoEM1HXr48G9uiOZklhYhb8npV4]
02-28 23:06:04.531  2826  2882 D SurfaceComposerClient: [SEC_SF_EFFECTS] setBackgroundBlurRadius ## Dim Layer for - Task=8086#180918 backgroundBlurRadius=0
02-28 23:06:04.531  1866  1866 I SurfaceFlinger: RequestedLayer [Surface(name=281b919 InputMethod)/@0[...]ion-leash of insets_animation#180923] hidden!! flag  from(1) --> to(0)
02-28 23:06:04.531  1866  1866 E SurfaceFlinger: alpha changed 1.000 -> 0.000 - Surface(name=281b919 InputMethod)/@0xa4686bc - animation-leash of insets_animation#180923
02-28 23:06:04.531  1866  1866 I SurfaceFlinger: [LayerHierarchy{RequestedLayerState{ImeContainer#15 parentId=180904 relativeParentId=180905 z=1} 1 children}] RelativeParent to LayerHierarchy{RequestedLayerState{3d04a63 com.jjundev.oneclickeng/com.jjundev.oneclickeng.activity.MainActivity#180905 parentId=180904} 2 children}
02-28 23:06:04.531  1866  1866 I SurfaceFlinger: [LayerHierarchy{RequestedLayerState{281b919 InputMethod#183 parentId=180923} no children}] reparent to LayerHierarchy{RequestedLayerState{Surface(name=281b919 InputMethod)/@0xa4686bc - animation-leash of insets_animation#180923 parentId=152} 1 children}
02-28 23:06:04.531  1866  1866 I SurfaceFlinger: [LayerHierarchy{RequestedLayerState{Surface(name=281b919 InputMethod)/@0xa4686bc - animation-leash of insets_animation#180919} no children}] reparent to OffscreenRoot
02-28 23:06:04.531  1866  1866 I SurfaceFlinger: [LayerHierarchy{RequestedLayerState{Surface(name=281b919 InputMethod)/@0xa4686bc - animation-leash of insets_animation#180919} no children}] RelativeParent to null
02-28 23:06:04.531 31594 31621 I Finsky  : [701] Billing preferred account via installer for com.jjundev.oneclickeng: [UdWkiQWMGsvltpdExoEM1HXr48G9uiOZklhYhb8npV4]
02-28 23:06:04.533  1803  2058 W SDM     : HWCLayer::SetLayerType: Unsupported layer type 0
02-28 23:06:04.533  1866  1979 I SurfaceFlinger: id=180919 Removed Surface(name=281b919 InputMethod)/@0xa4686bc - animation-leash of insets_animation#180919 (220)
02-28 23:06:04.539  2826  2882 D SurfaceComposerClient: [SEC_SF_EFFECTS] setBackgroundBlurRadius ## Dim Layer for - Task=8086#180918 backgroundBlurRadius=0
02-28 23:06:04.539  1866  1866 I SurfaceFlinger: destroyed Surface(name=281b919 InputMethod)/@0xa4686bc - animation-leash of insets_animation#180919 form LifecycleManager
02-28 23:06:04.539  1866  1866 I SurfaceFlinger: id=180919 onLayerDestroyed from LayerHierarchyBuilder(RequestedLayerState{Surface(name=281b919 InputMethod)/@0xa4686bc - animation-leash of insets_animation#180919 !handle})
02-28 23:06:04.540  1866  1866 I Layer   : id=180919 Destroyed Surface(name=281b919 InputMethod)/@0xa4686bc - animation-leash of insets_animation#180919
02-28 23:06:04.541  7306  7306 I InputMethodService: scheduleImeSurfaceRemoval: removeImeSurface is posted.
02-28 23:06:04.541  1803  2058 W SDM     : HWCLayer::SetLayerType: Unsupported layer type 0
02-28 23:06:04.542 31594   612 I Finsky  : [776] User is not an active Play Pass subscriber
02-28 23:06:04.547  2826  2882 D SurfaceComposerClient: [SEC_SF_EFFECTS] setBackgroundBlurRadius ## Dim Layer for - Task=8086#180918 backgroundBlurRadius=0
02-28 23:06:04.549  1803  2058 W SDM     : HWCLayer::SetLayerType: Unsupported layer type 0
02-28 23:06:04.555  9457 13838 I VRI[MainActivity]@f4bb401: checkThread android.view.ViewRootImpl.requestLayout:3315 android.view.View.requestLayout:29692 android.view.View.requestLayout:29692 android.view.View.requestLayout:29692 android.view.View.requestLayout:29692 android.view.View.requestLayout:29692 android.view.View.requestLayout:29692 androidx.constraintlayout.widget.ConstraintLayout.requestLayout:3605 android.view.View.requestLayout:29692 android.view.View.requestLayout:29692 android.view.View.requestLayout:29692 androidx.core.widget.NestedScrollView.requestLayout:2229 android.view.View.requestLayout:29692 android.view.View.requestLayout:29692 android.view.View.requestLayout:29692 androidx.recyclerview.widget.RecyclerView.requestLayout:4927 androidx.recyclerview.widget.RecyclerView$RecyclerViewDataObserver.onChanged:6065 androidx.recyclerview.widget.RecyclerView$AdapterDataObservable.notifyChanged:13198 androidx.recyclerview.widget.RecyclerView$Adapter.notifyDataSetChanged:8094 com.jjundev.oneclickeng.fragment.CreditStoreFragment.notifyAdapterChanged:452 
02-28 23:06:04.556  2826  2882 D SurfaceComposerClient: [SEC_SF_EFFECTS] setBackgroundBlurRadius ## Dim Layer for - Task=8086#180918 backgroundBlurRadius=0
02-28 23:06:04.557  1803  2058 W SDM     : HWCLayer::SetLayerType: Unsupported layer type 0
02-28 23:06:04.564  2826  2882 D SurfaceComposerClient: [SEC_SF_EFFECTS] setBackgroundBlurRadius ## Dim Layer for - Task=8086#180918 backgroundBlurRadius=0
02-28 23:06:04.566  1803  2058 W SDM     : HWCLayer::SetLayerType: Unsupported layer type 0
02-28 23:06:04.567  1815 10489 I QC2Comp : [vp9D_3471] Stats: Pending(19) i/p-done(19) Works: Q: 45/Done 27|Work-Rate: Q(0.0/s Avg=0.1/s) Done(0.000/s Avg=0.067/s)| Stream: 30.30fps 173.3Kbps
02-28 23:06:04.567  1815 10489 I QC2Comp : [vp9D_3471] Mem-usage:  [In-1D: 5 bufs 40.000 MB] [1D-5695: 19 bufs 0.297 MB] [2D-5696: 23 bufs 32.883 MB] | Total: 73.180 MB
02-28 23:06:04.573  2826  2882 D SurfaceComposerClient: [SEC_SF_EFFECTS] setBackgroundBlurRadius ## Dim Layer for - Task=8086#180918 backgroundBlurRadius=0
02-28 23:06:04.574  1803  2058 W SDM     : HWCLayer::SetLayerType: Unsupported layer type 0
02-28 23:06:04.581  2826  2882 D SurfaceComposerClient: [SEC_SF_EFFECTS] setBackgroundBlurRadius ## Dim Layer for - Task=8086#180918 backgroundBlurRadius=0
02-28 23:06:04.582  1803  2058 W SDM     : HWCLayer::SetLayerType: Unsupported layer type 0
02-28 23:06:04.589  2826  2882 D SurfaceComposerClient: [SEC_SF_EFFECTS] setBackgroundBlurRadius ## Dim Layer for - Task=8086#180918 backgroundBlurRadius=0
02-28 23:06:04.591  1803  2058 W SDM     : HWCLayer::SetLayerType: Unsupported layer type 0
02-28 23:06:04.596  3730  4079 D SatelliteController: isInCarrierRoamingNbIotNtn: satellite is disabled
02-28 23:06:04.597  2826  2882 D SurfaceComposerClient: [SEC_SF_EFFECTS] setBackgroundBlurRadius ## Dim Layer for - Task=8086#180918 backgroundBlurRadius=0
02-28 23:06:04.597  2826  2881 I WindowManager: Reparenting to original parent: Surface(name=ActivityRecord{218961837 u0 com.jjundev.oneclickeng/.activity.MainActivity t8086})/@0x676a051, destroy=true, surface=Surface(name=d6d8611 com.jjundev.oneclickeng/com.jjundev.oneclickeng.activity.MainActivity)/@0xcd8450
02-28 23:06:04.598  2826  2881 E WindowManager: win=Window{d6d8611 u0 com.jjundev.oneclickeng/com.jjundev.oneclickeng.activity.MainActivity EXITING} destroySurfaces: appStopped=false cleanupOnResume=false win.mWindowRemovalAllowed=true win.mRemoveOnExit=true win.mViewVisibility=0 caller=com.android.server.wm.WindowState.onExitAnimationDone:224 com.android.server.wm.WindowState.onAnimationFinished:161 com.android.server.wm.WindowContainer$$ExternalSyntheticLambda8.onAnimationFinished:3 com.android.server.wm.SurfaceAnimator$$ExternalSyntheticLambda0.onAnimationFinished:69 com.android.server.wm.LocalAnimationAdapter$$ExternalSyntheticLambda0.run:10 android.os.Handler.handleCallback:995 android.os.Handler.dispatchMessage:103 
02-28 23:06:04.598  2826  2881 D SurfaceComposerClient: setCornerRadius ## 3d04a63 com.jjundev.oneclickeng/com.jjundev.oneclickeng.activity.MainActivity#180905 cornerRadius=0.000000
02-28 23:06:04.598  2826  2881 D SurfaceComposerClient: setCornerRadius ## 3d04a63 com.jjundev.oneclickeng/com.jjundev.oneclickeng.activity.MainActivity#180905 cornerRadius=0.000000
